Component: ARM Compiler 5.06 update 6 (build 750) Tool: armlink [4d35ed]

==============================================================================

Section Cross References

    arch_main.o(i.Stack_Integrity_Check) refers to uart.o(i.uart_putchar) for uart_putchar
    arch_main.o(i.Stack_Integrity_Check) refers to boot_handlers.o(SYS_BOOT) for boot_stack_base_UNUSED
    arch_main.o(i.assert_err) refers to uart.o(i.uart_printf) for uart_printf
    arch_main.o(i.assert_err) refers to arch_main.o(.constdata) for .constdata
    arch_main.o(i.assert_param) refers to uart.o(i.uart_printf) for uart_printf
    arch_main.o(i.assert_param) refers to arch_main.o(.constdata) for .constdata
    arch_main.o(i.assert_warn) refers to uart.o(i.uart_printf) for uart_printf
    arch_main.o(i.assert_warn) refers to arch_main.o(.constdata) for .constdata
    arch_main.o(i.bdaddr_env_init) refers to tuya_ble_main.o(.bss) for tuya_ble_current_para
    arch_main.o(i.dump_data) refers to uart.o(i.uart_printf) for uart_printf
    arch_main.o(i.dump_data) refers to arch_main.o(.constdata) for .constdata
    arch_main.o(i.i4PwmInit) refers to pwm.o(i.pwm_init) for pwm_init
    arch_main.o(i.platform_reset) refers to uart.o(i.uart_printf) for uart_printf
    arch_main.o(i.platform_reset) refers to uart.o(i.uart_finish_transfers) for uart_finish_transfers
    arch_main.o(i.platform_reset) refers to wdt.o(i.wdt_enable) for wdt_enable
    arch_main.o(i.rom_env_init) refers to prf.o(i.prf_get_id_from_task) for prf_get_id_from_task
    arch_main.o(i.rom_env_init) refers to prf.o(i.prf_get_task_from_id) for prf_get_task_from_id
    arch_main.o(i.rom_env_init) refers to prf.o(i.prf_init) for prf_init
    arch_main.o(i.rom_env_init) refers to prf.o(i.prf_create) for prf_create
    arch_main.o(i.rom_env_init) refers to prf.o(i.prf_cleanup) for prf_cleanup
    arch_main.o(i.rom_env_init) refers to prf.o(i.prf_add_profile) for prf_add_profile
    arch_main.o(i.rom_env_init) refers to rwble_hl.o(i.rwble_hl_reset) for rwble_hl_reset
    arch_main.o(i.rom_env_init) refers to rwip.o(i.rwip_reset) for rwip_reset
    arch_main.o(i.rom_env_init) refers to arch_main.o(i.platform_reset) for platform_reset
    arch_main.o(i.rom_env_init) refers to arch_main.o(i.assert_err) for assert_err
    arch_main.o(i.rom_env_init) refers to arch_main.o(i.assert_param) for assert_param
    arch_main.o(i.rom_env_init) refers to uart.o(i.Read_Uart_Buf) for Read_Uart_Buf
    arch_main.o(i.rom_env_init) refers to uart.o(i.uart_clear_rxfifo) for uart_clear_rxfifo
    arch_main.o(i.rw_main) refers to icu.o(i.icu_init) for icu_init
    arch_main.o(i.rw_main) refers to icu.o(i.system_sleep_init) for system_sleep_init
    arch_main.o(i.rw_main) refers to emi.o(i.emi_init) for emi_init
    arch_main.o(i.rw_main) refers to timer.o(i.timer_init) for timer_init
    arch_main.o(i.rw_main) refers to arch_main.o(i.rwip_eif_api_init) for rwip_eif_api_init
    arch_main.o(i.rw_main) refers to intc.o(i.intc_init) for intc_init
    arch_main.o(i.rw_main) refers to uart.o(i.uart_init) for uart_init
    arch_main.o(i.rw_main) refers to uart2.o(i.uart2_init) for uart2_init
    arch_main.o(i.rw_main) refers to flash.o(i.flash_init) for flash_init
    arch_main.o(i.rw_main) refers to arch_main.o(i.rom_env_init) for rom_env_init
    arch_main.o(i.rw_main) refers to rwip.o(i.rwip_init) for rwip_init
    arch_main.o(i.rw_main) refers to arch_main.o(i.bdaddr_env_init) for bdaddr_env_init
    arch_main.o(i.rw_main) refers to mcu_handler.o(i.GPIO_INIT) for GPIO_INIT
    arch_main.o(i.rw_main) refers to gpio.o(i.gpio_config) for gpio_config
    arch_main.o(i.rw_main) refers to gpio.o(i.gpio_set) for gpio_set
    arch_main.o(i.rw_main) refers to rf_xvr.o(i.Delay_ms) for Delay_ms
    arch_main.o(i.rw_main) refers to arch_main.o(i.i4PwmInit) for i4PwmInit
    arch_main.o(i.rw_main) refers to uart.o(i.uart_printf) for uart_printf
    arch_main.o(i.rw_main) refers to tuya_ble_port.o(i.tuya_ble_malloc) for tuya_ble_malloc
    arch_main.o(i.rw_main) refers to utc_clock.o(i.utc_update) for utc_update
    arch_main.o(i.rw_main) refers to rwip.o(i.rwip_schedule) for rwip_schedule
    arch_main.o(i.rw_main) refers to wdt.o(i.wdt_disable) for wdt_disable
    arch_main.o(i.rw_main) refers to arch_main.o(i.Stack_Integrity_Check) for Stack_Integrity_Check
    arch_main.o(i.rw_main) refers to mcu_handler.o(i.i4PowerButtonProcessing) for i4PowerButtonProcessing
    arch_main.o(i.rw_main) refers to wdt.o(.data) for wdt_disable_flag
    arch_main.o(i.rwip_eif_api_init) refers to uart.o(i.uart_read) for uart_read
    arch_main.o(i.rwip_eif_api_init) refers to arch_main.o(.bss) for .bss
    arch_main.o(i.rwip_eif_api_init) refers to uart.o(i.uart_write) for uart_write
    arch_main.o(i.rwip_eif_api_init) refers to uart.o(i.uart_flow_on) for uart_flow_on
    arch_main.o(i.rwip_eif_api_init) refers to uart.o(i.uart_flow_off) for uart_flow_off
[...]
    __aeabi_cdrcmple                         0x00010be9   Thumb Code    38  cdrcmple.o(.text)
    __aeabi_lasr                             0x00010c11   Thumb Code    38  llsshr.o(.text)
    _ll_sshift_r                             0x00010c11   Thumb Code     0  llsshr.o(.text)
    __rt_ctype_table                         0x00010c39   Thumb Code     4  ctype_o.o(.text)
    _strtoull                                0x00010c41   Thumb Code   216  _strtoull.o(.text)
    _double_round                            0x00010d19   Thumb Code    26  depilogue.o(.text)
    _double_epilogue                         0x00010d33   Thumb Code   164  depilogue.o(.text)
    __aeabi_lmul                             0x00010dd7   Thumb Code   126  llmul.o(.text)
    _ll_mul                                  0x00010dd7   Thumb Code     0  llmul.o(.text)
    _chval                                   0x00010e55   Thumb Code    30  _chval.o(.text)
    AES128_CBC_decrypt_buffer                0x00010e75   Thumb Code   122  tuya_ble_aes.o(i.AES128_CBC_decrypt_buffer)
    AES128_CBC_encrypt_buffer                0x00010ef5   Thumb Code   122  tuya_ble_aes.o(i.AES128_CBC_encrypt_buffer)
    AES128_ECB_encrypt                       0x00010f75   Thumb Code    28  tuya_ble_aes.o(i.AES128_ECB_encrypt)
    Delay_ms                                 0x0001101d   Thumb Code    26  rf_xvr.o(i.Delay_ms)
    FIQ_Exception                            0x0001103d   Thumb Code    26  intc.o(i.FIQ_Exception)
    GPIO_INIT                                0x0001105d   Thumb Code    98  mcu_handler.o(i.GPIO_INIT)
    GearLedHand1                             0x000110bf   Thumb Code    68  mcu_handler.o(i.GearLedHand1)
    GearLedHand2                             0x00011103   Thumb Code    60  mcu_handler.o(i.GearLedHand2)
    GearLedHand3                             0x0001113f   Thumb Code    60  mcu_handler.o(i.GearLedHand3)
    GearLedHandOff                           0x0001117b   Thumb Code    68  mcu_handler.o(i.GearLedHandOff)
    IRQ_Exception                            0x000111c1   Thumb Code   148  intc.o(i.IRQ_Exception)
    Read_Uart_Buf                            0x0001180d   Thumb Code    14  uart.o(i.Read_Uart_Buf)
    __0sprintf                               0x000119e9   Thumb Code    36  printfa.o(i.__0sprintf)
    __1sprintf                               0x000119e9   Thumb Code     0  printfa.o(i.__0sprintf)
    __2sprintf                               0x000119e9   Thumb Code     0  printfa.o(i.__0sprintf)
    __c89sprintf                             0x000119e9   Thumb Code     0  printfa.o(i.__0sprintf)
    sprintf                                  0x000119e9   Thumb Code     0  printfa.o(i.__0sprintf)
    __0vsprintf                              0x00011a11   Thumb Code    30  printfa.o(i.__0vsprintf)
    __1vsprintf                              0x00011a11   Thumb Code     0  printfa.o(i.__0vsprintf)
    __2vsprintf                              0x00011a11   Thumb Code     0  printfa.o(i.__0vsprintf)
    __c89vsprintf                            0x00011a11   Thumb Code     0  printfa.o(i.__0vsprintf)
    vsprintf                                 0x00011a11   Thumb Code     0  printfa.o(i.__0vsprintf)
    __aeabi_errno_addr                       0x00011a35   Thumb Code     4  errno.o(i.__aeabi_errno_addr)
    __rt_errno_addr                          0x00011a35   Thumb Code     0  errno.o(i.__aeabi_errno_addr)
    app_tuya_add_service                     0x000122fd   Thumb Code    42  app_tuya_service.o(i.app_tuya_add_service)
    app_tuya_init                            0x000123bd   Thumb Code    18  app_tuya.o(i.app_tuya_init)
    app_tuya_send_data                       0x00012409   Thumb Code    46  app_tuya_service.o(i.app_tuya_send_data)
    app_tuya_service_init                    0x0001243d   Thumb Code    10  app_tuya_service.o(i.app_tuya_service_init)
    appm_add_svc                             0x000124a1   Thumb Code    30  app.o(i.appm_add_svc)
    appm_disconnect                          0x000124c9   Thumb Code    34  app.o(i.appm_disconnect)
    appm_get_dev_name                        0x000124f5   Thumb Code    16  app.o(i.appm_get_dev_name)
    appm_init                                0x00012509   Thumb Code    68  app.o(i.appm_init)
    appm_start_advertising                   0x000125ad   Thumb Code   126  app.o(i.appm_start_advertising)
    appm_update_adv_data                     0x00012659   Thumb Code    84  app.o(i.appm_update_adv_data)
    appm_update_param                        0x000126b1   Thumb Code    66  app.o(i.appm_update_param)
    assert_err                               0x0001273d   Thumb Code    18  arch_main.o(i.assert_err)
    assert_param                             0x00012779   Thumb Code    20  arch_main.o(i.assert_param)
    bdaddr_env_init                          0x000127c5   Thumb Code    84  arch_main.o(i.bdaddr_env_init)
    data_2_klvlist                           0x00012ae5   Thumb Code   248  tuya_ble_mutli_tsf_protocol.o(i.data_2_klvlist)
    emi_init                                 0x00012bfd   Thumb Code    20  emi.o(i.emi_init)
    flash_erase_sector                       0x00012c9d   Thumb Code    48  flash.o(i.flash_erase_sector)
    flash_init                               0x00012cd1   Thumb Code    24  flash.o(i.flash_init)
    flash_read                               0x00012ced   Thumb Code   102  flash.o(i.flash_read)
    flash_readword                           0x00012d59   Thumb Code    50  flash.o(i.flash_readword)
    flash_write                              0x00012dc1   Thumb Code   110  flash.o(i.flash_write)
    flash_writeword                          0x00012e4d   Thumb Code    50  flash.o(i.flash_writeword)
    free_klv_list                            0x00012e85   Thumb Code    28  tuya_ble_mutli_tsf_protocol.o(i.free_klv_list)
    get_trsmitr_frame_total_len              0x0001362d   Thumb Code     4  tuya_ble_mutli_tsf_protocol.o(i.get_trsmitr_frame_total_len)
    get_trsmitr_subpkg                       0x00013631   Thumb Code     4  tuya_ble_mutli_tsf_protocol.o(i.get_trsmitr_subpkg)
    get_trsmitr_subpkg_len                   0x00013635   Thumb Code     4  tuya_ble_mutli_tsf_protocol.o(i.get_trsmitr_subpkg_len)
    gpio_config                              0x00013639   Thumb Code   144  gpio.o(i.gpio_config)
    gpio_get_input                           0x000136cd   Thumb Code    26  gpio.o(i.gpio_get_input)
    gpio_isr                                 0x000136ed   Thumb Code    40  gpio.o(i.gpio_isr)
    gpio_set                                 0x00013725   Thumb Code    34  gpio.o(i.gpio_set)
    i4AppEvtMcuHandler                       0x0001374d   Thumb Code    76  mcu_handler.o(i.i4AppEvtMcuHandler)
    i4KeyPowerLongPressCallBack              0x0001381d   Thumb Code    80  mcu_handler.o(i.i4KeyPowerLongPressCallBack)
    i4PowerButtonProcessing                  0x000138a1   Thumb Code    16  mcu_handler.o(i.i4PowerButtonProcessing)
    i4PwmInit                                0x000138b1   Thumb Code    58  arch_main.o(i.i4PwmInit)
    i4utc_get_time                           0x000138ed   Thumb Code     6  utc_clock.o(i.i4utc_get_time)
    icu_init                                 0x000138f9   Thumb Code    68  icu.o(i.icu_init)
    initial_xver_BK3432_openLoop             0x00013949   Thumb Code   312  rf_xvr.o(i.initial_xver_BK3432_openLoop)
    intc_init                                0x00013b35   Thumb Code    28  intc.o(i.intc_init)
    kmod_calibration                         0x00013b55   Thumb Code   300  rf_xvr.o(i.kmod_calibration)
    mbedtls_internal_md5_process             0x00013c8d   Thumb Code  2040  tuya_ble_md5.o(i.mbedtls_internal_md5_process)
    mbedtls_md5_finish                       0x000144d5   Thumb Code     8  tuya_ble_md5.o(i.mbedtls_md5_finish)
    mbedtls_md5_finish_ret                   0x000144dd   Thumb Code   222  tuya_ble_md5.o(i.mbedtls_md5_finish_ret)
    mbedtls_md5_free                         0x000145bb   Thumb Code    14  tuya_ble_md5.o(i.mbedtls_md5_free)
    mbedtls_md5_init                         0x000145c9   Thumb Code    10  tuya_ble_md5.o(i.mbedtls_md5_init)
    mbedtls_md5_starts                       0x000145d3   Thumb Code     8  tuya_ble_md5.o(i.mbedtls_md5_starts)
    mbedtls_md5_starts_ret                   0x000145dd   Thumb Code    30  tuya_ble_md5.o(i.mbedtls_md5_starts_ret)
    mbedtls_md5_update                       0x00014605   Thumb Code     8  tuya_ble_md5.o(i.mbedtls_md5_update)
    mbedtls_md5_update_ret                   0x0001460d   Thumb Code   124  tuya_ble_md5.o(i.mbedtls_md5_update_ret)
    platform_reset                           0x00014689   Thumb Code    46  arch_main.o(i.platform_reset)
    prf_add_profile                          0x000146d1   Thumb Code   130  prf.o(i.prf_add_profile)
    prf_cleanup                              0x00014759   Thumb Code    48  prf.o(i.prf_cleanup)
    prf_create                               0x0001478d   Thumb Code    44  prf.o(i.prf_create)
    prf_dst_task_get                         0x000147bd   Thumb Code    16  prf.o(i.prf_dst_task_get)
    prf_env_get                              0x000147cd   Thumb Code    44  prf.o(i.prf_env_get)
    prf_get_id_from_task                     0x000147fd   Thumb Code    52  prf.o(i.prf_get_id_from_task)
    prf_get_task_from_id                     0x00014835   Thumb Code    52  prf.o(i.prf_get_task_from_id)
    prf_init                                 0x0001486d   Thumb Code   112  prf.o(i.prf_init)
    prf_src_task_get                         0x000148f5   Thumb Code    16  prf.o(i.prf_src_task_get)
    pwm_init                                 0x00014905   Thumb Code   198  pwm.o(i.pwm_init)
    pwm_isr                                  0x000149fd   Thumb Code    52  pwm.o(i.pwm_isr)
    rf_init                                  0x00014a4d   Thumb Code    42  rf_xvr.o(i.rf_init)
    rf_rssi_convert                          0x00014a9f   Thumb Code    10  rf_xvr.o(i.rf_rssi_convert)
    rom_env_init                             0x00014abd   Thumb Code    66  arch_main.o(i.rom_env_init)
    Inline ARM to Thumb Veneer to rw_main    0x00014b38   ARM Code       8  arch_main.o(i.rw_main)
    rw_main                                  0x00014b41   Thumb Code   224  arch_main.o(i.rw_main)
    rwble_hl_init                            0x00014c3d   Thumb Code    28  rwble_hl.o(i.rwble_hl_init)
    rwble_hl_reset                           0x00014c59   Thumb Code    28  rwble_hl.o(i.rwble_hl_reset)
    rwble_init                               0x00014c75   Thumb Code    28  rwble.o(i.rwble_init)
    rwble_isr                                0x00014c91   Thumb Code   144  rwble.o(i.rwble_isr)
    rwble_reset                              0x00014d25   Thumb Code    86  rwble.o(i.rwble_reset)
    rwip_eif_api_init                        0x00014d7d   Thumb Code    20  arch_main.o(i.rwip_eif_api_init)
    rwip_init                                0x00014da5   Thumb Code    84  rwip.o(i.rwip_init)
    rwip_reset                               0x00014e0d   Thumb Code    56  rwip.o(i.rwip_reset)
    rwip_schedule                            0x00014e49   Thumb Code     8  rwip.o(i.rwip_schedule)
    system_sleep_init                        0x00014e75   Thumb Code     8  icu.o(i.system_sleep_init)
    timer_init                               0x00014e81   Thumb Code     2  timer.o(i.timer_init)
    trsmitr_init                             0x00014e83   Thumb Code    10  tuya_ble_mutli_tsf_protocol.o(i.trsmitr_init)
    trsmitr_recv_pkg_decode                  0x00014e8d   Thumb Code   268  tuya_ble_mutli_tsf_protocol.o(i.trsmitr_recv_pkg_decode)
    trsmitr_send_pkg_encode                  0x00014f99   Thumb Code   248  tuya_ble_mutli_tsf_protocol.o(i.trsmitr_send_pkg_encode)
    tuya_ble_adv_change                      0x00015101   Thumb Code   274  tuya_ble_main.o(i.tuya_ble_adv_change)
    tuya_ble_air_recv_packet_free            0x000152dd   Thumb Code    24  tuya_ble_data_handler.o(i.tuya_ble_air_recv_packet_free)
    tuya_ble_app_production_test_process     0x000153d1   Thumb Code   296  tuya_ble_app_production_test.o(i.tuya_ble_app_production_test_process)
    tuya_ble_auto_recovery_from_resetting_timer_start 0x00016049   Thumb Code    14  tuya_ble_port.o(i.tuya_ble_auto_recovery_from_resetting_timer_start)
    tuya_ble_auto_recovery_from_resetting_timer_stop 0x00016061   Thumb Code    12  tuya_ble_port.o(i.tuya_ble_auto_recovery_from_resetting_timer_stop)
    tuya_ble_buffer_value_is_all_x           0x00016071   Thumb Code    32  tuya_ble_utils.o(i.tuya_ble_buffer_value_is_all_x)
    tuya_ble_callback_queue_register         0x00016091   Thumb Code    40  tuya_ble_api.o(i.tuya_ble_callback_queue_register)
    tuya_ble_cb_event_send                   0x000160c1   Thumb Code    26  tuya_ble_main.o(i.tuya_ble_cb_event_send)
    tuya_ble_check_sum                       0x000160e1   Thumb Code    24  tuya_ble_utils.o(i.tuya_ble_check_sum)
    tuya_ble_commData_send                   0x000160f9   Thumb Code   560  tuya_ble_data_handler.o(i.tuya_ble_commData_send)
    tuya_ble_commonData_rx_proc              0x000163c1   Thumb Code   438  tuya_ble_data_handler.o(i.tuya_ble_commonData_rx_proc)
    tuya_ble_common_uart_init                0x00016879   Thumb Code     4  tuya_ble_port.o(i.tuya_ble_common_uart_init)
    tuya_ble_common_uart_receive_data        0x0001687d   Thumb Code   142  tuya_ble_api.o(i.tuya_ble_common_uart_receive_data)
    tuya_ble_common_uart_send_data           0x00016985   Thumb Code    10  tuya_ble_port.o(i.tuya_ble_common_uart_send_data)
    tuya_ble_connect_monitor_timer_init      0x0001698f   Thumb Code     2  tuya_ble_port.o(i.tuya_ble_connect_monitor_timer_init)
    tuya_ble_connect_monitor_timer_start     0x00016991   Thumb Code    14  tuya_ble_port.o(i.tuya_ble_connect_monitor_timer_start)
    tuya_ble_connect_monitor_timer_stop      0x000169a9   Thumb Code    12  tuya_ble_port.o(i.tuya_ble_connect_monitor_timer_stop)
    tuya_ble_connect_status_get              0x000169b9   Thumb Code     6  tuya_ble_main.o(i.tuya_ble_connect_status_get)
    tuya_ble_connect_status_set              0x000169c5   Thumb Code    18  tuya_ble_main.o(i.tuya_ble_connect_status_set)
    tuya_ble_connected_handler               0x000169dd   Thumb Code    32  tuya_ble_api.o(i.tuya_ble_connected_handler)
    tuya_ble_crc16_compute                   0x00016a39   Thumb Code    50  tuya_ble_utils.o(i.tuya_ble_crc16_compute)
    tuya_ble_crc32_compute                   0x00016a75   Thumb Code    56  tuya_ble_utils.o(i.tuya_ble_crc32_compute)
    tuya_ble_custom_app_production_test_process 0x00016ab1   Thumb Code     2  custom_app_product_test.o(i.tuya_ble_custom_app_production_test_process)
    tuya_ble_custom_app_uart_common_process  0x00016ab3   Thumb Code     2  custom_app_uart_common_handler.o(i.tuya_ble_custom_app_uart_common_process)
    tuya_ble_decryption                      0x00016ab4   ARM Code     300  tuya_ble_secure.o(i.tuya_ble_decryption)
    tuya_ble_dequeue                         0x00016be9   Thumb Code    54  tuya_ble_queue.o(i.tuya_ble_dequeue)
    tuya_ble_device_delay_ms                 0x00016c1f   Thumb Code     8  tuya_ble_port.o(i.tuya_ble_device_delay_ms)
    tuya_ble_device_enter_critical           0x00016c27   Thumb Code    12  tuya_ble_port.o(i.tuya_ble_device_enter_critical)
    tuya_ble_device_exit_critical            0x00016c33   Thumb Code    12  tuya_ble_port.o(i.tuya_ble_device_exit_critical)
    tuya_ble_device_factory_reset            0x00016c41   Thumb Code    34  tuya_ble_api.o(i.tuya_ble_device_factory_reset)
    tuya_ble_device_id_16_to_20              0x00016c9d   Thumb Code   138  tuya_ble_utils.o(i.tuya_ble_device_id_16_to_20)
    tuya_ble_device_id_20_to_16              0x00016d27   Thumb Code   134  tuya_ble_utils.o(i.tuya_ble_device_id_20_to_16)
    tuya_ble_device_id_encrypt               0x00016dac   ARM Code     152  tuya_ble_secure.o(i.tuya_ble_device_id_encrypt)
    tuya_ble_device_reset                    0x00016e45   Thumb Code    12  tuya_ble_port.o(i.tuya_ble_device_reset)
    tuya_ble_device_reset_time_delay_ms      0x00016e51   Thumb Code    20  tuya_ble_port.o(i.tuya_ble_device_reset_time_delay_ms)
    tuya_ble_device_unbond                   0x00016e69   Thumb Code    46  tuya_ble_data_handler.o(i.tuya_ble_device_unbond)
    tuya_ble_disconnected_handler            0x00016ea1   Thumb Code    32  tuya_ble_api.o(i.tuya_ble_disconnected_handler)
    tuya_ble_dp_data_report                  0x00016f01   Thumb Code   130  tuya_ble_api.o(i.tuya_ble_dp_data_report)
    tuya_ble_encrypt_old_with_key            0x00016f88   ARM Code     192  tuya_ble_secure.o(i.tuya_ble_encrypt_old_with_key)
    tuya_ble_encryption                      0x00017048   ARM Code     204  tuya_ble_secure.o(i.tuya_ble_encryption)
    tuya_ble_enqueue                         0x00017115   Thumb Code    52  tuya_ble_queue.o(i.tuya_ble_enqueue)
    tuya_ble_event_init                      0x00017149   Thumb Code    20  tuya_ble_main.o(i.tuya_ble_event_init)
    tuya_ble_event_process                   0x00017161   Thumb Code   194  tuya_ble_main.o(i.tuya_ble_event_process)
    tuya_ble_event_send                      0x00017255   Thumb Code    24  tuya_ble_main.o(i.tuya_ble_event_send)
    tuya_ble_evt_process                     0x000172a5   Thumb Code   446  tuya_ble_data_handler.o(i.tuya_ble_evt_process)
    tuya_ble_free                            0x000175cd   Thumb Code    14  tuya_ble_port.o(i.tuya_ble_free)
    tuya_ble_gap_advertising_adv_data_update 0x000175db   Thumb Code    10  tuya_ble_port.o(i.tuya_ble_gap_advertising_adv_data_update)
    tuya_ble_gap_disconnect                  0x000175e5   Thumb Code    10  tuya_ble_port.o(i.tuya_ble_gap_disconnect)
    tuya_ble_gatt_receive_data               0x000175f1   Thumb Code    56  tuya_ble_api.o(i.tuya_ble_gatt_receive_data)
    tuya_ble_gatt_send_data                  0x0001762d   Thumb Code    14  tuya_ble_port.o(i.tuya_ble_gatt_send_data)
    tuya_ble_gatt_send_data_enqueue          0x0001763d   Thumb Code    80  tuya_ble_gatt_send_queue.o(i.tuya_ble_gatt_send_data_enqueue)
    tuya_ble_gatt_send_data_handle           0x00017695   Thumb Code   124  tuya_ble_gatt_send_queue.o(i.tuya_ble_gatt_send_data_handle)
    tuya_ble_gatt_send_queue_init            0x0001777d   Thumb Code    24  tuya_ble_gatt_send_queue.o(i.tuya_ble_gatt_send_queue_init)
    tuya_ble_get_queue_used                  0x0001779d   Thumb Code     4  tuya_ble_queue.o(i.tuya_ble_get_queue_used)
    tuya_ble_handle_auto_recovery_from_resetting_timeout_evt 0x00017815   Thumb Code    90  tuya_ble_event_handler.o(i.tuya_ble_handle_auto_recovery_from_resetting_timeout_evt)
    tuya_ble_handle_ble_cmd_evt              0x00017879   Thumb Code    30  tuya_ble_event_handler.o(i.tuya_ble_handle_ble_cmd_evt)
    tuya_ble_handle_ble_data_evt             0x00017897   Thumb Code     8  tuya_ble_event_handler.o(i.tuya_ble_handle_ble_data_evt)
    tuya_ble_handle_connect_change_evt       0x000178a1   Thumb Code   124  tuya_ble_event_handler.o(i.tuya_ble_handle_connect_change_evt)
    tuya_ble_handle_data_prod_test_response_evt 0x00017a09   Thumb Code    64  tuya_ble_event_handler.o(i.tuya_ble_handle_data_prod_test_response_evt)
    tuya_ble_handle_device_info_update_evt   0x00017b49   Thumb Code    50  tuya_ble_event_handler.o(i.tuya_ble_handle_device_info_update_evt)
    tuya_ble_handle_device_unbind_evt        0x00017c01   Thumb Code    68  tuya_ble_event_handler.o(i.tuya_ble_handle_device_unbind_evt)
    tuya_ble_handle_dp_data_reported_evt     0x00017c4d   Thumb Code    44  tuya_ble_event_handler.o(i.tuya_ble_handle_dp_data_reported_evt)
    tuya_ble_handle_dp_data_with_flag_and_time_reported_evt 0x00017c7d   Thumb Code   134  tuya_ble_event_handler.o(i.tuya_ble_handle_dp_data_with_flag_and_time_reported_evt)
    tuya_ble_handle_dp_data_with_flag_and_time_string_reported_evt 0x00017d0d   Thumb Code   124  tuya_ble_event_handler.o(i.tuya_ble_handle_dp_data_with_flag_and_time_string_reported_evt)
    tuya_ble_handle_dp_data_with_flag_reported_evt 0x00017d91   Thumb Code    44  tuya_ble_event_handler.o(i.tuya_ble_handle_dp_data_with_flag_reported_evt)
    tuya_ble_handle_dp_data_with_time_reported_evt 0x00017dc1   Thumb Code   118  tuya_ble_event_handler.o(i.tuya_ble_handle_dp_data_with_time_reported_evt)
    tuya_ble_handle_dp_data_with_time_string_reported_evt 0x00017e41   Thumb Code   110  tuya_ble_event_handler.o(i.tuya_ble_handle_dp_data_with_time_string_reported_evt)
    tuya_ble_handle_factory_reset_evt        0x00018121   Thumb Code   174  tuya_ble_event_handler.o(i.tuya_ble_handle_factory_reset_evt)
    tuya_ble_handle_ota_req                  0x000181ed   Thumb Code    82  app_tuya_ota.o(i.tuya_ble_handle_ota_req)
    tuya_ble_handle_time_request_evt         0x00018555   Thumb Code    46  tuya_ble_event_handler.o(i.tuya_ble_handle_time_request_evt)
    tuya_ble_handle_uart_cmd_evt             0x00018589   Thumb Code   110  tuya_ble_event_handler.o(i.tuya_ble_handle_uart_cmd_evt)
    tuya_ble_inter_event_response            0x00018875   Thumb Code    52  tuya_ble_main.o(i.tuya_ble_inter_event_response)
    tuya_ble_malloc                          0x00018b09   Thumb Code    24  tuya_ble_port.o(i.tuya_ble_malloc)
    tuya_ble_message_send                    0x00018b75   Thumb Code    36  tuya_ble_port.o(i.tuya_ble_message_send)
    tuya_ble_mytime_2_utc_sec                0x00018b9d   Thumb Code   116  tuya_ble_unix_time.o(i.tuya_ble_mytime_2_utc_sec)
    tuya_ble_nv_erase                        0x00018c19   Thumb Code    42  tuya_ble_port.o(i.tuya_ble_nv_erase)
    tuya_ble_nv_init                         0x00018c43   Thumb Code     4  tuya_ble_port.o(i.tuya_ble_nv_init)
    tuya_ble_nv_read                         0x00018c47   Thumb Code    16  tuya_ble_port.o(i.tuya_ble_nv_read)
    tuya_ble_nv_write                        0x00018c57   Thumb Code    16  tuya_ble_port.o(i.tuya_ble_nv_write)
    tuya_ble_pair_rand_clear                 0x00018c69   Thumb Code    24  tuya_ble_data_handler.o(i.tuya_ble_pair_rand_clear)
    tuya_ble_pair_rand_valid_get             0x00018c85   Thumb Code     6  tuya_ble_data_handler.o(i.tuya_ble_pair_rand_valid_get)
    tuya_ble_prod_beacon_get_rssi_avg        0x00018d1d   Thumb Code    10  custom_app_product_test.o(i.tuya_ble_prod_beacon_get_rssi_avg)
    tuya_ble_prod_beacon_scan_start          0x00018d27   Thumb Code     4  custom_app_product_test.o(i.tuya_ble_prod_beacon_scan_start)
    tuya_ble_prod_beacon_scan_stop           0x00018d2b   Thumb Code     4  custom_app_product_test.o(i.tuya_ble_prod_beacon_scan_stop)
    tuya_ble_prod_gpio_test                  0x00018d2f   Thumb Code     4  custom_app_product_test.o(i.tuya_ble_prod_gpio_test)
    tuya_ble_queue_decrease                  0x00018d33   Thumb Code    28  tuya_ble_queue.o(i.tuya_ble_queue_decrease)
    tuya_ble_queue_flush                     0x00018d4f   Thumb Code    10  tuya_ble_queue.o(i.tuya_ble_queue_flush)
    tuya_ble_queue_get                       0x00018d59   Thumb Code    34  tuya_ble_queue.o(i.tuya_ble_queue_get)
    tuya_ble_queue_init                      0x00018d7b   Thumb Code    30  tuya_ble_queue.o(i.tuya_ble_queue_init)
    tuya_ble_rand_generator                  0x00018d99   Thumb Code    58  tuya_ble_port.o(i.tuya_ble_rand_generator)
    tuya_ble_register_key_generate           0x00018dd4   ARM Code      40  tuya_ble_secure.o(i.tuya_ble_register_key_generate)
    tuya_ble_reset_ble_sn                    0x00018e01   Thumb Code    22  tuya_ble_data_handler.o(i.tuya_ble_reset_ble_sn)
    tuya_ble_rtc_set_timestamp               0x00018e1d   Thumb Code     4  tuya_ble_port.o(i.tuya_ble_rtc_set_timestamp)
    tuya_ble_sdk_init                        0x00018e21   Thumb Code   358  tuya_ble_api.o(i.tuya_ble_sdk_init)
    tuya_ble_set_device_version              0x00019121   Thumb Code     8  tuya_ble_data_handler.o(i.tuya_ble_set_device_version)
    tuya_ble_storage_init                    0x0001912d   Thumb Code    16  tuya_ble_storage.o(i.tuya_ble_storage_init)
    tuya_ble_storage_load_settings           0x0001913d   Thumb Code   132  tuya_ble_storage.o(i.tuya_ble_storage_load_settings)
    tuya_ble_storage_load_sys_settings       0x00019231   Thumb Code   152  tuya_ble_storage.o(i.tuya_ble_storage_load_sys_settings)
    tuya_ble_storage_save_auth_settings      0x0001933d   Thumb Code   124  tuya_ble_storage.o(i.tuya_ble_storage_save_auth_settings)
    tuya_ble_storage_save_sys_settings       0x00019439   Thumb Code   194  tuya_ble_storage.o(i.tuya_ble_storage_save_sys_settings)
    tuya_ble_storage_write_auth_key_device_id_mac 0x000195c5   Thumb Code   226  tuya_ble_storage.o(i.tuya_ble_storage_write_auth_key_device_id_mac)
    tuya_ble_storage_write_hid               0x000196ad   Thumb Code    52  tuya_ble_storage.o(i.tuya_ble_storage_write_hid)
    tuya_ble_uart_common_process             0x000196e5   Thumb Code    24  tuya_ble_app_uart_common_handler.o(i.tuya_ble_uart_common_process)
    tuya_ble_vtimer_connect_monitor_callback 0x000197bd   Thumb Code    26  tuya_ble_api.o(i.tuya_ble_vtimer_connect_monitor_callback)
    tuya_ble_vtimer_prod_monitor_callback    0x000197dd   Thumb Code    16  tuya_ble_app_production_test.o(i.tuya_ble_vtimer_prod_monitor_callback)
    tuya_hexdump                             0x00019b39   Thumb Code    46  tuya_ble_port.o(i.tuya_hexdump)
    tuya_ota_init                            0x0001a1d5   Thumb Code    38  app_tuya_ota.o(i.tuya_ota_init)
    tuya_ota_init_disconnect                 0x0001a205   Thumb Code    18  app_tuya_ota.o(i.tuya_ota_init_disconnect)
    tuyas_get_att_handle                     0x0001a449   Thumb Code    48  tuya_service.o(i.tuyas_get_att_handle)
    tuyas_get_att_idx                        0x0001a479   Thumb Code    60  tuya_service.o(i.tuyas_get_att_idx)
    tuyas_notify_value_lvl                   0x0001a585   Thumb Code    64  tuya_service.o(i.tuyas_notify_value_lvl)
    tuyas_prf_itf_get                        0x0001a5c5   Thumb Code     4  tuya_service.o(i.tuyas_prf_itf_get)
    uart2_init                               0x0001a5cd   Thumb Code   132  uart2.o(i.uart2_init)
    uart2_isr                                0x0001a679   Thumb Code   116  uart2.o(i.uart2_isr)
    uart2_send                               0x0001a6f9   Thumb Code    26  uart2.o(i.uart2_send)
    uart_clear_rxfifo                        0x0001a719   Thumb Code    26  uart.o(i.uart_clear_rxfifo)
    uart_finish_transfers                    0x0001a73d   Thumb Code    24  uart.o(i.uart_finish_transfers)
    uart_flow_off                            0x0001a759   Thumb Code     4  uart.o(i.uart_flow_off)
    uart_flow_on                             0x0001a75d   Thumb Code     2  uart.o(i.uart_flow_on)
    uart_init                                0x0001a761   Thumb Code   134  uart.o(i.uart_init)
    uart_isr                                 0x0001a811   Thumb Code   104  uart.o(i.uart_isr)
    uart_printf                              0x0001a885   Thumb Code    42  uart.o(i.uart_printf)
    uart_putchar                             0x0001a8c5   Thumb Code    34  uart.o(i.uart_putchar)
    uart_read                                0x0001a8ed   Thumb Code    64  uart.o(i.uart_read)
    uart_write                               0x0001a969   Thumb Code   110  uart.o(i.uart_write)
    utc_update                               0x0001aa19   Thumb Code   112  utc_clock.o(i.utc_update)
    wdt_disable                              0x0001aa99   Thumb Code    28  wdt.o(i.wdt_disable)
    wdt_enable                               0x0001aabd   Thumb Code    38  wdt.o(i.wdt_enable)
    wdt_feed                                 0x0001aaed   Thumb Code    28  wdt.o(i.wdt_feed)
    tuya_att_db                              0x0001ab50   Data          48  tuya_service.o(.constdata)
    tuyas_itf                                0x0001ab80   Data          16  tuya_service.o(.constdata)
    tuyas_default_state                      0x0001ab90   Data          40  tuya_service_task.o(.constdata)
    tuyas_default_handler                    0x0001abb8   Data           8  tuya_service_task.o(.constdata)
    appm_default_state                       0x0001abd4   Data         152  app_task.o(.constdata)
    appm_default_handler                     0x0001ac6c   Data           8  app_task.o(.constdata)
    app_tuya_msg_handler_list                0x0001ad28   Data          40  app_tuya_service.o(.constdata)
    app_tuya_table_handler                   0x0001ad50   Data           8  app_tuya_service.o(.constdata)
    __ctype_table                            0x0001b148   Data         129  ctype_o.o(.constdata)
    Load$$RAM_DATA$$Base                     0x0001ca0c   Number         0  anon$$obj.o ABSOLUTE
    co_default_bdaddr                        0x00400024   Data           0  stack_rom_symbol.txt ABSOLUTE
    llc_env                                  0x0040002c   Data           0  stack_rom_symbol.txt ABSOLUTE
    llc_state                                0x00400030   Data           0  stack_rom_symbol.txt ABSOLUTE
    latency_disable_state                    0x00400031   Data           0  stack_rom_symbol.txt ABSOLUTE
    system_sleep_flag                        0x00400032   Data           0  stack_rom_symbol.txt ABSOLUTE
    lld_sleep_env                            0x00400034   Data           0  stack_rom_symbol.txt ABSOLUTE
    llm_state                                0x00400038   Data           0  stack_rom_symbol.txt ABSOLUTE
    gapc_env                                 0x0040003c   Data           0  stack_rom_symbol.txt ABSOLUTE
    gapc_state                               0x00400040   Data           0  stack_rom_symbol.txt ABSOLUTE
    gapm_state                               0x00400041   Data           0  stack_rom_symbol.txt ABSOLUTE
    gattc_env                                0x00400044   Data           0  stack_rom_symbol.txt ABSOLUTE
    gattc_state                              0x00400048   Data           0  stack_rom_symbol.txt ABSOLUTE
    gattm_state                              0x00400049   Data           0  stack_rom_symbol.txt ABSOLUTE
    l2cc_env                                 0x0040004c   Data           0  stack_rom_symbol.txt ABSOLUTE
    l2cc_state                               0x00400050   Data           0  stack_rom_symbol.txt ABSOLUTE
    ke_env                                   0x0040007c   Data           0  stack_rom_symbol.txt ABSOLUTE
    rwip_rf                                  0x0040011c   Data           0  stack_rom_symbol.txt ABSOLUTE
    rom_env                                  0x00400150   Data           0  stack_rom_symbol.txt ABSOLUTE
    em_buf_env                               0x0040019c   Data           0  stack_rom_symbol.txt ABSOLUTE
    lld_evt_env                              0x004004e4   Data           0  stack_rom_symbol.txt ABSOLUTE
    llm_le_env                               0x00400510   Data           0  stack_rom_symbol.txt ABSOLUTE
    gapm_env                                 0x0040058c   Data           0  stack_rom_symbol.txt ABSOLUTE
    gattm_env                                0x004005b8   Data           0  stack_rom_symbol.txt ABSOLUTE
    l2cm_env                                 0x004005d8   Data           0  stack_rom_symbol.txt ABSOLUTE
    hci_env                                  0x004005e4   Data           0  stack_rom_symbol.txt ABSOLUTE
    hci_fc_env                               0x004005f4   Data           0  stack_rom_symbol.txt ABSOLUTE
    ButtonStu                                0x00400620   Data           1  mcu_handler.o(.data)
    Image$$RAM_DATA$$Base                    0x00400620   Number         0  anon$$obj.o ABSOLUTE
    CurrentGear                              0x00400621   Data           1  mcu_handler.o(.data)
    GPIO_CFG                                 0x0040062c   Data          20  gpio.o(.data)
    GPIO_DATA                                0x00400640   Data          20  gpio.o(.data)
    wdt_disable_flag                         0x00400654   Data           1  wdt.o(.data)
    uart_rx_done                             0x00400658   Data           1  uart.o(.data)
    cur_read_buf_idx                         0x00400659   Data           1  uart.o(.data)
    uart_rx_index                            0x00400660   Data           4  uart.o(.data)
    uart2_rx_done                            0x00400668   Data           1  uart2.o(.data)
    uart2_rx_index                           0x0040066c   Data           4  uart2.o(.data)
    rtc_timeSeconds                          0x00400680   Data           4  utc_clock.o(.data)
    appm_state                               0x00400684   Data           1  app_task.o(.data)
    app_tuya_env                             0x00400685   Data           2  app_tuya_service.o(.data)
    tuya_ble_pair_rand_valid                 0x004006ac   Data           1  tuya_ble_data_handler.o(.data)
    tuya_ble_ota_status                      0x004006ad   Data           1  tuya_ble_data_handler.o(.data)
    tuya_ble_pair_rand                       0x004006c4   Data           6  tuya_ble_data_handler.o(.data)
    m_cb_table                               0x004006dc   Data           4  tuya_ble_main.o(.data)
    Image$$RAM_BSS$$Base                     0x004006e8   Number         0  anon$$obj.o ABSOLUTE
    uart_api                                 0x004006e8   Data          16  arch_main.o(.bss)
    rwip_heap_env                            0x004006f8   Data         440  rwip.o(.bss)
    rwip_heap_db                             0x004008b0   Data         524  rwip.o(.bss)
    rwip_heap_msg                            0x00400abc   Data        3452  rwip.o(.bss)
    rwip_heap_non_ret                        0x00401838   Data        1036  rwip.o(.bss)
    rwip_sleep_time                          0x00401c44   Data          12  rwip.o(.bss)
    p_PWM_Int_Handler                        0x00401c5c   Data          20  pwm.o(.bss)
    uart_rx_buf                              0x00401c70   Data          64  uart.o(.bss)
    uart_env                                 0x00401cb0   Data          20  uart.o(.bss)
    uart_buff                                0x00401cc4   Data         128  uart.o(.bss)
    uart2_rx_buf                             0x00401d44   Data          64  uart2.o(.bss)
    uart2_env                                0x00401d84   Data          20  uart2.o(.bss)
    XVR_ANALOG_REG_BAK                       0x00401d98   Data          36  rf_xvr.o(.bss)
    prf_env                                  0x00401dbc   Data          48  prf.o(.bss)
    app_env                                  0x00401dec   Data          40  app.o(.bss)
    device_param                             0x00401e14   Data         120  app_tuya.o(.bss)
    custom_data                              0x00401f54   Data          50  app_tuya.o(.bss)
    tuya_ble_current_para                    0x00402444   Data         468  tuya_ble_main.o(.bss)
    adv_data                                 0x00402618   Data          28  tuya_ble_main.o(.bss)
    scan_rsp_data                            0x00402634   Data          30  tuya_ble_main.o(.bss)
    Image$$RAM_STACK_UNUSED$$Base            0x0040330c   Number         0  anon$$obj.o ABSOLUTE
    Image$$RAM_STACK_SVC$$Base               0x0040332c   Number         0  anon$$obj.o ABSOLUTE
    Image$$RAM_STACK_IRQ$$Base               0x00403a1c   Number         0  anon$$obj.o ABSOLUTE
    Image$$RAM_STACK_FIQ$$Base               0x00403d0c   Number         0  anon$$obj.o ABSOLUTE



==============================================================================

Memory Map of the image

  Image Entry point : 0x000104a4

  Load Region SECTIONS (Base: 0x00010420, Size: 0x0000c6b4, Max: 0xffffffff, ABSOLUTE)

    Execution Region ROM_SYS (Exec base: 0x00010420, Load base: 0x00010420, Size: 0x00000278, Max: 0xffffffff, ABSOLUTE)

    Exec Addr    Load Addr    Size         Type   Attr      Idx    E Section Name        Object

    0x00010420   0x00010420   0x0000005c   Code   RO          351  * SYS_BOOT            boot_vectors.o
    0x0001047c   0x0001047c   0x000001f4   Code   RO          347  * SYS_BOOT            boot_handlers.o
    0x00010670   0x00010670   0x00000008   Ven    RO         4115    Veneer$$Code        anon$$obj.o
    0x00010678   0x00010678   0x00000008   Ven    RO         4116    Veneer$$Code        anon$$obj.o
    0x00010680   0x00010680   0x00000008   Ven    RO         4117    Veneer$$Code        anon$$obj.o
    0x00010688   0x00010688   0x00000008   Ven    RO         4118    Veneer$$Code        anon$$obj.o
    0x00010690   0x00010690   0x00000008   Ven    RO         4119    Veneer$$Code        anon$$obj.o


    Execution Region FAST_CALL_SEG (Exec base: 0x00010700, Load base: 0x00010700, Size: 0x00000030, Max: 0xffffffff, ABSOLUTE, FIXED)

    Exec Addr    Load Addr    Size         Type   Attr      Idx    E Section Name        Object

    0x00010700   0x00010700   0x00000010   Code   RO         1006    sys_fiq_entry       intc.o
    0x00010710   0x00010710   0x00000010   PAD
    0x00010720   0x00010720   0x00000010   Code   RO         1007    sys_irq_entry       intc.o


    Execution Region ROM (Exec base: 0x00010730, Load base: 0x00010730, Size: 0x0000c2dc, Max: 0xffffffff, ABSOLUTE)

    Exec Addr    Load Addr    Size         Type   Attr      Idx    E Section Name        Object

    0x00010730   0x00010730   0x00000060   Code   RO         3777    .text               mc_5.l(uldiv.o)
    0x00010790   0x00010790   0x0000000e   Code   RO         3779    .text               mc_5.l(strlen.o)
    0x0001079e   0x0001079e   0x0000001a   Code   RO         4042    .text               mc_5.l(atoll.o)
    0x000107b8   0x000107b8   0x00000020   Code   RO         4047    .text               mc_5.l(llshl.o)
    0x000107d8   0x000107d8   0x00000022   Code   RO         4049    .text               mc_5.l(llushr.o)
    0x000107fa   0x000107fa   0x0000008a   Code   RO         4058    .text               mc_5.l(__strtoll.o)
    0x00010884   0x00010884   0x00000000   Code   RO         4060    .text               mc_5.l(iusefp.o)
    0x00010884   0x00010884   0x00000164   Code   RO         4061    .text               mf_5.l(dadd.o)
    0x000109e8   0x000109e8   0x000000d0   Code   RO         4063    .text               mf_5.l(dmul.o)
    0x00010ab8   0x00010ab8   0x000000f0   Code   RO         4065    .text               mf_5.l(ddiv.o)
    0x00010ba8   0x00010ba8   0x00000040   Code   RO         4067    .text               mf_5.l(dfixul.o)
    0x00010be8   0x00010be8   0x00000028   Code   RO         4069    .text               mf_5.l(cdrcmple.o)
    0x00010c10   0x00010c10   0x00000026   Code   RO         4072    .text               mc_5.l(llsshr.o)
    0x00010c36   0x00010c36   0x00000002   PAD
    0x00010c38   0x00010c38   0x00000008   Code   RO         4074    .text               mc_5.l(ctype_o.o)
    0x00010c40   0x00010c40   0x000000d8   Code   RO         4102    .text               mc_5.l(_strtoull.o)
    0x00010d18   0x00010d18   0x000000be   Code   RO         4105    .text               mf_5.l(depilogue.o)
    0x00010dd6   0x00010dd6   0x0000007e   Code   RO         4109    .text               mc_5.l(llmul.o)
    0x00010e54   0x00010e54   0x0000001e   Code   RO         4111    .text               mc_5.l(_chval.o)
    0x00010e72   0x00010e72   0x00000002   PAD
    0x00010e74   0x00010e74   0x00000080   Code   RO         2308    i.AES128_CBC_decrypt_buffer  tuya_ble_aes.o
    0x00010ef4   0x00010ef4   0x00000080   Code   RO         2309    i.AES128_CBC_encrypt_buffer  tuya_ble_aes.o
    0x00010f74   0x00010f74   0x00000020   Code   RO         2311    i.AES128_ECB_encrypt  tuya_ble_aes.o
    0x00010f94   0x00010f94   0x00000040   Code   RO         2312    i.AddRoundKey       tuya_ble_aes.o
    0x00010fd4   0x00010fd4   0x00000012   Code   RO         2313    i.BlockCopy         tuya_ble_aes.o
    0x00010fe6   0x00010fe6   0x00000036   Code   RO         2314    i.Cipher            tuya_ble_aes.o
    0x0001101c   0x0001101c   0x00000020   Code   RO         1445    i.Delay_ms          rf_xvr.o
    0x0001103c   0x0001103c   0x00000020   Code   RO         1001    i.FIQ_Exception     intc.o
    0x0001105c   0x0001105c   0x00000062   Code   RO          354    i.GPIO_INIT         mcu_handler.o
    0x000110be   0x000110be   0x00000044   Code   RO          355    i.GearLedHand1      mcu_handler.o
    0x00011102   0x00011102   0x0000003c   Code   RO          356    i.GearLedHand2      mcu_handler.o
    0x0001113e   0x0001113e   0x0000003c   Code   RO          357    i.GearLedHand3      mcu_handler.o
    0x0001117a   0x0001117a   0x00000044   Code   RO          358    i.GearLedHandOff    mcu_handler.o
    0x000111be   0x000111be   0x00000002   PAD
    0x000111c0   0x000111c0   0x000000a0   Code   RO         1002    i.IRQ_Exception     intc.o
    0x00011260   0x00011260   0x00000034   Code   RO         2315    i.InvCipher         tuya_ble_aes.o
    0x00011294   0x00011294   0x000003cc   Code   RO         2316    i.InvMixColumns     tuya_ble_aes.o
    0x00011660   0x00011660   0x0000003c   Code   RO         2317    i.InvShiftRows      tuya_ble_aes.o
    0x0001169c   0x0001169c   0x00000034   Code   RO         2318    i.InvSubBytes       tuya_ble_aes.o
    0x000116d0   0x000116d0   0x000000b0   Code   RO         2319    i.KeyExpansion      tuya_ble_aes.o
    0x00011780   0x00011780   0x0000008c   Code   RO         2320    i.MixColumns        tuya_ble_aes.o
    0x0001180c   0x0001180c   0x00000018   Code   RO         1196    i.Read_Uart_Buf     uart.o
    0x00011824   0x00011824   0x0000003c   Code   RO         2321    i.ShiftRows         tuya_ble_aes.o
    0x00011860   0x00011860   0x00000134   Code   RO            5    i.Stack_Integrity_Check  arch_main.o
    0x00011994   0x00011994   0x00000034   Code   RO         2322    i.SubBytes          tuya_ble_aes.o
    0x000119c8   0x000119c8   0x00000020   Code   RO         2323    i.XorWithIv         tuya_ble_aes.o
    0x000119e8   0x000119e8   0x00000028   Code   RO         4016    i.__0sprintf        mc_5.l(printfa.o)
    0x00011a10   0x00011a10   0x00000024   Code   RO         4020    i.__0vsprintf       mc_5.l(printfa.o)
    0x00011a34   0x00011a34   0x00000008   Code   RO         4051    i.__aeabi_errno_addr  mc_5.l(errno.o)
    0x00011a3c   0x00011a3c   0x00000174   Code   RO         4021    i._fp_digits        mc_5.l(printfa.o)
    0x00011bb0   0x00011bb0   0x000006f4   Code   RO         4022    i._printf_core      mc_5.l(printfa.o)
    0x000122a4   0x000122a4   0x00000020   Code   RO         4023    i._printf_post_padding  mc_5.l(printfa.o)
    0x000122c4   0x000122c4   0x0000002c   Code   RO         4024    i._printf_pre_padding  mc_5.l(printfa.o)
    0x000122f0   0x000122f0   0x0000000a   Code   RO         4026    i._sputc            mc_5.l(printfa.o)
    0x000122fa   0x000122fa   0x00000002   PAD
    0x000122fc   0x000122fc   0x00000030   Code   RO         2064    i.app_tuya_add_service  app_tuya_service.o
    0x0001232c   0x0001232c   0x0000000a   Code   RO         1938    i.app_tuya_auto_recovery_factory_reset_timer_handler  app_task.o
    0x00012336   0x00012336   0x00000002   PAD
    0x00012338   0x00012338   0x00000024   Code   RO         1939    i.app_tuya_auto_recovery_from_resetting_timer_handler  app_task.o
    0x0001235c   0x0001235c   0x0000000a   Code   RO         1940    i.app_tuya_connect_monitor_timer_handler  app_task.o
    0x00012366   0x00012366   0x00000002   PAD
    0x00012368   0x00012368   0x00000054   Code   RO         1941    i.app_tuya_event_handler  app_task.o
    0x000123bc   0x000123bc   0x00000024   Code   RO         2132    i.app_tuya_init     app_tuya.o
    0x000123e0   0x000123e0   0x0000001c   Code   RO         2065    i.app_tuya_msg_dflt_handler  app_tuya_service.o
    0x000123fc   0x000123fc   0x0000000a   Code   RO         1942    i.app_tuya_prod_monitor_timer_handler  app_task.o
    0x00012406   0x00012406   0x00000002   PAD
    0x00012408   0x00012408   0x00000034   Code   RO         2066    i.app_tuya_send_data  app_tuya_service.o
    0x0001243c   0x0001243c   0x00000010   Code   RO         2067    i.app_tuya_service_init  app_tuya_service.o
    0x0001244c   0x0001244c   0x00000028   Code   RO         3357    i.applib_dt_is_leap_year  tuya_ble_unix_time.o
    0x00012474   0x00012474   0x0000002c   Code   RO         3358    i.applib_dt_last_day_of_mon  tuya_ble_unix_time.o
    0x000124a0   0x000124a0   0x00000028   Code   RO         1862    i.appm_add_svc      app.o
    0x000124c8   0x000124c8   0x0000002c   Code   RO         1863    i.appm_disconnect   app.o
    0x000124f4   0x000124f4   0x00000014   Code   RO         1864    i.appm_get_dev_name  app.o
    0x00012508   0x00012508   0x00000050   Code   RO         1865    i.appm_init         app.o
    0x00012558   0x00012558   0x00000054   Code   RO         1943    i.appm_msg_handler  app_task.o
    0x000125ac   0x000125ac   0x000000ac   Code   RO         1866    i.appm_start_advertising  app.o
    0x00012658   0x00012658   0x00000058   Code   RO         1868    i.appm_update_adv_data  app.o
    0x000126b0   0x000126b0   0x0000008c   Code   RO         1869    i.appm_update_param  app.o
    0x0001273c   0x0001273c   0x0000003c   Code   RO            6    i.assert_err        arch_main.o
    0x00012778   0x00012778   0x0000004c   Code   RO            7    i.assert_param      arch_main.o
    0x000127c4   0x000127c4   0x0000005c   Code   RO            9    i.bdaddr_env_init   arch_main.o
    0x00012820   0x00012820   0x000000b8   Code   RO         2604    i.ble_cmd_data_crc_check  tuya_ble_data_handler.o
    0x000128d8   0x000128d8   0x0000020c   Code   RO         2605    i.ble_data_unpack   tuya_ble_data_handler.o
    0x00012ae4   0x00012ae4   0x00000118   Code   RO         3006    i.data_2_klvlist    tuya_ble_mutli_tsf_protocol.o
    0x00012bfc   0x00012bfc   0x00000018   Code   RO          746    i.emi_init          emi.o
    0x00012c14   0x00012c14   0x00000078   Code   RO         2174    i.file_crc_check_in_flash  app_tuya_ota.o
    0x00012c8c   0x00012c8c   0x00000010   Code   RO          765    i.flash_clearKey    flash.o
    0x00012c9c   0x00012c9c   0x00000034   Code   RO          767    i.flash_erase_sector  flash.o
    0x00012cd0   0x00012cd0   0x0000001c   Code   RO          768    i.flash_init        flash.o
    0x00012cec   0x00012cec   0x0000006c   Code   RO          769    i.flash_read        flash.o
    0x00012d58   0x00012d58   0x00000038   Code   RO          770    i.flash_readword    flash.o
    0x00012d90   0x00012d90   0x00000010   Code   RO          771    i.flash_start       flash.o
    0x00012da0   0x00012da0   0x00000010   Code   RO          772    i.flash_status      flash.o
    0x00012db0   0x00012db0   0x00000010   Code   RO          773    i.flash_unlock      flash.o
    0x00012dc0   0x00012dc0   0x00000074   Code   RO          774    i.flash_write       flash.o
    0x00012e34   0x00012e34   0x00000018   Code   RO          775    i.flash_writeKey    flash.o
    0x00012e4c   0x00012e4c   0x00000038   Code   RO          776    i.flash_writeword   flash.o
    0x00012e84   0x00012e84   0x0000001c   Code   RO         3008    i.free_klv_list     tuya_ble_mutli_tsf_protocol.o
    0x00012ea0   0x00012ea0   0x00000158   Code   RO         1944    i.gapc_cmp_evt_handler  app_task.o
    0x00012ff8   0x00012ff8   0x0000006c   Code   RO         1945    i.gapc_connection_req_ind_handler  app_task.o
    0x00013064   0x00013064   0x0000004c   Code   RO         1946    i.gapc_disconnect_ind_handler  app_task.o
    0x000130b0   0x000130b0   0x000000a4   Code   RO         1947    i.gapc_get_dev_info_req_ind_handler  app_task.o
    0x00013154   0x00013154   0x00000094   Code   RO         1948    i.gapc_le_pkt_size_ind_handler  app_task.o
    0x000131e8   0x000131e8   0x00000040   Code   RO         1949    i.gapc_param_update_req_ind_handler  app_task.o
    0x00013228   0x00013228   0x0000006c   Code   RO         1950    i.gapc_param_updated_ind_handler  app_task.o
    0x00013294   0x00013294   0x00000024   Code   RO         1951    i.gapc_set_dev_info_req_ind_handler  app_task.o
    0x000132b8   0x000132b8   0x00000044   Code   RO         1952    i.gapc_update_conn_param_req_ind_handler  app_task.o
    0x000132fc   0x000132fc   0x000000f0   Code   RO         1953    i.gapm_cmp_evt_handler  app_task.o
    0x000133ec   0x000133ec   0x00000020   Code   RO         1954    i.gapm_device_ready_ind_handler  app_task.o
    0x0001340c   0x0001340c   0x0000000c   Code   RO         1955    i.gapm_profile_added_ind_handler  app_task.o
    0x00013418   0x00013418   0x00000050   Code   RO         1743    i.gattc_att_info_req_ind_handler  tuya_service_task.o
    0x00013468   0x00013468   0x00000048   Code   RO         1744    i.gattc_cmp_evt_handler  tuya_service_task.o
    0x000134b0   0x000134b0   0x00000044   Code   RO         1956    i.gattc_mtu_changed_ind_handler  app_task.o
    0x000134f4   0x000134f4   0x0000008c   Code   RO         1745    i.gattc_read_req_ind_handler  tuya_service_task.o
    0x00013580   0x00013580   0x000000ac   Code   RO         1746    i.gattc_write_req_ind_handler  tuya_service_task.o
    0x0001362c   0x0001362c   0x00000004   Code   RO         3010    i.get_trsmitr_frame_total_len  tuya_ble_mutli_tsf_protocol.o
    0x00013630   0x00013630   0x00000004   Code   RO         3012    i.get_trsmitr_subpkg  tuya_ble_mutli_tsf_protocol.o
    0x00013634   0x00013634   0x00000004   Code   RO         3013    i.get_trsmitr_subpkg_len  tuya_ble_mutli_tsf_protocol.o
    0x00013638   0x00013638   0x00000094   Code   RO          866    i.gpio_config       gpio.o
    0x000136cc   0x000136cc   0x00000020   Code   RO          868    i.gpio_get_input    gpio.o
    0x000136ec   0x000136ec   0x00000038   Code   RO          870    i.gpio_isr          gpio.o
    0x00013724   0x00013724   0x00000028   Code   RO          871    i.gpio_set          gpio.o
    0x0001374c   0x0001374c   0x00000054   Code   RO          359    i.i4AppEvtMcuHandler  mcu_handler.o
    0x000137a0   0x000137a0   0x0000007c   Code   RO          360    i.i4CheckPressPowerKey  mcu_handler.o
    0x0001381c   0x0001381c   0x00000084   Code   RO          361    i.i4KeyPowerLongPressCallBack  mcu_handler.o
    0x000138a0   0x000138a0   0x00000010   Code   RO          362    i.i4PowerButtonProcessing  mcu_handler.o
    0x000138b0   0x000138b0   0x0000003a   Code   RO           12    i.i4PwmInit         arch_main.o
    0x000138ea   0x000138ea   0x00000002   PAD
    0x000138ec   0x000138ec   0x0000000c   Code   RO         1616    i.i4utc_get_time    utc_clock.o
    0x000138f8   0x000138f8   0x00000050   Code   RO          952    i.icu_init          icu.o
    0x00013948   0x00013948   0x000001ec   Code   RO         1449    i.initial_xver_BK3432_openLoop  rf_xvr.o
    0x00013b34   0x00013b34   0x00000020   Code   RO         1003    i.intc_init         intc.o
    0x00013b54   0x00013b54   0x00000138   Code   RO         1450    i.kmod_calibration  rf_xvr.o
    0x00013c8c   0x00013c8c   0x00000848   Code   RO         2920    i.mbedtls_internal_md5_process  tuya_ble_md5.o
    0x000144d4   0x000144d4   0x00000008   Code   RO         2923    i.mbedtls_md5_finish  tuya_ble_md5.o
    0x000144dc   0x000144dc   0x000000de   Code   RO         2924    i.mbedtls_md5_finish_ret  tuya_ble_md5.o
    0x000145ba   0x000145ba   0x0000000e   Code   RO         2925    i.mbedtls_md5_free  tuya_ble_md5.o
    0x000145c8   0x000145c8   0x0000000a   Code   RO         2926    i.mbedtls_md5_init  tuya_ble_md5.o
    0x000145d2   0x000145d2   0x00000008   Code   RO         2929    i.mbedtls_md5_starts  tuya_ble_md5.o
    0x000145da   0x000145da   0x00000002   PAD
    0x000145dc   0x000145dc   0x00000028   Code   RO         2930    i.mbedtls_md5_starts_ret  tuya_ble_md5.o
    0x00014604   0x00014604   0x00000008   Code   RO         2931    i.mbedtls_md5_update  tuya_ble_md5.o
    0x0001460c   0x0001460c   0x0000007c   Code   RO         2932    i.mbedtls_md5_update_ret  tuya_ble_md5.o
    0x00014688   0x00014688   0x00000048   Code   RO           13    i.platform_reset    arch_main.o
    0x000146d0   0x000146d0   0x00000088   Code   RO         1785    i.prf_add_profile   prf.o
    0x00014758   0x00014758   0x00000034   Code   RO         1786    i.prf_cleanup       prf.o
    0x0001478c   0x0001478c   0x00000030   Code   RO         1787    i.prf_create        prf.o
    0x000147bc   0x000147bc   0x00000010   Code   RO         1788    i.prf_dst_task_get  prf.o
    0x000147cc   0x000147cc   0x00000030   Code   RO         1789    i.prf_env_get       prf.o
    0x000147fc   0x000147fc   0x00000038   Code   RO         1790    i.prf_get_id_from_task  prf.o
    0x00014834   0x00014834   0x00000038   Code   RO         1791    i.prf_get_task_from_id  prf.o
    0x0001486c   0x0001486c   0x00000074   Code   RO         1792    i.prf_init          prf.o
    0x000148e0   0x000148e0   0x00000014   Code   RO         1793    i.prf_itf_get       prf.o
    0x000148f4   0x000148f4   0x00000010   Code   RO         1794    i.prf_src_task_get  prf.o
    0x00014904   0x00014904   0x000000f8   Code   RO         1064    i.pwm_init          pwm.o
    0x000149fc   0x000149fc   0x0000003c   Code   RO         1068    i.pwm_isr           pwm.o
    0x00014a38   0x00014a38   0x00000014   Code   RO         1451    i.rf_force_agc_enable  rf_xvr.o
    0x00014a4c   0x00014a4c   0x00000048   Code   RO         1452    i.rf_init           rf_xvr.o
    0x00014a94   0x00014a94   0x00000002   Code   RO         1453    i.rf_reset          rf_xvr.o
    0x00014a96   0x00014a96   0x00000004   Code   RO         1454    i.rf_rpl_reg_rd     rf_xvr.o
    0x00014a9a   0x00014a9a   0x00000004   Code   RO         1455    i.rf_rpl_reg_wr     rf_xvr.o
    0x00014a9e   0x00014a9e   0x0000000a   Code   RO         1456    i.rf_rssi_convert   rf_xvr.o
    0x00014aa8   0x00014aa8   0x0000000e   Code   RO         1457    i.rf_sleep          rf_xvr.o
    0x00014ab6   0x00014ab6   0x00000004   Code   RO         1458    i.rf_txpwr_dbm_get  rf_xvr.o
    0x00014aba   0x00014aba   0x00000002   PAD
    0x00014abc   0x00014abc   0x0000007c   Code   RO           14    i.rom_env_init      arch_main.o
    0x00014b38   0x00014b38   0x00000008   Ven    RO           15    i.rw_main           arch_main.o
    0x00014b40   0x00014b40   0x000000fc   Code   RO           15    i.rw_main           arch_main.o
    0x00014c3c   0x00014c3c   0x0000001c   Code   RO          420    i.rwble_hl_init     rwble_hl.o
    0x00014c58   0x00014c58   0x0000001c   Code   RO          421    i.rwble_hl_reset    rwble_hl.o
    0x00014c74   0x00014c74   0x0000001c   Code   RO          463    i.rwble_init        rwble.o
    0x00014c90   0x00014c90   0x00000094   Code   RO          464    i.rwble_isr         rwble.o
    0x00014d24   0x00014d24   0x00000056   Code   RO          465    i.rwble_reset       rwble.o
    0x00014d7a   0x00014d7a   0x00000002   PAD
    0x00014d7c   0x00014d7c   0x00000028   Code   RO           16    i.rwip_eif_api_init  arch_main.o
    0x00014da4   0x00014da4   0x00000068   Code   RO          586    i.rwip_init         rwip.o
    0x00014e0c   0x00014e0c   0x0000003c   Code   RO          589    i.rwip_reset        rwip.o
    0x00014e48   0x00014e48   0x00000008   Code   RO          590    i.rwip_schedule     rwip.o
    0x00014e50   0x00014e50   0x00000022   Code   RO         3290    i.sys_settings_crc_ok  tuya_ble_storage.o
    0x00014e72   0x00014e72   0x00000002   PAD
    0x00014e74   0x00014e74   0x0000000c   Code   RO          956    i.system_sleep_init  icu.o
    0x00014e80   0x00014e80   0x00000002   Code   RO         1123    i.timer_init        timer.o
    0x00014e82   0x00014e82   0x0000000a   Code   RO         3016    i.trsmitr_init      tuya_ble_mutli_tsf_protocol.o
    0x00014e8c   0x00014e8c   0x0000010c   Code   RO         3017    i.trsmitr_recv_pkg_decode  tuya_ble_mutli_tsf_protocol.o
    0x00014f98   0x00014f98   0x000000fc   Code   RO         3018    i.trsmitr_send_pkg_encode  tuya_ble_mutli_tsf_protocol.o
    0x00015094   0x00015094   0x0000006c   Code   RO         3682    i.tuya_ble_Add_Pkcs  tuya_ble_sdk_lib_bk3432.lib(tuya_ble_secure.o)
    0x00015100   0x00015100   0x00000120   Code   RO         2851    i.tuya_ble_adv_change  tuya_ble_main.o
    0x00015220   0x00015220   0x00000058   Code   RO         3683    i.tuya_ble_aes128_cbc_encrypt  tuya_ble_sdk_lib_bk3432.lib(tuya_ble_secure.o)
    0x00015278   0x00015278   0x00000064   Code   RO         3684    i.tuya_ble_aes128_ecb_encrypt  tuya_ble_sdk_lib_bk3432.lib(tuya_ble_secure.o)
    0x000152dc   0x000152dc   0x0000001c   Code   RO         2606    i.tuya_ble_air_recv_packet_free  tuya_ble_data_handler.o
    0x000152f8   0x000152f8   0x000000d8   Code   RO         2135    i.tuya_ble_app_init  app_tuya.o
    0x000153d0   0x000153d0   0x00000198   Code   RO         3470    i.tuya_ble_app_production_test_process  tuya_ble_app_production_test.o
    0x00015568   0x00015568   0x00000110   Code   RO         3471    i.tuya_ble_auc_gpio_test  tuya_ble_app_production_test.o
    0x00015678   0x00015678   0x00000154   Code   RO         3472    i.tuya_ble_auc_query_fingerprint  tuya_ble_app_production_test.o
    0x000157cc   0x000157cc   0x000000d4   Code   RO         3473    i.tuya_ble_auc_query_hid  tuya_ble_app_production_test.o
    0x000158a0   0x000158a0   0x000002d8   Code   RO         3474    i.tuya_ble_auc_query_info  tuya_ble_app_production_test.o
    0x00015b78   0x00015b78   0x0000011c   Code   RO         3475    i.tuya_ble_auc_rssi_test  tuya_ble_app_production_test.o
    0x00015c94   0x00015c94   0x000001dc   Code   RO         3476    i.tuya_ble_auc_write_auth_info  tuya_ble_app_production_test.o
    0x00015e70   0x00015e70   0x000001d8   Code   RO         3477    i.tuya_ble_auc_write_hid  tuya_ble_app_production_test.o
    0x00016048   0x00016048   0x00000018   Code   RO         3101    i.tuya_ble_auto_recovery_from_resetting_timer_start  tuya_ble_port.o
    0x00016060   0x00016060   0x00000010   Code   RO         3102    i.tuya_ble_auto_recovery_from_resetting_timer_stop  tuya_ble_port.o
    0x00016070   0x00016070   0x00000020   Code   RO         3398    i.tuya_ble_buffer_value_is_all_x  tuya_ble_utils.o
    0x00016090   0x00016090   0x00000030   Code   RO         2411    i.tuya_ble_callback_queue_register  tuya_ble_api.o
    0x000160c0   0x000160c0   0x00000020   Code   RO         2852    i.tuya_ble_cb_event_send  tuya_ble_main.o
    0x000160e0   0x000160e0   0x00000018   Code   RO         3400    i.tuya_ble_check_sum  tuya_ble_utils.o
    0x000160f8   0x000160f8   0x000002c8   Code   RO         2607    i.tuya_ble_commData_send  tuya_ble_data_handler.o
    0x000163c0   0x000163c0   0x000003c4   Code   RO         2608    i.tuya_ble_commonData_rx_proc  tuya_ble_data_handler.o
    0x00016784   0x00016784   0x000000f4   Code   RO         2412    i.tuya_ble_common_uart_data_unpack  tuya_ble_api.o
    0x00016878   0x00016878   0x00000004   Code   RO         3103    i.tuya_ble_common_uart_init  tuya_ble_port.o
    0x0001687c   0x0001687c   0x00000108   Code   RO         2413    i.tuya_ble_common_uart_receive_data  tuya_ble_api.o
    0x00016984   0x00016984   0x0000000a   Code   RO         3104    i.tuya_ble_common_uart_send_data  tuya_ble_port.o
    0x0001698e   0x0001698e   0x00000002   Code   RO         3105    i.tuya_ble_connect_monitor_timer_init  tuya_ble_port.o
    0x00016990   0x00016990   0x00000018   Code   RO         3106    i.tuya_ble_connect_monitor_timer_start  tuya_ble_port.o
    0x000169a8   0x000169a8   0x00000010   Code   RO         3107    i.tuya_ble_connect_monitor_timer_stop  tuya_ble_port.o
    0x000169b8   0x000169b8   0x0000000c   Code   RO         2853    i.tuya_ble_connect_status_get  tuya_ble_main.o
    0x000169c4   0x000169c4   0x00000018   Code   RO         2854    i.tuya_ble_connect_status_set  tuya_ble_main.o
    0x000169dc   0x000169dc   0x0000005c   Code   RO         2415    i.tuya_ble_connected_handler  tuya_ble_api.o
    0x00016a38   0x00016a38   0x0000003c   Code   RO         3401    i.tuya_ble_crc16_compute  tuya_ble_utils.o
    0x00016a74   0x00016a74   0x0000003c   Code   RO         3402    i.tuya_ble_crc32_compute  tuya_ble_utils.o
    0x00016ab0   0x00016ab0   0x00000002   Code   RO         2250    i.tuya_ble_custom_app_production_test_process  custom_app_product_test.o
    0x00016ab2   0x00016ab2   0x00000002   Code   RO         2293    i.tuya_ble_custom_app_uart_common_process  custom_app_uart_common_handler.o
    0x00016ab4   0x00016ab4   0x00000134   Code   RO         3685    i.tuya_ble_decryption  tuya_ble_sdk_lib_bk3432.lib(tuya_ble_secure.o)
    0x00016be8   0x00016be8   0x00000036   Code   RO         3602    i.tuya_ble_dequeue  tuya_ble_queue.o
    0x00016c1e   0x00016c1e   0x00000008   Code   RO         3108    i.tuya_ble_device_delay_ms  tuya_ble_port.o
    0x00016c26   0x00016c26   0x0000000c   Code   RO         3109    i.tuya_ble_device_enter_critical  tuya_ble_port.o
    0x00016c32   0x00016c32   0x0000000c   Code   RO         3110    i.tuya_ble_device_exit_critical  tuya_ble_port.o
    0x00016c3e   0x00016c3e   0x00000002   PAD
    0x00016c40   0x00016c40   0x0000005c   Code   RO         2416    i.tuya_ble_device_factory_reset  tuya_ble_api.o
    0x00016c9c   0x00016c9c   0x0000008a   Code   RO         3403    i.tuya_ble_device_id_16_to_20  tuya_ble_utils.o
    0x00016d26   0x00016d26   0x00000086   Code   RO         3404    i.tuya_ble_device_id_20_to_16  tuya_ble_utils.o
    0x00016dac   0x00016dac   0x00000098   Code   RO         3686    i.tuya_ble_device_id_encrypt  tuya_ble_sdk_lib_bk3432.lib(tuya_ble_secure.o)
    0x00016e44   0x00016e44   0x0000000c   Code   RO         3111    i.tuya_ble_device_reset  tuya_ble_port.o
    0x00016e50   0x00016e50   0x00000018   Code   RO         3112    i.tuya_ble_device_reset_time_delay_ms  tuya_ble_port.o
    0x00016e68   0x00016e68   0x00000038   Code   RO         2609    i.tuya_ble_device_unbond  tuya_ble_data_handler.o
    0x00016ea0   0x00016ea0   0x00000060   Code   RO         2420    i.tuya_ble_disconnected_handler  tuya_ble_api.o
    0x00016f00   0x00016f00   0x00000088   Code   RO         2421    i.tuya_ble_dp_data_report  tuya_ble_api.o
    0x00016f88   0x00016f88   0x000000c0   Code   RO         3687    i.tuya_ble_encrypt_old_with_key  tuya_ble_sdk_lib_bk3432.lib(tuya_ble_secure.o)
    0x00017048   0x00017048   0x000000cc   Code   RO         3688    i.tuya_ble_encryption  tuya_ble_sdk_lib_bk3432.lib(tuya_ble_secure.o)
    0x00017114   0x00017114   0x00000034   Code   RO         3603    i.tuya_ble_enqueue  tuya_ble_queue.o
    0x00017148   0x00017148   0x00000018   Code   RO         2856    i.tuya_ble_event_init  tuya_ble_main.o
    0x00017160   0x00017160   0x000000f4   Code   RO         2857    i.tuya_ble_event_process  tuya_ble_main.o
    0x00017254   0x00017254   0x00000050   Code   RO         2858    i.tuya_ble_event_send  tuya_ble_main.o
    0x000172a4   0x000172a4   0x00000328   Code   RO         2610    i.tuya_ble_evt_process  tuya_ble_data_handler.o
    0x000175cc   0x000175cc   0x0000000e   Code   RO         3113    i.tuya_ble_free     tuya_ble_port.o
    0x000175da   0x000175da   0x0000000a   Code   RO         3114    i.tuya_ble_gap_advertising_adv_data_update  tuya_ble_port.o
    0x000175e4   0x000175e4   0x0000000a   Code   RO         3115    i.tuya_ble_gap_disconnect  tuya_ble_port.o
    0x000175ee   0x000175ee   0x00000002   PAD
    0x000175f0   0x000175f0   0x0000003c   Code   RO         2427    i.tuya_ble_gatt_receive_data  tuya_ble_api.o
    0x0001762c   0x0001762c   0x0000000e   Code   RO         3116    i.tuya_ble_gatt_send_data  tuya_ble_port.o
    0x0001763a   0x0001763a   0x00000002   PAD
    0x0001763c   0x0001763c   0x00000058   Code   RO         3650    i.tuya_ble_gatt_send_data_enqueue  tuya_ble_gatt_send_queue.o
    0x00017694   0x00017694   0x000000c0   Code   RO         3651    i.tuya_ble_gatt_send_data_handle  tuya_ble_gatt_send_queue.o
    0x00017754   0x00017754   0x00000028   Code   RO         3652    i.tuya_ble_gatt_send_queue_free  tuya_ble_gatt_send_queue.o
    0x0001777c   0x0001777c   0x00000020   Code   RO         3653    i.tuya_ble_gatt_send_queue_init  tuya_ble_gatt_send_queue.o
    0x0001779c   0x0001779c   0x00000004   Code   RO         3604    i.tuya_ble_get_queue_used  tuya_ble_queue.o
    0x000177a0   0x000177a0   0x00000074   Code   RO         2611    i.tuya_ble_handle_anomaly_unbond_req  tuya_ble_data_handler.o
    0x00017814   0x00017814   0x00000064   Code   RO         2742    i.tuya_ble_handle_auto_recovery_from_resetting_timeout_evt  tuya_ble_event_handler.o
    0x00017878   0x00017878   0x0000001e   Code   RO         2743    i.tuya_ble_handle_ble_cmd_evt  tuya_ble_event_handler.o
    0x00017896   0x00017896   0x00000008   Code   RO         2744    i.tuya_ble_handle_ble_data_evt  tuya_ble_event_handler.o
    0x0001789e   0x0001789e   0x00000002   PAD
    0x000178a0   0x000178a0   0x00000168   Code   RO         2745    i.tuya_ble_handle_connect_change_evt  tuya_ble_event_handler.o
    0x00017a08   0x00017a08   0x00000040   Code   RO         2746    i.tuya_ble_handle_data_prod_test_response_evt  tuya_ble_event_handler.o
    0x00017a48   0x00017a48   0x00000100   Code   RO         2612    i.tuya_ble_handle_dev_info_req  tuya_ble_data_handler.o
    0x00017b48   0x00017b48   0x00000038   Code   RO         2747    i.tuya_ble_handle_device_info_update_evt  tuya_ble_event_handler.o
    0x00017b80   0x00017b80   0x00000080   Code   RO         2613    i.tuya_ble_handle_device_reset_req  tuya_ble_data_handler.o
    0x00017c00   0x00017c00   0x0000004c   Code   RO         2748    i.tuya_ble_handle_device_unbind_evt  tuya_ble_event_handler.o
    0x00017c4c   0x00017c4c   0x00000030   Code   RO         2749    i.tuya_ble_handle_dp_data_reported_evt  tuya_ble_event_handler.o
    0x00017c7c   0x00017c7c   0x00000090   Code   RO         2750    i.tuya_ble_handle_dp_data_with_flag_and_time_reported_evt  tuya_ble_event_handler.o
    0x00017d0c   0x00017d0c   0x00000084   Code   RO         2751    i.tuya_ble_handle_dp_data_with_flag_and_time_string_reported_evt  tuya_ble_event_handler.o
    0x00017d90   0x00017d90   0x00000030   Code   RO         2752    i.tuya_ble_handle_dp_data_with_flag_reported_evt  tuya_ble_event_handler.o
    0x00017dc0   0x00017dc0   0x00000080   Code   RO         2753    i.tuya_ble_handle_dp_data_with_time_reported_evt  tuya_ble_event_handler.o
    0x00017e40   0x00017e40   0x00000078   Code   RO         2754    i.tuya_ble_handle_dp_data_with_time_string_reported_evt  tuya_ble_event_handler.o
    0x00017eb8   0x00017eb8   0x000000bc   Code   RO         2614    i.tuya_ble_handle_dp_query_req  tuya_ble_data_handler.o
    0x00017f74   0x00017f74   0x000001ac   Code   RO         2615    i.tuya_ble_handle_dp_write_req  tuya_ble_data_handler.o
    0x00018120   0x00018120   0x000000cc   Code   RO         2755    i.tuya_ble_handle_factory_reset_evt  tuya_ble_event_handler.o
    0x000181ec   0x000181ec   0x00000090   Code   RO         2175    i.tuya_ble_handle_ota_req  app_tuya_ota.o
    0x0001827c   0x0001827c   0x000002d8   Code   RO         2616    i.tuya_ble_handle_pair_req  tuya_ble_data_handler.o
    0x00018554   0x00018554   0x00000034   Code   RO         2756    i.tuya_ble_handle_time_request_evt  tuya_ble_event_handler.o
    0x00018588   0x00018588   0x000000b8   Code   RO         2757    i.tuya_ble_handle_uart_cmd_evt  tuya_ble_event_handler.o
    0x00018640   0x00018640   0x00000070   Code   RO         2617    i.tuya_ble_handle_unbond_req  tuya_ble_data_handler.o
    0x000186b0   0x000186b0   0x000000dc   Code   RO         2618    i.tuya_ble_handle_unix_time_char_ms_resp  tuya_ble_data_handler.o
    0x0001878c   0x0001878c   0x000000e8   Code   RO         2619    i.tuya_ble_handle_unix_time_date_resp  tuya_ble_data_handler.o
    0x00018874   0x00018874   0x0000004c   Code   RO         2859    i.tuya_ble_inter_event_response  tuya_ble_main.o
    0x000188c0   0x000188c0   0x00000248   Code   RO         3689    i.tuya_ble_key_generate  tuya_ble_sdk_lib_bk3432.lib(tuya_ble_secure.o)
    0x00018b08   0x00018b08   0x00000018   Code   RO         3117    i.tuya_ble_malloc   tuya_ble_port.o
    0x00018b20   0x00018b20   0x00000054   Code   RO         3690    i.tuya_ble_md5_crypt  tuya_ble_sdk_lib_bk3432.lib(tuya_ble_secure.o)
    0x00018b74   0x00018b74   0x00000028   Code   RO         3118    i.tuya_ble_message_send  tuya_ble_port.o
    0x00018b9c   0x00018b9c   0x0000007c   Code   RO         3359    i.tuya_ble_mytime_2_utc_sec  tuya_ble_unix_time.o
    0x00018c18   0x00018c18   0x0000002a   Code   RO         3119    i.tuya_ble_nv_erase  tuya_ble_port.o
    0x00018c42   0x00018c42   0x00000004   Code   RO         3120    i.tuya_ble_nv_init  tuya_ble_port.o
    0x00018c46   0x00018c46   0x00000010   Code   RO         3121    i.tuya_ble_nv_read  tuya_ble_port.o
    0x00018c56   0x00018c56   0x00000010   Code   RO         3122    i.tuya_ble_nv_write  tuya_ble_port.o
    0x00018c66   0x00018c66   0x00000002   PAD
    0x00018c68   0x00018c68   0x0000001c   Code   RO         2622    i.tuya_ble_pair_rand_clear  tuya_ble_data_handler.o
    0x00018c84   0x00018c84   0x0000000c   Code   RO         2623    i.tuya_ble_pair_rand_valid_get  tuya_ble_data_handler.o
    0x00018c90   0x00018c90   0x0000008c   Code   RO         3480    i.tuya_ble_prod_asciitohex  tuya_ble_app_production_test.o
    0x00018d1c   0x00018d1c   0x0000000a   Code   RO         2251    i.tuya_ble_prod_beacon_get_rssi_avg  custom_app_product_test.o
    0x00018d26   0x00018d26   0x00000004   Code   RO         2252    i.tuya_ble_prod_beacon_scan_start  custom_app_product_test.o
    0x00018d2a   0x00018d2a   0x00000004   Code   RO         2253    i.tuya_ble_prod_beacon_scan_stop  custom_app_product_test.o
    0x00018d2e   0x00018d2e   0x00000004   Code   RO         2254    i.tuya_ble_prod_gpio_test  custom_app_product_test.o
    0x00018d32   0x00018d32   0x0000001c   Code   RO         3605    i.tuya_ble_queue_decrease  tuya_ble_queue.o
    0x00018d4e   0x00018d4e   0x0000000a   Code   RO         3606    i.tuya_ble_queue_flush  tuya_ble_queue.o
    0x00018d58   0x00018d58   0x00000022   Code   RO         3607    i.tuya_ble_queue_get  tuya_ble_queue.o
    0x00018d7a   0x00018d7a   0x0000001e   Code   RO         3608    i.tuya_ble_queue_init  tuya_ble_queue.o
    0x00018d98   0x00018d98   0x0000003a   Code   RO         3123    i.tuya_ble_rand_generator  tuya_ble_port.o
    0x00018dd2   0x00018dd2   0x00000002   PAD
    0x00018dd4   0x00018dd4   0x0000002c   Code   RO         3691    i.tuya_ble_register_key_generate  tuya_ble_sdk_lib_bk3432.lib(tuya_ble_secure.o)
    0x00018e00   0x00018e00   0x0000001c   Code   RO         2624    i.tuya_ble_reset_ble_sn  tuya_ble_data_handler.o
    0x00018e1c   0x00018e1c   0x00000004   Code   RO         3125    i.tuya_ble_rtc_set_timestamp  tuya_ble_port.o
    0x00018e20   0x00018e20   0x00000300   Code   RO         2429    i.tuya_ble_sdk_init  tuya_ble_api.o
    0x00019120   0x00019120   0x0000000c   Code   RO         2625    i.tuya_ble_set_device_version  tuya_ble_data_handler.o
    0x0001912c   0x0001912c   0x00000010   Code   RO         3291    i.tuya_ble_storage_init  tuya_ble_storage.o
    0x0001913c   0x0001913c   0x000000f4   Code   RO         3292    i.tuya_ble_storage_load_settings  tuya_ble_storage.o
    0x00019230   0x00019230   0x0000010c   Code   RO         3293    i.tuya_ble_storage_load_sys_settings  tuya_ble_storage.o
    0x0001933c   0x0001933c   0x000000fc   Code   RO         3295    i.tuya_ble_storage_save_auth_settings  tuya_ble_storage.o
    0x00019438   0x00019438   0x0000018c   Code   RO         3296    i.tuya_ble_storage_save_sys_settings  tuya_ble_storage.o
    0x000195c4   0x000195c4   0x000000e8   Code   RO         3297    i.tuya_ble_storage_write_auth_key_device_id_mac  tuya_ble_storage.o
    0x000196ac   0x000196ac   0x00000038   Code   RO         3298    i.tuya_ble_storage_write_hid  tuya_ble_storage.o
    0x000196e4   0x000196e4   0x00000040   Code   RO         3582    i.tuya_ble_uart_common_process  tuya_ble_app_uart_common_handler.o
    0x00019724   0x00019724   0x00000098   Code   RO         3485    i.tuya_ble_uart_prod_send  tuya_ble_app_production_test.o
    0x000197bc   0x000197bc   0x00000020   Code   RO         2431    i.tuya_ble_vtimer_connect_monitor_callback  tuya_ble_api.o
    0x000197dc   0x000197dc   0x00000010   Code   RO         3486    i.tuya_ble_vtimer_prod_monitor_callback  tuya_ble_app_production_test.o
    0x000197ec   0x000197ec   0x0000034c   Code   RO         2136    i.tuya_cb_handler   app_tuya.o
    0x00019b38   0x00019b38   0x0000003c   Code   RO         3126    i.tuya_hexdump      tuya_ble_port.o
    0x00019b74   0x00019b74   0x0000021c   Code   RO         2176    i.tuya_ota_data_req  app_tuya_ota.o
    0x00019d90   0x00019d90   0x00000194   Code   RO         2177    i.tuya_ota_end_req  app_tuya_ota.o
    0x00019f24   0x00019f24   0x000002b0   Code   RO         2178    i.tuya_ota_file_info_req  app_tuya_ota.o
    0x0001a1d4   0x0001a1d4   0x00000030   Code   RO         2179    i.tuya_ota_init     app_tuya_ota.o
    0x0001a204   0x0001a204   0x00000018   Code   RO         2180    i.tuya_ota_init_disconnect  app_tuya_ota.o
    0x0001a21c   0x0001a21c   0x000000c4   Code   RO         2181    i.tuya_ota_offset_req  app_tuya_ota.o
    0x0001a2e0   0x0001a2e0   0x00000060   Code   RO         2182    i.tuya_ota_start_req  app_tuya_ota.o
    0x0001a340   0x0001a340   0x00000028   Code   RO         2068    i.tuyas_char_notify_level_ntf_cfg_ind_handler  app_tuya_service.o
    0x0001a368   0x0001a368   0x00000004   Code   RO         2069    i.tuyas_char_notify_level_upd_handler  app_tuya_service.o
    0x0001a36c   0x0001a36c   0x00000038   Code   RO         1747    i.tuyas_char_notify_level_upd_req_handler  tuya_service_task.o
    0x0001a3a4   0x0001a3a4   0x0000001c   Code   RO         2070    i.tuyas_char_notify_period_ntf_handler  app_tuya_service.o
    0x0001a3c0   0x0001a3c0   0x00000054   Code   RO         2071    i.tuyas_char_write_writer_req_handler  app_tuya_service.o
    0x0001a414   0x0001a414   0x0000000c   Code   RO         1671    i.tuyas_cleanup     tuya_service.o
    0x0001a420   0x0001a420   0x0000000c   Code   RO         1672    i.tuyas_create      tuya_service.o
    0x0001a42c   0x0001a42c   0x0000001c   Code   RO         1673    i.tuyas_destroy     tuya_service.o
    0x0001a448   0x0001a448   0x00000030   Code   RO         1674    i.tuyas_get_att_handle  tuya_service.o
    0x0001a478   0x0001a478   0x0000003c   Code   RO         1675    i.tuyas_get_att_idx  tuya_service.o
    0x0001a4b4   0x0001a4b4   0x000000d0   Code   RO         1676    i.tuyas_init        tuya_service.o
    0x0001a584   0x0001a584   0x00000040   Code   RO         1677    i.tuyas_notify_value_lvl  tuya_service.o
    0x0001a5c4   0x0001a5c4   0x00000008   Code   RO         1678    i.tuyas_prf_itf_get  tuya_service.o
    0x0001a5cc   0x0001a5cc   0x000000ac   Code   RO         1348    i.uart2_init        uart2.o
    0x0001a678   0x0001a678   0x00000080   Code   RO         1349    i.uart2_isr         uart2.o
    0x0001a6f8   0x0001a6f8   0x00000020   Code   RO         1351    i.uart2_send        uart2.o
    0x0001a718   0x0001a718   0x00000024   Code   RO         1203    i.uart_clear_rxfifo  uart.o
    0x0001a73c   0x0001a73c   0x0000001c   Code   RO         1204    i.uart_finish_transfers  uart.o
    0x0001a758   0x0001a758   0x00000004   Code   RO         1205    i.uart_flow_off     uart.o
    0x0001a75c   0x0001a75c   0x00000002   Code   RO         1206    i.uart_flow_on      uart.o
    0x0001a75e   0x0001a75e   0x00000002   PAD
    0x0001a760   0x0001a760   0x000000b0   Code   RO         1207    i.uart_init         uart.o
    0x0001a810   0x0001a810   0x00000074   Code   RO         1208    i.uart_isr          uart.o
    0x0001a884   0x0001a884   0x00000040   Code   RO         1210    i.uart_printf       uart.o
    0x0001a8c4   0x0001a8c4   0x00000028   Code   RO         1212    i.uart_putchar      uart.o
    0x0001a8ec   0x0001a8ec   0x0000007c   Code   RO         1213    i.uart_read         uart.o
    0x0001a968   0x0001a968   0x000000b0   Code   RO         1215    i.uart_write        uart.o
    0x0001aa18   0x0001aa18   0x00000080   Code   RO         1622    i.utc_update        utc_clock.o
    0x0001aa98   0x0001aa98   0x00000024   Code   RO         1166    i.wdt_disable       wdt.o
    0x0001aabc   0x0001aabc   0x00000030   Code   RO         1167    i.wdt_enable        wdt.o
    0x0001aaec   0x0001aaec   0x00000024   Code   RO         1168    i.wdt_feed          wdt.o
    0x0001ab10   0x0001ab10   0x00000010   Code   RO         2324    i.xtime             tuya_ble_aes.o
    0x0001ab20   0x0001ab20   0x0000002e   Data   RO           21    .constdata          arch_main.o
    0x0001ab4e   0x0001ab4e   0x00000002   PAD
    0x0001ab50   0x0001ab50   0x00000040   Data   RO         1679    .constdata          tuya_service.o
    0x0001ab90   0x0001ab90   0x00000028   Data   RO         1748    .constdata          tuya_service_task.o
    0x0001abb8   0x0001abb8   0x00000008   Data   RO         1749    .constdata          tuya_service_task.o
    0x0001abc0   0x0001abc0   0x00000014   Data   RO         1871    .constdata          app.o
    0x0001abd4   0x0001abd4   0x00000098   Data   RO         1957    .constdata          app_task.o
    0x0001ac6c   0x0001ac6c   0x00000008   Data   RO         1958    .constdata          app_task.o
    0x0001ac74   0x0001ac74   0x000000b3   Data   RO         1959    .constdata          app_task.o
    0x0001ad27   0x0001ad27   0x00000001   PAD
    0x0001ad28   0x0001ad28   0x00000028   Data   RO         2073    .constdata          app_tuya_service.o
    0x0001ad50   0x0001ad50   0x00000008   Data   RO         2074    .constdata          app_tuya_service.o
    0x0001ad58   0x0001ad58   0x0000001a   Data   RO         2075    .constdata          app_tuya_service.o
    0x0001ad72   0x0001ad72   0x00000038   Data   RO         2138    .constdata          app_tuya.o
    0x0001adaa   0x0001adaa   0x000002ff   Data   RO         2326    .constdata          tuya_ble_aes.o
    0x0001b0a9   0x0001b0a9   0x0000003a   Data   RO         2861    .constdata          tuya_ble_main.o
    0x0001b0e3   0x0001b0e3   0x0000000c   Data   RO         3362    .constdata          tuya_ble_unix_time.o
    0x0001b0ef   0x0001b0ef   0x00000001   PAD
    0x0001b0f0   0x0001b0f0   0x00000004   Data   RO         3408    .constdata          tuya_ble_utils.o
    0x0001b0f4   0x0001b0f4   0x00000054   Data   RO         3487    .constdata          tuya_ble_app_production_test.o
    0x0001b148   0x0001b148   0x00000081   Data   RO         4075    .constdata          mc_5.l(ctype_o.o)
    0x0001b1c9   0x0001b1c9   0x00000003   PAD
    0x0001b1cc   0x0001b1cc   0x00000004   Data   RO         4076    .constdata          mc_5.l(ctype_o.o)
    0x0001b1d0   0x0001b1d0   0x00000059   Data   RO         1960    .conststring        app_task.o
    0x0001b229   0x0001b229   0x00000003   PAD
    0x0001b22c   0x0001b22c   0x00000179   Data   RO         2139    .conststring        app_tuya.o
    0x0001b3a5   0x0001b3a5   0x00000003   PAD
    0x0001b3a8   0x0001b3a8   0x00000428   Data   RO         2186    .conststring        app_tuya_ota.o
    0x0001b7d0   0x0001b7d0   0x000000df   Data   RO         2433    .conststring        tuya_ble_api.o
    0x0001b8af   0x0001b8af   0x00000001   PAD
    0x0001b8b0   0x0001b8b0   0x00000a72   Data   RO         2627    .conststring        tuya_ble_data_handler.o
    0x0001c322   0x0001c322   0x00000002   PAD
    0x0001c324   0x0001c324   0x0000049b   Data   RO         2758    .conststring        tuya_ble_event_handler.o
    0x0001c7bf   0x0001c7bf   0x00000001   PAD
    0x0001c7c0   0x0001c7c0   0x00000042   Data   RO         2862    .conststring        tuya_ble_main.o
    0x0001c802   0x0001c802   0x00000002   PAD
    0x0001c804   0x0001c804   0x000000c9   Data   RO         3300    .conststring        tuya_ble_storage.o
    0x0001c8cd   0x0001c8cd   0x00000003   PAD
    0x0001c8d0   0x0001c8d0   0x0000013b   Data   RO         3488    .conststring        tuya_ble_app_production_test.o


    Execution Region RAM_DATA (Exec base: 0x00400620, Load base: 0x0001ca0c, Size: 0x000000c8, Max: 0xffffffff, ABSOLUTE)

    Exec Addr    Load Addr    Size         Type   Attr      Idx    E Section Name        Object

    0x00400620   0x0001ca0c   0x00000008   Data   RW          364    .data               mcu_handler.o
    0x00400628   0x0001ca14   0x0000002c   Data   RW          877    .data               gpio.o
    0x00400654   0x0001ca40   0x00000002   Data   RW         1169    .data               wdt.o
    0x00400656   0x0001ca42   0x00000002   PAD
    0x00400658   0x0001ca44   0x00000010   Data   RW         1217    .data               uart.o
    0x00400668   0x0001ca54   0x0000000c   Data   RW         1353    .data               uart2.o
    0x00400674   0x0001ca60   0x00000010   Data   RW         1623    .data               utc_clock.o
    0x00400684   0x0001ca70   0x00000001   Data   RW         1961    .data               app_task.o
    0x00400685   0x0001ca71   0x00000002   Data   RW         2076    .data               app_tuya_service.o
    0x00400687   0x0001ca73   0x00000001   PAD
    0x00400688   0x0001ca74   0x00000002   Data   RW         2140    .data               app_tuya.o
    0x0040068a   0x0001ca76   0x00000008   Data   RW         2187    .data               app_tuya_ota.o
    0x00400692   0x0001ca7e   0x00000002   PAD
    0x00400694   0x0001ca80   0x0000000c   Data   RW         2327    .data               tuya_ble_aes.o
    0x004006a0   0x0001ca8c   0x00000009   Data   RW         2434    .data               tuya_ble_api.o
    0x004006a9   0x0001ca95   0x00000003   PAD
    0x004006ac   0x0001ca98   0x0000002c   Data   RW         2628    .data               tuya_ble_data_handler.o
    0x004006d8   0x0001cac4   0x00000008   Data   RW         2863    .data               tuya_ble_main.o
    0x004006e0   0x0001cacc   0x00000001   Data   RW         3019    .data               tuya_ble_mutli_tsf_protocol.o
    0x004006e1   0x0001cacd   0x00000002   Data   RW         3489    .data               tuya_ble_app_production_test.o
    0x004006e3   0x0001cacf   0x00000001   Data   RW         3655    .data               tuya_ble_gatt_send_queue.o
    0x004006e4   0x0001cad0   0x00000004   Data   RW         4054    .data               mc_5.l(errno.o)


    Execution Region RAM_BSS (Exec base: 0x004006e8, Load base: 0x0001cad4, Size: 0x00002228, Max: 0xffffffff, ABSOLUTE)

    Exec Addr    Load Addr    Size         Type   Attr      Idx    E Section Name        Object

    0x004006e8        -       0x00000010   Zero   RW           20    .bss                arch_main.o
    0x004006f8        -       0x0000154c   Zero   RW          596    .bss                rwip.o
    0x00401c44        -       0x0000000c   Zero   RW          597    .bss                rwip.o
    0x00401c50        -       0x0000000c   Zero   RW          780    .bss                flash.o
    0x00401c5c        -       0x00000014   Zero   RW         1069    .bss                pwm.o
    0x00401c70        -       0x000000d4   Zero   RW         1216    .bss                uart.o
    0x00401d44        -       0x00000054   Zero   RW         1352    .bss                uart2.o
    0x00401d98        -       0x00000024   Zero   RW         1459    .bss                rf_xvr.o
    0x00401dbc        -       0x00000030   Zero   RW         1795    .bss                prf.o
    0x00401dec        -       0x00000028   Zero   RW         1870    .bss                app.o
    0x00401e14        -       0x00000172   Zero   RW         2137    .bss                app_tuya.o
    0x00401f86   0x0001cad4   0x00000002   PAD
    0x00401f88        -       0x00000250   Zero   RW         2185    .bss                app_tuya_ota.o
    0x004021d8        -       0x000000b0   Zero   RW         2325    .bss                tuya_ble_aes.o
    0x00402288        -       0x0000012c   Zero   RW         2432    .bss                tuya_ble_api.o
    0x004023b4        -       0x00000064   Zero   RW         2626    .bss                tuya_ble_data_handler.o
    0x00402418        -       0x0000023a   Zero   RW         2860    .bss                tuya_ble_main.o
    0x00402652   0x0001cad4   0x00000002   PAD
    0x00402654        -       0x000000ac   Zero   RW         3654    .bss                tuya_ble_gatt_send_queue.o
    0x00402700        -       0x00000210   Zero   RW         3692    .bss                tuya_ble_sdk_lib_bk3432.lib(tuya_ble_secure.o)


    Execution Region RAM_STACK_UNUSED (Exec base: 0x0040330c, Load base: 0x0001cad4, Size: 0x00000020, Max: 0x00000020, ABSOLUTE)

    Exec Addr    Load Addr    Size         Type   Attr      Idx    E Section Name        Object

    0x0040330c        -       0x00000020   Zero   RW            1    RAM_STACK_UNUSED.bss  anon$$obj.o


    Execution Region RAM_STACK_SVC (Exec base: 0x0040332c, Load base: 0x0001cad4, Size: 0x000006f0, Max: 0x000006f0, ABSOLUTE)

    Exec Addr    Load Addr    Size         Type   Attr      Idx    E Section Name        Object

    0x0040332c        -       0x000006f0   Zero   RW            2    RAM_STACK_SVC.bss   anon$$obj.o


    Execution Region RAM_STACK_IRQ (Exec base: 0x00403a1c, Load base: 0x0001cad4, Size: 0x000002f0, Max: 0x000002f0, ABSOLUTE)

    Exec Addr    Load Addr    Size         Type   Attr      Idx    E Section Name        Object

    0x00403a1c        -       0x000002f0   Zero   RW            3    RAM_STACK_IRQ.bss   anon$$obj.o


    Execution Region RAM_STACK_FIQ (Exec base: 0x00403d0c, Load base: 0x0001cad4, Size: 0x000002f0, Max: 0x000002f0, ABSOLUTE)

    Exec Addr    Load Addr    Size         Type   Attr      Idx    E Section Name        Object

    0x00403d0c        -       0x000002f0   Zero   RW            4    RAM_STACK_FIQ.bss   anon$$obj.o


==============================================================================

Image component sizes


      Code (inc. data)   RO Data    RW Data    ZI Data      Debug   Object Name

       584        160         20          0         40       8970   app.o
      1702        728        428          1          0      15009   app_task.o
      1096        758        433          2        370       3419   app_tuya.o
      2260        950       1064          8        592       9405   app_tuya_ota.o
       300         98         74          2          0       6617   app_tuya_service.o
      1082        462         46          0         16      90592   arch_main.o
       500         76          0          0          0        416   boot_handlers.o
        92         32          0          0          0        364   boot_vectors.o
        24          0          0          0          0       3759   custom_app_product_test.o
         2          0          0          0          0       1690   custom_app_uart_common_handler.o
        24          4          0          0          0       1095   emi.o
       504         64          0          0         12       7500   flash.o
       276         32          0         44          0       4085   gpio.o
        92         16          0          0          0        975   icu.o
       256         22          0          0          0     109890   intc.o
       710         90          0          8          0       6024   mcu_handler.o
       564         30          0          0         48       8864   prf.o
       308         58          0          0         20       5365   pwm.o
       966        232          0          0         36     113158   rf_xvr.o
       262          4          0          0          0     109111   rwble.o
        56          0          0          0          0       2061   rwble_hl.o
       172         24          0          0       5464       8923   rwip.o
         2          0          0          0          0        465   timer.o
      2036         84        767         12        176      11645   tuya_ble_aes.o
      1832        754        223          9        300      25435   tuya_ble_api.o
      3500       1672        399          2          0      10582   tuya_ble_app_production_test.o
        64         40          0          0          0       1767   tuya_ble_app_uart_common_handler.o
      5764       2344       2674         44        100      20457   tuya_ble_data_handler.o
      1754        416       1179          0          0      12526   tuya_ble_event_handler.o
       352         90          0          1        172       3495   tuya_ble_gatt_send_queue.o
       780        204        124          8        570       6943   tuya_ble_main.o
      2554        266          0          0          0       8475   tuya_ble_md5.o
       850         36          0          1          0       8416   tuya_ble_mutli_tsf_protocol.o
       476         50          0          0          0      16264   tuya_ble_port.o
       212          0          0          0          0       4804   tuya_ble_queue.o
      1498        568        201          0          0       8038   tuya_ble_storage.o
       208         14         12          0          0       3084   tuya_ble_unix_time.o
       448         14          4          0          0       5444   tuya_ble_utils.o
       440         16         64          0          0      14696   tuya_service.o
       520         24         48          0          0      11407   tuya_service_task.o
       790        232          0         16        212      16626   uart.o
       332         58          0         12         84      10578   uart2.o
       140         22          0         16          0     112686   utc_clock.o
       120         26          0          2          0       1829   wdt.o

    ----------------------------------------------------------------------
     36600      10790       7780        196      11528     832954   Object Totals
        48         20          0          0       3312          0   (incl. Generated)
        48          0         20          8          4          0   (incl. Padding)

    ----------------------------------------------------------------------

      Code (inc. data)   RO Data    RW Data    ZI Data      Debug   Library Member Name

       138          0          0          0          0         80   __strtoll.o
        30          0          0          0          0         60   _chval.o
       216          0          0          0          0         84   _strtoull.o
        26          0          0          0          0         72   atoll.o
         8          4        133          0          0         60   ctype_o.o
         8          4          0          4          0         60   errno.o
         0          0          0          0          0          0   iusefp.o
       126          0          0          0          0         84   llmul.o
        32          0          0          0          0         68   llshl.o
        38          0          0          0          0         68   llsshr.o
        34          0          0          0          0         68   llushr.o
      2314         98          0          0          0        544   printfa.o
        14          0          0          0          0         60   strlen.o
        96          0          0          0          0         84   uldiv.o
        40          2          0          0          0         68   cdrcmple.o
       356          4          0          0          0        140   dadd.o
       240          6          0          0          0         84   ddiv.o
       190          0          0          0          0        156   depilogue.o
        64         10          0          0          0         68   dfixul.o
       208          6          0          0          0         88   dmul.o
      1864         24          0          0        528      25330   tuya_ble_secure.o

    ----------------------------------------------------------------------
      6048        158        136          4        528      27326   Library Totals
         6          0          3          0          0          0   (incl. Padding)

    ----------------------------------------------------------------------

      Code (inc. data)   RO Data    RW Data    ZI Data      Debug   Library Name

      3080        106        133          4          0       1392   mc_5.l
      1098         28          0          0          0        604   mf_5.l
      1864         24          0          0        528      25330   tuya_ble_sdk_lib_bk3432.lib

    ----------------------------------------------------------------------
      6048        158        136          4        528      27326   Library Totals

    ----------------------------------------------------------------------

==============================================================================


      Code (inc. data)   RO Data    RW Data    ZI Data      Debug   

     42648      10948       7916        200      12056     845460   Grand Totals
     42648      10948       7916        200      12056     845460   ELF Image Totals
     42648      10948       7916        200          0          0   ROM Totals

==============================================================================

    Total RO  Size (Code + RO Data)                50564 (  49.38kB)
    Total RW  Size (RW Data + ZI Data)             12256 (  11.97kB)
    Total ROM Size (Code + RO Data + RW Data)      50764 (  49.57kB)

==============================================================================

