Component: ARM Compiler 5.06 update 6 (build 750) Tool: armlink [4d35ed]

==============================================================================

Section Cross References

    arch_main.o(i.Stack_Integrity_Check) refers to uart.o(i.uart_putchar) for uart_putchar
    arch_main.o(i.Stack_Integrity_Check) refers to boot_handlers.o(SYS_BOOT) for boot_stack_base_UNUSED
    arch_main.o(i.assert_err) refers to uart.o(i.uart_printf) for uart_printf
    arch_main.o(i.assert_err) refers to arch_main.o(.constdata) for .constdata
    arch_main.o(i.assert_param) refers to uart.o(i.uart_printf) for uart_printf
    arch_main.o(i.assert_param) refers to arch_main.o(.constdata) for .constdata
    arch_main.o(i.assert_warn) refers to uart.o(i.uart_printf) for uart_printf
    arch_main.o(i.assert_warn) refers to arch_main.o(.constdata) for .constdata
    arch_main.o(i.bdaddr_env_init) refers to tuya_ble_main.o(.bss) for tuya_ble_current_para
    arch_main.o(i.dump_data) refers to uart.o(i.uart_printf) for uart_printf
    arch_main.o(i.dump_data) refers to arch_main.o(.constdata) for .constdata
    arch_main.o(i.platform_reset) refers to uart.o(i.uart_printf) for uart_printf
    arch_main.o(i.platform_reset) refers to uart.o(i.uart_finish_transfers) for uart_finish_transfers
    arch_main.o(i.platform_reset) refers to wdt.o(i.wdt_enable) for wdt_enable
    arch_main.o(i.rom_env_init) refers to prf.o(i.prf_get_id_from_task) for prf_get_id_from_task
    arch_main.o(i.rom_env_init) refers to prf.o(i.prf_get_task_from_id) for prf_get_task_from_id
    arch_main.o(i.rom_env_init) refers to prf.o(i.prf_init) for prf_init
    arch_main.o(i.rom_env_init) refers to prf.o(i.prf_create) for prf_create
    arch_main.o(i.rom_env_init) refers to prf.o(i.prf_cleanup) for prf_cleanup
    arch_main.o(i.rom_env_init) refers to prf.o(i.prf_add_profile) for prf_add_profile
    arch_main.o(i.rom_env_init) refers to rwble_hl.o(i.rwble_hl_reset) for rwble_hl_reset
    arch_main.o(i.rom_env_init) refers to rwip.o(i.rwip_reset) for rwip_reset
    arch_main.o(i.rom_env_init) refers to arch_main.o(i.platform_reset) for platform_reset
    arch_main.o(i.rom_env_init) refers to arch_main.o(i.assert_err) for assert_err
    arch_main.o(i.rom_env_init) refers to arch_main.o(i.assert_param) for assert_param
    arch_main.o(i.rom_env_init) refers to uart.o(i.Read_Uart_Buf) for Read_Uart_Buf
    arch_main.o(i.rom_env_init) refers to uart.o(i.uart_clear_rxfifo) for uart_clear_rxfifo
    arch_main.o(i.rw_main) refers to icu.o(i.icu_init) for icu_init
    arch_main.o(i.rw_main) refers to icu.o(i.system_sleep_init) for system_sleep_init
    arch_main.o(i.rw_main) refers to emi.o(i.emi_init) for emi_init
    arch_main.o(i.rw_main) refers to timer.o(i.timer_init) for timer_init
    arch_main.o(i.rw_main) refers to arch_main.o(i.rwip_eif_api_init) for rwip_eif_api_init
    arch_main.o(i.rw_main) refers to intc.o(i.intc_init) for intc_init
    arch_main.o(i.rw_main) refers to uart.o(i.uart_init) for uart_init
    arch_main.o(i.rw_main) refers to uart2.o(i.uart2_init) for uart2_init
    arch_main.o(i.rw_main) refers to flash.o(i.flash_init) for flash_init
    arch_main.o(i.rw_main) refers to arch_main.o(i.rom_env_init) for rom_env_init
    arch_main.o(i.rw_main) refers to rwip.o(i.rwip_init) for rwip_init
    arch_main.o(i.rw_main) refers to arch_main.o(i.bdaddr_env_init) for bdaddr_env_init
    arch_main.o(i.rw_main) refers to gpio.o(i.gpio_config) for gpio_config
    arch_main.o(i.rw_main) refers to gpio.o(i.gpio_set) for gpio_set
    arch_main.o(i.rw_main) refers to arch_main.o(i.user_timer_init) for user_timer_init
    arch_main.o(i.rw_main) refers to uart.o(i.uart_printf) for uart_printf
    arch_main.o(i.rw_main) refers to rwip.o(i.rwip_schedule) for rwip_schedule
    arch_main.o(i.rw_main) refers to wdt.o(i.wdt_disable) for wdt_disable
    arch_main.o(i.rw_main) refers to arch_main.o(i.Stack_Integrity_Check) for Stack_Integrity_Check
    arch_main.o(i.rw_main) refers to wdt.o(.data) for wdt_disable_flag
    arch_main.o(i.rwip_eif_api_init) refers to uart.o(i.uart_read) for uart_read
    arch_main.o(i.rwip_eif_api_init) refers to arch_main.o(.bss) for .bss
    arch_main.o(i.rwip_eif_api_init) refers to uart.o(i.uart_write) for uart_write
    arch_main.o(i.rwip_eif_api_init) refers to uart.o(i.uart_flow_on) for uart_flow_on
    arch_main.o(i.rwip_eif_api_init) refers to uart.o(i.uart_flow_off) for uart_flow_off
    arch_main.o(i.rwip_eif_get) refers to arch_main.o(.bss) for .bss
    arch_main.o(i.user_timer_cb) refers to uart.o(i.uart_printf) for uart_printf
    arch_main.o(i.user_timer_cb) refers to gpio.o(i.gpio_triger) for gpio_triger
    arch_main.o(i.user_timer_init) refers to pwm.o(i.pwm_init) for pwm_init
    arch_main.o(i.user_timer_init) refers to pwm.o(i.pwm_enable) for pwm_enable
    arch_main.o(i.user_timer_init) refers to arch_main.o(i.user_timer_cb) for user_timer_cb
[...]
    l2cc_default_state                       0x000100b8   Data           0  stack_rom_symbol.txt ABSOLUTE
    l2cc_default_handler                     0x000100f0   Data           0  stack_rom_symbol.txt ABSOLUTE
    hci_cmd_desc_tab_lk_ctrl                 0x00010108   Data           0  stack_rom_symbol.txt ABSOLUTE
    hci_cmd_desc_tab_ctrl_bb                 0x00010114   Data           0  stack_rom_symbol.txt ABSOLUTE
    hci_cmd_desc_tab_info_par                0x0001013c   Data           0  stack_rom_symbol.txt ABSOLUTE
    hci_cmd_desc_tab_stat_par                0x00010150   Data           0  stack_rom_symbol.txt ABSOLUTE
    hci_cmd_desc_tab_le                      0x00010154   Data           0  stack_rom_symbol.txt ABSOLUTE
    hci_cmd_desc_tab_vs                      0x0001020c   Data           0  stack_rom_symbol.txt ABSOLUTE
    hci_cmd_desc_root_tab                    0x00010218   Data           0  stack_rom_symbol.txt ABSOLUTE
    hci_evt_desc_tab                         0x00010248   Data           0  stack_rom_symbol.txt ABSOLUTE
    hci_evt_le_desc_tab                      0x0001025a   Data           0  stack_rom_symbol.txt ABSOLUTE
    boot_stack_base_UNUSED                   0x00010484   Data           4  boot_handlers.o(SYS_BOOT)
    boot_stack_len_UNUSED                    0x00010488   Data           4  boot_handlers.o(SYS_BOOT)
    boot_stack_base_IRQ                      0x0001048c   Data           4  boot_handlers.o(SYS_BOOT)
    boot_stack_len_IRQ                       0x00010490   Data           4  boot_handlers.o(SYS_BOOT)
    boot_stack_base_SVC                      0x00010494   Data           4  boot_handlers.o(SYS_BOOT)
    boot_stack_len_SVC                       0x00010498   Data           4  boot_handlers.o(SYS_BOOT)
    boot_stack_base_FIQ                      0x0001049c   Data           4  boot_handlers.o(SYS_BOOT)
    boot_stack_len_FIQ                       0x000104a0   Data           4  boot_handlers.o(SYS_BOOT)
    sys_Reset                                0x000104a4   ARM Code       0  boot_handlers.o(SYS_BOOT)
    Long ARM to Thumb Veneer to Undefined_Exception 0x00010670   ARM Code       8  anon$$obj.o(Veneer$$Code)
    Long ARM to Thumb Veneer to SoftwareInterrupt_Exception 0x00010678   ARM Code       8  anon$$obj.o(Veneer$$Code)
    Long ARM to Thumb Veneer to PrefetchAbort_Exception 0x00010680   ARM Code       8  anon$$obj.o(Veneer$$Code)
    Long ARM to Thumb Veneer to DataAbort_Exception 0x00010688   ARM Code       8  anon$$obj.o(Veneer$$Code)
    Long ARM to Thumb Veneer to Reserved_Exception 0x00010690   ARM Code       8  anon$$obj.o(Veneer$$Code)
    SYSirq_FIQ_Handler                       0x00010700   ARM Code      16  intc.o(sys_fiq_entry)
    SYSirq_IRQ_Handler                       0x00010720   ARM Code      16  intc.o(sys_irq_entry)
    __aeabi_uldivmod                         0x00010731   Thumb Code    96  uldiv.o(.text)
    strlen                                   0x00010791   Thumb Code    14  strlen.o(.text)
    atoll                                    0x0001079f   Thumb Code    26  atoll.o(.text)
    __aeabi_llsl                             0x000107b9   Thumb Code    32  llshl.o(.text)
    _ll_shift_l                              0x000107b9   Thumb Code     0  llshl.o(.text)
    __aeabi_llsr                             0x000107d9   Thumb Code    34  llushr.o(.text)
    _ll_ushift_r                             0x000107d9   Thumb Code     0  llushr.o(.text)
    __strtoll                                0x000107fb   Thumb Code   138  __strtoll.o(.text)
    __I$use$fp                               0x00010884   ARM Code       0  iusefp.o(.text)
    __aeabi_dadd                             0x00010885   Thumb Code   328  dadd.o(.text)
    __aeabi_dsub                             0x000109cd   Thumb Code    12  dadd.o(.text)
    __aeabi_drsub                            0x000109d9   Thumb Code    12  dadd.o(.text)
    __aeabi_dmul                             0x000109e9   Thumb Code   202  dmul.o(.text)
    __aeabi_ddiv                             0x00010ab9   Thumb Code   234  ddiv.o(.text)
    __aeabi_d2ulz                            0x00010ba9   Thumb Code    54  dfixul.o(.text)
    __aeabi_cdrcmple                         0x00010be9   Thumb Code    38  cdrcmple.o(.text)
    __aeabi_lasr                             0x00010c11   Thumb Code    38  llsshr.o(.text)
    _ll_sshift_r                             0x00010c11   Thumb Code     0  llsshr.o(.text)
    __rt_ctype_table                         0x00010c39   Thumb Code     4  ctype_o.o(.text)
    _strtoull                                0x00010c41   Thumb Code   216  _strtoull.o(.text)
    _double_round                            0x00010d19   Thumb Code    26  depilogue.o(.text)
    _double_epilogue                         0x00010d33   Thumb Code   164  depilogue.o(.text)
    __aeabi_lmul                             0x00010dd7   Thumb Code   126  llmul.o(.text)
    _ll_mul                                  0x00010dd7   Thumb Code     0  llmul.o(.text)
    _chval                                   0x00010e55   Thumb Code    30  _chval.o(.text)
    AES128_CBC_decrypt_buffer                0x00010e75   Thumb Code   122  tuya_ble_aes.o(i.AES128_CBC_decrypt_buffer)
    AES128_CBC_encrypt_buffer                0x00010ef5   Thumb Code   122  tuya_ble_aes.o(i.AES128_CBC_encrypt_buffer)
    AES128_ECB_encrypt                       0x00010f75   Thumb Code    28  tuya_ble_aes.o(i.AES128_ECB_encrypt)
    Delay_ms                                 0x0001101d   Thumb Code    26  rf_xvr.o(i.Delay_ms)
    FIQ_Exception                            0x0001103d   Thumb Code    26  intc.o(i.FIQ_Exception)
    IRQ_Exception                            0x0001105d   Thumb Code   148  intc.o(i.IRQ_Exception)
    Read_Uart_Buf                            0x000116a9   Thumb Code    14  uart.o(i.Read_Uart_Buf)
    __0sprintf                               0x00011885   Thumb Code    36  printfa.o(i.__0sprintf)
    __1sprintf                               0x00011885   Thumb Code     0  printfa.o(i.__0sprintf)
    __2sprintf                               0x00011885   Thumb Code     0  printfa.o(i.__0sprintf)
    __c89sprintf                             0x00011885   Thumb Code     0  printfa.o(i.__0sprintf)
    sprintf                                  0x00011885   Thumb Code     0  printfa.o(i.__0sprintf)
    __0vsprintf                              0x000118ad   Thumb Code    30  printfa.o(i.__0vsprintf)
    __1vsprintf                              0x000118ad   Thumb Code     0  printfa.o(i.__0vsprintf)
    __2vsprintf                              0x000118ad   Thumb Code     0  printfa.o(i.__0vsprintf)
    __c89vsprintf                            0x000118ad   Thumb Code     0  printfa.o(i.__0vsprintf)
    vsprintf                                 0x000118ad   Thumb Code     0  printfa.o(i.__0vsprintf)
    __aeabi_errno_addr                       0x000118d1   Thumb Code     4  errno.o(i.__aeabi_errno_addr)
    __rt_errno_addr                          0x000118d1   Thumb Code     0  errno.o(i.__aeabi_errno_addr)
    app_tuya_add_service                     0x00012199   Thumb Code    42  app_tuya_service.o(i.app_tuya_add_service)
    app_tuya_init                            0x00012249   Thumb Code    18  app_tuya.o(i.app_tuya_init)
    app_tuya_send_data                       0x00012295   Thumb Code    46  app_tuya_service.o(i.app_tuya_send_data)
    app_tuya_service_init                    0x000122c9   Thumb Code    10  app_tuya_service.o(i.app_tuya_service_init)
    appm_add_svc                             0x0001232d   Thumb Code    30  app.o(i.appm_add_svc)
    appm_disconnect                          0x00012355   Thumb Code    34  app.o(i.appm_disconnect)
    appm_get_dev_name                        0x00012381   Thumb Code    16  app.o(i.appm_get_dev_name)
    appm_init                                0x00012395   Thumb Code    68  app.o(i.appm_init)
    appm_start_advertising                   0x00012439   Thumb Code   126  app.o(i.appm_start_advertising)
    appm_update_adv_data                     0x000124e5   Thumb Code    84  app.o(i.appm_update_adv_data)
    appm_update_param                        0x0001253d   Thumb Code    66  app.o(i.appm_update_param)
    assert_err                               0x000125c9   Thumb Code    18  arch_main.o(i.assert_err)
    assert_param                             0x00012605   Thumb Code    20  arch_main.o(i.assert_param)
    bdaddr_env_init                          0x00012651   Thumb Code    84  arch_main.o(i.bdaddr_env_init)
    data_2_klvlist                           0x00012785   Thumb Code   212  tuya_ble_mutli_tsf_protocol.o(i.data_2_klvlist)
    emi_init                                 0x00012859   Thumb Code    20  emi.o(i.emi_init)
    flash_erase_sector                       0x000128f9   Thumb Code    48  flash.o(i.flash_erase_sector)
    flash_init                               0x0001292d   Thumb Code    24  flash.o(i.flash_init)
    flash_read                               0x00012949   Thumb Code   102  flash.o(i.flash_read)
    flash_readword                           0x000129b5   Thumb Code    50  flash.o(i.flash_readword)
    flash_write                              0x00012a1d   Thumb Code   110  flash.o(i.flash_write)
    flash_writeword                          0x00012aa9   Thumb Code    50  flash.o(i.flash_writeword)
    free_klv_list                            0x00012ae1   Thumb Code    28  tuya_ble_mutli_tsf_protocol.o(i.free_klv_list)
    get_trsmitr_frame_total_len              0x00013289   Thumb Code     4  tuya_ble_mutli_tsf_protocol.o(i.get_trsmitr_frame_total_len)
    get_trsmitr_subpkg                       0x0001328d   Thumb Code     4  tuya_ble_mutli_tsf_protocol.o(i.get_trsmitr_subpkg)
    get_trsmitr_subpkg_len                   0x00013291   Thumb Code     4  tuya_ble_mutli_tsf_protocol.o(i.get_trsmitr_subpkg_len)
    gpio_config                              0x00013295   Thumb Code   144  gpio.o(i.gpio_config)
    gpio_isr                                 0x00013329   Thumb Code    40  gpio.o(i.gpio_isr)
    gpio_set                                 0x00013361   Thumb Code    34  gpio.o(i.gpio_set)
    gpio_triger                              0x00013389   Thumb Code    20  gpio.o(i.gpio_triger)
    icu_init                                 0x0001339d   Thumb Code    68  icu.o(i.icu_init)
    initial_xver_BK3432_openLoop             0x000133ed   Thumb Code   312  rf_xvr.o(i.initial_xver_BK3432_openLoop)
    intc_init                                0x000135d9   Thumb Code    28  intc.o(i.intc_init)
    kmod_calibration                         0x000135f9   Thumb Code   300  rf_xvr.o(i.kmod_calibration)
    mbedtls_internal_md5_process             0x00013731   Thumb Code  2040  tuya_ble_md5.o(i.mbedtls_internal_md5_process)
    mbedtls_md5_finish                       0x00013f79   Thumb Code     8  tuya_ble_md5.o(i.mbedtls_md5_finish)
    mbedtls_md5_finish_ret                   0x00013f81   Thumb Code   222  tuya_ble_md5.o(i.mbedtls_md5_finish_ret)
    mbedtls_md5_free                         0x0001405f   Thumb Code    14  tuya_ble_md5.o(i.mbedtls_md5_free)
    mbedtls_md5_init                         0x0001406d   Thumb Code    10  tuya_ble_md5.o(i.mbedtls_md5_init)
    mbedtls_md5_starts                       0x00014077   Thumb Code     8  tuya_ble_md5.o(i.mbedtls_md5_starts)
    mbedtls_md5_starts_ret                   0x00014081   Thumb Code    30  tuya_ble_md5.o(i.mbedtls_md5_starts_ret)
    mbedtls_md5_update                       0x000140a9   Thumb Code     8  tuya_ble_md5.o(i.mbedtls_md5_update)
    mbedtls_md5_update_ret                   0x000140b1   Thumb Code   124  tuya_ble_md5.o(i.mbedtls_md5_update_ret)
    platform_reset                           0x0001412d   Thumb Code    46  arch_main.o(i.platform_reset)
    prf_add_profile                          0x00014175   Thumb Code   130  prf.o(i.prf_add_profile)
    prf_cleanup                              0x000141fd   Thumb Code    48  prf.o(i.prf_cleanup)
    prf_create                               0x00014231   Thumb Code    44  prf.o(i.prf_create)
    prf_dst_task_get                         0x00014261   Thumb Code    16  prf.o(i.prf_dst_task_get)
    prf_env_get                              0x00014271   Thumb Code    44  prf.o(i.prf_env_get)
    prf_get_id_from_task                     0x000142a1   Thumb Code    52  prf.o(i.prf_get_id_from_task)
    prf_get_task_from_id                     0x000142d9   Thumb Code    52  prf.o(i.prf_get_task_from_id)
    prf_init                                 0x00014311   Thumb Code   112  prf.o(i.prf_init)
    prf_src_task_get                         0x00014399   Thumb Code    16  prf.o(i.prf_src_task_get)
    pwm_enable                               0x000143a9   Thumb Code    20  pwm.o(i.pwm_enable)
    pwm_init                                 0x000143c1   Thumb Code   184  pwm.o(i.pwm_init)
    pwm_isr                                  0x00014489   Thumb Code    52  pwm.o(i.pwm_isr)
    rf_init                                  0x000144d9   Thumb Code    42  rf_xvr.o(i.rf_init)
    rf_rssi_convert                          0x0001452b   Thumb Code    10  rf_xvr.o(i.rf_rssi_convert)
    rom_env_init                             0x00014549   Thumb Code    66  arch_main.o(i.rom_env_init)
    Inline ARM to Thumb Veneer to rw_main    0x000145c4   ARM Code       8  arch_main.o(i.rw_main)
    rw_main                                  0x000145cd   Thumb Code   226  arch_main.o(i.rw_main)
    rwble_hl_init                            0x000146c9   Thumb Code    28  rwble_hl.o(i.rwble_hl_init)
    rwble_hl_reset                           0x000146e5   Thumb Code    28  rwble_hl.o(i.rwble_hl_reset)
    rwble_init                               0x00014701   Thumb Code    28  rwble.o(i.rwble_init)
    rwble_isr                                0x0001471d   Thumb Code   144  rwble.o(i.rwble_isr)
    rwble_reset                              0x000147b1   Thumb Code    86  rwble.o(i.rwble_reset)
    rwip_eif_api_init                        0x00014809   Thumb Code    20  arch_main.o(i.rwip_eif_api_init)
    rwip_init                                0x00014831   Thumb Code    84  rwip.o(i.rwip_init)
    rwip_reset                               0x00014899   Thumb Code    56  rwip.o(i.rwip_reset)
    rwip_schedule                            0x000148d5   Thumb Code     8  rwip.o(i.rwip_schedule)
    system_sleep_init                        0x00014901   Thumb Code     8  icu.o(i.system_sleep_init)
    timer_init                               0x0001490d   Thumb Code     2  timer.o(i.timer_init)
    trsmitr_init                             0x0001490f   Thumb Code    10  tuya_ble_mutli_tsf_protocol.o(i.trsmitr_init)
    trsmitr_recv_pkg_decode                  0x00014919   Thumb Code   268  tuya_ble_mutli_tsf_protocol.o(i.trsmitr_recv_pkg_decode)
    trsmitr_send_pkg_encode                  0x00014a25   Thumb Code   248  tuya_ble_mutli_tsf_protocol.o(i.trsmitr_send_pkg_encode)
    tuya_ble_adv_change                      0x00014b8d   Thumb Code   262  tuya_ble_main.o(i.tuya_ble_adv_change)
    tuya_ble_air_recv_packet_free            0x00014d59   Thumb Code    24  tuya_ble_data_handler.o(i.tuya_ble_air_recv_packet_free)
    tuya_ble_app_production_test_process     0x00014e15   Thumb Code   274  tuya_ble_app_production_test.o(i.tuya_ble_app_production_test_process)
    tuya_ble_auto_recovery_from_resetting_timer_start 0x000154cd   Thumb Code    14  tuya_ble_port.o(i.tuya_ble_auto_recovery_from_resetting_timer_start)
    tuya_ble_auto_recovery_from_resetting_timer_stop 0x000154e5   Thumb Code    12  tuya_ble_port.o(i.tuya_ble_auto_recovery_from_resetting_timer_stop)
    tuya_ble_buffer_value_is_all_x           0x000154f5   Thumb Code    32  tuya_ble_utils.o(i.tuya_ble_buffer_value_is_all_x)
    tuya_ble_callback_queue_register         0x00015515   Thumb Code    40  tuya_ble_api.o(i.tuya_ble_callback_queue_register)
    tuya_ble_cb_event_send                   0x00015545   Thumb Code    26  tuya_ble_main.o(i.tuya_ble_cb_event_send)
    tuya_ble_check_sum                       0x00015565   Thumb Code    24  tuya_ble_utils.o(i.tuya_ble_check_sum)
    tuya_ble_commData_send                   0x0001557d   Thumb Code   454  tuya_ble_data_handler.o(i.tuya_ble_commData_send)
    tuya_ble_commonData_rx_proc              0x00015751   Thumb Code   356  tuya_ble_data_handler.o(i.tuya_ble_commonData_rx_proc)
    tuya_ble_common_uart_init                0x000159b9   Thumb Code     4  tuya_ble_port.o(i.tuya_ble_common_uart_init)
    tuya_ble_common_uart_receive_data        0x000159bd   Thumb Code   130  tuya_ble_api.o(i.tuya_ble_common_uart_receive_data)
    tuya_ble_common_uart_send_data           0x00015a49   Thumb Code    10  tuya_ble_port.o(i.tuya_ble_common_uart_send_data)
    tuya_ble_connect_monitor_timer_init      0x00015a53   Thumb Code     2  tuya_ble_port.o(i.tuya_ble_connect_monitor_timer_init)
    tuya_ble_connect_monitor_timer_start     0x00015a55   Thumb Code    14  tuya_ble_port.o(i.tuya_ble_connect_monitor_timer_start)
    tuya_ble_connect_monitor_timer_stop      0x00015a6d   Thumb Code    12  tuya_ble_port.o(i.tuya_ble_connect_monitor_timer_stop)
    tuya_ble_connect_status_get              0x00015a7d   Thumb Code     6  tuya_ble_main.o(i.tuya_ble_connect_status_get)
    tuya_ble_connect_status_set              0x00015a89   Thumb Code    18  tuya_ble_main.o(i.tuya_ble_connect_status_set)
    tuya_ble_connected_handler               0x00015aa1   Thumb Code    22  tuya_ble_api.o(i.tuya_ble_connected_handler)
    tuya_ble_crc16_compute                   0x00015ab9   Thumb Code    50  tuya_ble_utils.o(i.tuya_ble_crc16_compute)
    tuya_ble_crc32_compute                   0x00015af5   Thumb Code    56  tuya_ble_utils.o(i.tuya_ble_crc32_compute)
    tuya_ble_custom_app_production_test_process 0x00015b31   Thumb Code     2  custom_app_product_test.o(i.tuya_ble_custom_app_production_test_process)
    tuya_ble_custom_app_uart_common_process  0x00015b33   Thumb Code     2  custom_app_uart_common_handler.o(i.tuya_ble_custom_app_uart_common_process)
    tuya_ble_decryption                      0x00015b34   ARM Code     300  tuya_ble_secure.o(i.tuya_ble_decryption)
    tuya_ble_dequeue                         0x00015c69   Thumb Code    54  tuya_ble_queue.o(i.tuya_ble_dequeue)
    tuya_ble_device_delay_ms                 0x00015c9f   Thumb Code     8  tuya_ble_port.o(i.tuya_ble_device_delay_ms)
    tuya_ble_device_enter_critical           0x00015ca7   Thumb Code    12  tuya_ble_port.o(i.tuya_ble_device_enter_critical)
    tuya_ble_device_exit_critical            0x00015cb3   Thumb Code    12  tuya_ble_port.o(i.tuya_ble_device_exit_critical)
    tuya_ble_device_factory_reset            0x00015cbf   Thumb Code    28  tuya_ble_api.o(i.tuya_ble_device_factory_reset)
    tuya_ble_device_id_16_to_20              0x00015cdb   Thumb Code   138  tuya_ble_utils.o(i.tuya_ble_device_id_16_to_20)
    tuya_ble_device_id_20_to_16              0x00015d65   Thumb Code   134  tuya_ble_utils.o(i.tuya_ble_device_id_20_to_16)
    tuya_ble_device_id_encrypt               0x00015dec   ARM Code     152  tuya_ble_secure.o(i.tuya_ble_device_id_encrypt)
    tuya_ble_device_reset                    0x00015e85   Thumb Code    12  tuya_ble_port.o(i.tuya_ble_device_reset)
    tuya_ble_device_reset_time_delay_ms      0x00015e91   Thumb Code    20  tuya_ble_port.o(i.tuya_ble_device_reset_time_delay_ms)
    tuya_ble_device_unbond                   0x00015ea9   Thumb Code    38  tuya_ble_data_handler.o(i.tuya_ble_device_unbond)
    tuya_ble_disconnected_handler            0x00015ed5   Thumb Code    22  tuya_ble_api.o(i.tuya_ble_disconnected_handler)
    tuya_ble_dp_data_report                  0x00015eeb   Thumb Code   122  tuya_ble_api.o(i.tuya_ble_dp_data_report)
    tuya_ble_encrypt_old_with_key            0x00015f64   ARM Code     192  tuya_ble_secure.o(i.tuya_ble_encrypt_old_with_key)
    tuya_ble_encryption                      0x00016024   ARM Code     204  tuya_ble_secure.o(i.tuya_ble_encryption)
    tuya_ble_enqueue                         0x000160f1   Thumb Code    52  tuya_ble_queue.o(i.tuya_ble_enqueue)
    tuya_ble_event_init                      0x00016125   Thumb Code    20  tuya_ble_main.o(i.tuya_ble_event_init)
    tuya_ble_event_process                   0x0001613d   Thumb Code   200  tuya_ble_main.o(i.tuya_ble_event_process)
    tuya_ble_event_send                      0x0001623d   Thumb Code    14  tuya_ble_main.o(i.tuya_ble_event_send)
    tuya_ble_evt_process                     0x0001624d   Thumb Code   464  tuya_ble_data_handler.o(i.tuya_ble_evt_process)
    tuya_ble_free                            0x00016451   Thumb Code    14  tuya_ble_port.o(i.tuya_ble_free)
    tuya_ble_gap_advertising_adv_data_update 0x0001645f   Thumb Code    10  tuya_ble_port.o(i.tuya_ble_gap_advertising_adv_data_update)
    tuya_ble_gap_disconnect                  0x00016469   Thumb Code    10  tuya_ble_port.o(i.tuya_ble_gap_disconnect)
    tuya_ble_gatt_receive_data               0x00016473   Thumb Code    46  tuya_ble_api.o(i.tuya_ble_gatt_receive_data)
    tuya_ble_gatt_send_data                  0x000164a1   Thumb Code    14  tuya_ble_port.o(i.tuya_ble_gatt_send_data)
    tuya_ble_gatt_send_data_enqueue          0x000164b1   Thumb Code    80  tuya_ble_gatt_send_queue.o(i.tuya_ble_gatt_send_data_enqueue)
    tuya_ble_gatt_send_data_handle           0x00016509   Thumb Code   112  tuya_ble_gatt_send_queue.o(i.tuya_ble_gatt_send_data_handle)
    tuya_ble_gatt_send_queue_init            0x000165ad   Thumb Code    24  tuya_ble_gatt_send_queue.o(i.tuya_ble_gatt_send_queue_init)
    tuya_ble_get_queue_used                  0x000165cd   Thumb Code     4  tuya_ble_queue.o(i.tuya_ble_get_queue_used)
    tuya_ble_handle_auto_recovery_from_resetting_timeout_evt 0x000165d1   Thumb Code    70  tuya_ble_event_handler.o(i.tuya_ble_handle_auto_recovery_from_resetting_timeout_evt)
    tuya_ble_handle_ble_cmd_evt              0x0001661d   Thumb Code    30  tuya_ble_event_handler.o(i.tuya_ble_handle_ble_cmd_evt)
    tuya_ble_handle_ble_data_evt             0x0001663b   Thumb Code     8  tuya_ble_event_handler.o(i.tuya_ble_handle_ble_data_evt)
    tuya_ble_handle_connect_change_evt       0x00016645   Thumb Code    92  tuya_ble_event_handler.o(i.tuya_ble_handle_connect_change_evt)
    tuya_ble_handle_data_prod_test_response_evt 0x000166a5   Thumb Code    64  tuya_ble_event_handler.o(i.tuya_ble_handle_data_prod_test_response_evt)
    tuya_ble_handle_device_info_update_evt   0x000167ad   Thumb Code    50  tuya_ble_event_handler.o(i.tuya_ble_handle_device_info_update_evt)
    tuya_ble_handle_device_unbind_evt        0x00016849   Thumb Code    50  tuya_ble_event_handler.o(i.tuya_ble_handle_device_unbind_evt)
    tuya_ble_handle_dp_data_reported_evt     0x0001687d   Thumb Code    44  tuya_ble_event_handler.o(i.tuya_ble_handle_dp_data_reported_evt)
    tuya_ble_handle_dp_data_with_flag_and_time_reported_evt 0x000168ad   Thumb Code   126  tuya_ble_event_handler.o(i.tuya_ble_handle_dp_data_with_flag_and_time_reported_evt)
    tuya_ble_handle_dp_data_with_flag_and_time_string_reported_evt 0x00016931   Thumb Code   116  tuya_ble_event_handler.o(i.tuya_ble_handle_dp_data_with_flag_and_time_string_reported_evt)
    tuya_ble_handle_dp_data_with_flag_reported_evt 0x000169a9   Thumb Code    44  tuya_ble_event_handler.o(i.tuya_ble_handle_dp_data_with_flag_reported_evt)
    tuya_ble_handle_dp_data_with_time_reported_evt 0x000169d9   Thumb Code   110  tuya_ble_event_handler.o(i.tuya_ble_handle_dp_data_with_time_reported_evt)
    tuya_ble_handle_dp_data_with_time_string_reported_evt 0x00016a4d   Thumb Code   102  tuya_ble_event_handler.o(i.tuya_ble_handle_dp_data_with_time_string_reported_evt)
    tuya_ble_handle_factory_reset_evt        0x00016bd1   Thumb Code   132  tuya_ble_event_handler.o(i.tuya_ble_handle_factory_reset_evt)
    tuya_ble_handle_ota_req                  0x00016c59   Thumb Code    70  app_tuya_ota.o(i.tuya_ble_handle_ota_req)
    tuya_ble_handle_time_request_evt         0x00016db9   Thumb Code    46  tuya_ble_event_handler.o(i.tuya_ble_handle_time_request_evt)
    tuya_ble_handle_uart_cmd_evt             0x00016ded   Thumb Code    78  tuya_ble_event_handler.o(i.tuya_ble_handle_uart_cmd_evt)
    tuya_ble_inter_event_response            0x00016f49   Thumb Code    52  tuya_ble_main.o(i.tuya_ble_inter_event_response)
    tuya_ble_malloc                          0x000171dd   Thumb Code    24  tuya_ble_port.o(i.tuya_ble_malloc)
    tuya_ble_message_send                    0x00017249   Thumb Code    36  tuya_ble_port.o(i.tuya_ble_message_send)
    tuya_ble_mytime_2_utc_sec                0x00017271   Thumb Code   116  tuya_ble_unix_time.o(i.tuya_ble_mytime_2_utc_sec)
    tuya_ble_nv_erase                        0x000172ed   Thumb Code    42  tuya_ble_port.o(i.tuya_ble_nv_erase)
    tuya_ble_nv_init                         0x00017317   Thumb Code     4  tuya_ble_port.o(i.tuya_ble_nv_init)
    tuya_ble_nv_read                         0x0001731b   Thumb Code    16  tuya_ble_port.o(i.tuya_ble_nv_read)
    tuya_ble_nv_write                        0x0001732b   Thumb Code    16  tuya_ble_port.o(i.tuya_ble_nv_write)
    tuya_ble_pair_rand_clear                 0x0001733d   Thumb Code    24  tuya_ble_data_handler.o(i.tuya_ble_pair_rand_clear)
    tuya_ble_pair_rand_valid_get             0x00017359   Thumb Code     6  tuya_ble_data_handler.o(i.tuya_ble_pair_rand_valid_get)
    tuya_ble_prod_beacon_get_rssi_avg        0x000173f1   Thumb Code    10  custom_app_product_test.o(i.tuya_ble_prod_beacon_get_rssi_avg)
    tuya_ble_prod_beacon_scan_start          0x000173fb   Thumb Code     4  custom_app_product_test.o(i.tuya_ble_prod_beacon_scan_start)
    tuya_ble_prod_beacon_scan_stop           0x000173ff   Thumb Code     4  custom_app_product_test.o(i.tuya_ble_prod_beacon_scan_stop)
    tuya_ble_prod_gpio_test                  0x00017403   Thumb Code     4  custom_app_product_test.o(i.tuya_ble_prod_gpio_test)
    tuya_ble_queue_decrease                  0x00017407   Thumb Code    28  tuya_ble_queue.o(i.tuya_ble_queue_decrease)
    tuya_ble_queue_flush                     0x00017423   Thumb Code    10  tuya_ble_queue.o(i.tuya_ble_queue_flush)
    tuya_ble_queue_get                       0x0001742d   Thumb Code    34  tuya_ble_queue.o(i.tuya_ble_queue_get)
    tuya_ble_queue_init                      0x0001744f   Thumb Code    30  tuya_ble_queue.o(i.tuya_ble_queue_init)
    tuya_ble_rand_generator                  0x0001746d   Thumb Code    58  tuya_ble_port.o(i.tuya_ble_rand_generator)
    tuya_ble_register_key_generate           0x000174a8   ARM Code      40  tuya_ble_secure.o(i.tuya_ble_register_key_generate)
    tuya_ble_reset_ble_sn                    0x000174d5   Thumb Code    22  tuya_ble_data_handler.o(i.tuya_ble_reset_ble_sn)
    tuya_ble_rtc_set_timestamp               0x000174f1   Thumb Code     4  tuya_ble_port.o(i.tuya_ble_rtc_set_timestamp)
    tuya_ble_sdk_init                        0x000174f5   Thumb Code   176  tuya_ble_api.o(i.tuya_ble_sdk_init)
    tuya_ble_set_device_version              0x000175ad   Thumb Code     8  tuya_ble_data_handler.o(i.tuya_ble_set_device_version)
    tuya_ble_storage_init                    0x000175b9   Thumb Code    16  tuya_ble_storage.o(i.tuya_ble_storage_init)
    tuya_ble_storage_load_settings           0x000175c9   Thumb Code   120  tuya_ble_storage.o(i.tuya_ble_storage_load_settings)
    tuya_ble_storage_load_sys_settings       0x00017645   Thumb Code   140  tuya_ble_storage.o(i.tuya_ble_storage_load_sys_settings)
    tuya_ble_storage_save_auth_settings      0x000176d9   Thumb Code   108  tuya_ble_storage.o(i.tuya_ble_storage_save_auth_settings)
    tuya_ble_storage_save_sys_settings       0x00017749   Thumb Code   172  tuya_ble_storage.o(i.tuya_ble_storage_save_sys_settings)
    tuya_ble_storage_write_auth_key_device_id_mac 0x000177fd   Thumb Code   226  tuya_ble_storage.o(i.tuya_ble_storage_write_auth_key_device_id_mac)
    tuya_ble_storage_write_hid               0x000178e5   Thumb Code    52  tuya_ble_storage.o(i.tuya_ble_storage_write_hid)
    tuya_ble_uart_common_process             0x0001791d   Thumb Code    16  tuya_ble_app_uart_common_handler.o(i.tuya_ble_uart_common_process)
    tuya_ble_vtimer_connect_monitor_callback 0x00017981   Thumb Code    20  tuya_ble_api.o(i.tuya_ble_vtimer_connect_monitor_callback)
    tuya_ble_vtimer_prod_monitor_callback    0x00017995   Thumb Code    16  tuya_ble_app_production_test.o(i.tuya_ble_vtimer_prod_monitor_callback)
    tuya_ota_init                            0x00017ed5   Thumb Code    38  app_tuya_ota.o(i.tuya_ota_init)
    tuya_ota_init_disconnect                 0x00017f05   Thumb Code    18  app_tuya_ota.o(i.tuya_ota_init_disconnect)
    tuyas_get_att_handle                     0x000180f5   Thumb Code    48  tuya_service.o(i.tuyas_get_att_handle)
    tuyas_get_att_idx                        0x00018125   Thumb Code    60  tuya_service.o(i.tuyas_get_att_idx)
    tuyas_notify_value_lvl                   0x00018231   Thumb Code    64  tuya_service.o(i.tuyas_notify_value_lvl)
    tuyas_prf_itf_get                        0x00018271   Thumb Code     4  tuya_service.o(i.tuyas_prf_itf_get)
    uart2_init                               0x00018279   Thumb Code   132  uart2.o(i.uart2_init)
    uart2_isr                                0x00018325   Thumb Code   116  uart2.o(i.uart2_isr)
    uart2_send                               0x000183a5   Thumb Code    26  uart2.o(i.uart2_send)
    uart_clear_rxfifo                        0x000183c5   Thumb Code    26  uart.o(i.uart_clear_rxfifo)
    uart_finish_transfers                    0x000183e9   Thumb Code    24  uart.o(i.uart_finish_transfers)
    uart_flow_off                            0x00018405   Thumb Code     4  uart.o(i.uart_flow_off)
    uart_flow_on                             0x00018409   Thumb Code     2  uart.o(i.uart_flow_on)
    uart_init                                0x0001840d   Thumb Code   134  uart.o(i.uart_init)
    uart_isr                                 0x000184bd   Thumb Code   104  uart.o(i.uart_isr)
    uart_printf                              0x00018531   Thumb Code    42  uart.o(i.uart_printf)
    uart_putchar                             0x00018571   Thumb Code    34  uart.o(i.uart_putchar)
    uart_read                                0x00018599   Thumb Code    64  uart.o(i.uart_read)
    uart_write                               0x00018615   Thumb Code   110  uart.o(i.uart_write)
    user_timer_cb                            0x000186c5   Thumb Code    16  arch_main.o(i.user_timer_cb)
    user_timer_init                          0x000186e5   Thumb Code    66  arch_main.o(i.user_timer_init)
    wdt_disable                              0x0001872d   Thumb Code    28  wdt.o(i.wdt_disable)
    wdt_enable                               0x00018751   Thumb Code    38  wdt.o(i.wdt_enable)
    wdt_feed                                 0x00018781   Thumb Code    28  wdt.o(i.wdt_feed)
    tuya_att_db                              0x000187e4   Data          48  tuya_service.o(.constdata)
    tuyas_itf                                0x00018814   Data          16  tuya_service.o(.constdata)
    tuyas_default_state                      0x00018824   Data          40  tuya_service_task.o(.constdata)
    tuyas_default_handler                    0x0001884c   Data           8  tuya_service_task.o(.constdata)
    appm_default_state                       0x00018868   Data         152  app_task.o(.constdata)
    appm_default_handler                     0x00018900   Data           8  app_task.o(.constdata)
    app_tuya_msg_handler_list                0x000189bc   Data          40  app_tuya_service.o(.constdata)
    app_tuya_table_handler                   0x000189e4   Data           8  app_tuya_service.o(.constdata)
    __ctype_table                            0x00018ddc   Data         129  ctype_o.o(.constdata)
    Load$$RAM_DATA$$Base                     0x00018ef4   Number         0  anon$$obj.o ABSOLUTE
    co_default_bdaddr                        0x00400024   Data           0  stack_rom_symbol.txt ABSOLUTE
    llc_env                                  0x0040002c   Data           0  stack_rom_symbol.txt ABSOLUTE
    llc_state                                0x00400030   Data           0  stack_rom_symbol.txt ABSOLUTE
    latency_disable_state                    0x00400031   Data           0  stack_rom_symbol.txt ABSOLUTE
    system_sleep_flag                        0x00400032   Data           0  stack_rom_symbol.txt ABSOLUTE
    lld_sleep_env                            0x00400034   Data           0  stack_rom_symbol.txt ABSOLUTE
    llm_state                                0x00400038   Data           0  stack_rom_symbol.txt ABSOLUTE
    gapc_env                                 0x0040003c   Data           0  stack_rom_symbol.txt ABSOLUTE
    gapc_state                               0x00400040   Data           0  stack_rom_symbol.txt ABSOLUTE
    gapm_state                               0x00400041   Data           0  stack_rom_symbol.txt ABSOLUTE
    gattc_env                                0x00400044   Data           0  stack_rom_symbol.txt ABSOLUTE
    gattc_state                              0x00400048   Data           0  stack_rom_symbol.txt ABSOLUTE
    gattm_state                              0x00400049   Data           0  stack_rom_symbol.txt ABSOLUTE
    l2cc_env                                 0x0040004c   Data           0  stack_rom_symbol.txt ABSOLUTE
    l2cc_state                               0x00400050   Data           0  stack_rom_symbol.txt ABSOLUTE
    ke_env                                   0x0040007c   Data           0  stack_rom_symbol.txt ABSOLUTE
    rwip_rf                                  0x0040011c   Data           0  stack_rom_symbol.txt ABSOLUTE
    rom_env                                  0x00400150   Data           0  stack_rom_symbol.txt ABSOLUTE
    em_buf_env                               0x0040019c   Data           0  stack_rom_symbol.txt ABSOLUTE
    lld_evt_env                              0x004004e4   Data           0  stack_rom_symbol.txt ABSOLUTE
    llm_le_env                               0x00400510   Data           0  stack_rom_symbol.txt ABSOLUTE
    gapm_env                                 0x0040058c   Data           0  stack_rom_symbol.txt ABSOLUTE
    gattm_env                                0x004005b8   Data           0  stack_rom_symbol.txt ABSOLUTE
    l2cm_env                                 0x004005d8   Data           0  stack_rom_symbol.txt ABSOLUTE
    hci_env                                  0x004005e4   Data           0  stack_rom_symbol.txt ABSOLUTE
    hci_fc_env                               0x004005f4   Data           0  stack_rom_symbol.txt ABSOLUTE
    Image$$RAM_DATA$$Base                    0x00400620   Number         0  anon$$obj.o ABSOLUTE
    GPIO_CFG                                 0x00400624   Data          20  gpio.o(.data)
    GPIO_DATA                                0x00400638   Data          20  gpio.o(.data)
    wdt_disable_flag                         0x0040064c   Data           1  wdt.o(.data)
    uart_rx_done                             0x00400650   Data           1  uart.o(.data)
    cur_read_buf_idx                         0x00400651   Data           1  uart.o(.data)
    uart_rx_index                            0x00400658   Data           4  uart.o(.data)
    uart2_rx_done                            0x00400660   Data           1  uart2.o(.data)
    uart2_rx_index                           0x00400664   Data           4  uart2.o(.data)
    appm_state                               0x0040066c   Data           1  app_task.o(.data)
    app_tuya_env                             0x0040066d   Data           2  app_tuya_service.o(.data)
    tuya_ble_pair_rand_valid                 0x00400694   Data           1  tuya_ble_data_handler.o(.data)
    tuya_ble_ota_status                      0x00400695   Data           1  tuya_ble_data_handler.o(.data)
    tuya_ble_pair_rand                       0x004006ac   Data           6  tuya_ble_data_handler.o(.data)
    m_cb_table                               0x004006c4   Data           4  tuya_ble_main.o(.data)
    Image$$RAM_BSS$$Base                     0x004006d0   Number         0  anon$$obj.o ABSOLUTE
    uart_api                                 0x004006d0   Data          16  arch_main.o(.bss)
    rwip_heap_env                            0x004006e0   Data         440  rwip.o(.bss)
    rwip_heap_db                             0x00400898   Data         524  rwip.o(.bss)
    rwip_heap_msg                            0x00400aa4   Data        3452  rwip.o(.bss)
    rwip_heap_non_ret                        0x00401820   Data        1036  rwip.o(.bss)
    rwip_sleep_time                          0x00401c2c   Data          12  rwip.o(.bss)
    p_PWM_Int_Handler                        0x00401c44   Data          20  pwm.o(.bss)
    uart_rx_buf                              0x00401c58   Data          64  uart.o(.bss)
    uart_env                                 0x00401c98   Data          20  uart.o(.bss)
    uart_buff                                0x00401cac   Data         128  uart.o(.bss)
    uart2_rx_buf                             0x00401d2c   Data          64  uart2.o(.bss)
    uart2_env                                0x00401d6c   Data          20  uart2.o(.bss)
    XVR_ANALOG_REG_BAK                       0x00401d80   Data          36  rf_xvr.o(.bss)
    prf_env                                  0x00401da4   Data          48  prf.o(.bss)
    app_env                                  0x00401dd4   Data          40  app.o(.bss)
    device_param                             0x00401dfc   Data         120  app_tuya.o(.bss)
    custom_data                              0x00401f3c   Data          50  app_tuya.o(.bss)
    tuya_ble_current_para                    0x0040242c   Data         468  tuya_ble_main.o(.bss)
    adv_data                                 0x00402600   Data          28  tuya_ble_main.o(.bss)
    scan_rsp_data                            0x0040261c   Data          30  tuya_ble_main.o(.bss)
    Image$$RAM_STACK_UNUSED$$Base            0x0040330c   Number         0  anon$$obj.o ABSOLUTE
    Image$$RAM_STACK_SVC$$Base               0x0040332c   Number         0  anon$$obj.o ABSOLUTE
    Image$$RAM_STACK_IRQ$$Base               0x00403a1c   Number         0  anon$$obj.o ABSOLUTE
    Image$$RAM_STACK_FIQ$$Base               0x00403d0c   Number         0  anon$$obj.o ABSOLUTE



==============================================================================

Memory Map of the image

  Image Entry point : 0x000104a4

  Load Region SECTIONS (Base: 0x00010420, Size: 0x00008b84, Max: 0xffffffff, ABSOLUTE)

    Execution Region ROM_SYS (Exec base: 0x00010420, Load base: 0x00010420, Size: 0x00000278, Max: 0xffffffff, ABSOLUTE)

    Exec Addr    Load Addr    Size         Type   Attr      Idx    E Section Name        Object

    0x00010420   0x00010420   0x0000005c   Code   RO          336  * SYS_BOOT            boot_vectors.o
    0x0001047c   0x0001047c   0x000001f4   Code   RO          332  * SYS_BOOT            boot_handlers.o
    0x00010670   0x00010670   0x00000008   Ven    RO         3893    Veneer$$Code        anon$$obj.o
    0x00010678   0x00010678   0x00000008   Ven    RO         3894    Veneer$$Code        anon$$obj.o
    0x00010680   0x00010680   0x00000008   Ven    RO         3895    Veneer$$Code        anon$$obj.o
    0x00010688   0x00010688   0x00000008   Ven    RO         3896    Veneer$$Code        anon$$obj.o
    0x00010690   0x00010690   0x00000008   Ven    RO         3897    Veneer$$Code        anon$$obj.o


    Execution Region FAST_CALL_SEG (Exec base: 0x00010700, Load base: 0x00010700, Size: 0x00000030, Max: 0xffffffff, ABSOLUTE, FIXED)

    Exec Addr    Load Addr    Size         Type   Attr      Idx    E Section Name        Object

    0x00010700   0x00010700   0x00000010   Code   RO          928    sys_fiq_entry       intc.o
    0x00010710   0x00010710   0x00000010   PAD
    0x00010720   0x00010720   0x00000010   Code   RO          929    sys_irq_entry       intc.o


    Execution Region ROM (Exec base: 0x00010730, Load base: 0x00010730, Size: 0x000087c4, Max: 0xffffffff, ABSOLUTE)

    Exec Addr    Load Addr    Size         Type   Attr      Idx    E Section Name        Object

    0x00010730   0x00010730   0x00000060   Code   RO         3555    .text               mc_5.l(uldiv.o)
    0x00010790   0x00010790   0x0000000e   Code   RO         3557    .text               mc_5.l(strlen.o)
    0x0001079e   0x0001079e   0x0000001a   Code   RO         3820    .text               mc_5.l(atoll.o)
    0x000107b8   0x000107b8   0x00000020   Code   RO         3825    .text               mc_5.l(llshl.o)
    0x000107d8   0x000107d8   0x00000022   Code   RO         3827    .text               mc_5.l(llushr.o)
    0x000107fa   0x000107fa   0x0000008a   Code   RO         3836    .text               mc_5.l(__strtoll.o)
    0x00010884   0x00010884   0x00000000   Code   RO         3838    .text               mc_5.l(iusefp.o)
    0x00010884   0x00010884   0x00000164   Code   RO         3839    .text               mf_5.l(dadd.o)
    0x000109e8   0x000109e8   0x000000d0   Code   RO         3841    .text               mf_5.l(dmul.o)
    0x00010ab8   0x00010ab8   0x000000f0   Code   RO         3843    .text               mf_5.l(ddiv.o)
    0x00010ba8   0x00010ba8   0x00000040   Code   RO         3845    .text               mf_5.l(dfixul.o)
    0x00010be8   0x00010be8   0x00000028   Code   RO         3847    .text               mf_5.l(cdrcmple.o)
    0x00010c10   0x00010c10   0x00000026   Code   RO         3850    .text               mc_5.l(llsshr.o)
    0x00010c36   0x00010c36   0x00000002   PAD
    0x00010c38   0x00010c38   0x00000008   Code   RO         3852    .text               mc_5.l(ctype_o.o)
    0x00010c40   0x00010c40   0x000000d8   Code   RO         3880    .text               mc_5.l(_strtoull.o)
    0x00010d18   0x00010d18   0x000000be   Code   RO         3883    .text               mf_5.l(depilogue.o)
    0x00010dd6   0x00010dd6   0x0000007e   Code   RO         3887    .text               mc_5.l(llmul.o)
    0x00010e54   0x00010e54   0x0000001e   Code   RO         3889    .text               mc_5.l(_chval.o)
    0x00010e72   0x00010e72   0x00000002   PAD
    0x00010e74   0x00010e74   0x00000080   Code   RO         2108    i.AES128_CBC_decrypt_buffer  tuya_ble_aes.o
    0x00010ef4   0x00010ef4   0x00000080   Code   RO         2109    i.AES128_CBC_encrypt_buffer  tuya_ble_aes.o
    0x00010f74   0x00010f74   0x00000020   Code   RO         2111    i.AES128_ECB_encrypt  tuya_ble_aes.o
    0x00010f94   0x00010f94   0x00000040   Code   RO         2112    i.AddRoundKey       tuya_ble_aes.o
    0x00010fd4   0x00010fd4   0x00000012   Code   RO         2113    i.BlockCopy         tuya_ble_aes.o
    0x00010fe6   0x00010fe6   0x00000036   Code   RO         2114    i.Cipher            tuya_ble_aes.o
    0x0001101c   0x0001101c   0x00000020   Code   RO         1367    i.Delay_ms          rf_xvr.o
    0x0001103c   0x0001103c   0x00000020   Code   RO          923    i.FIQ_Exception     intc.o
    0x0001105c   0x0001105c   0x000000a0   Code   RO          924    i.IRQ_Exception     intc.o
    0x000110fc   0x000110fc   0x00000034   Code   RO         2115    i.InvCipher         tuya_ble_aes.o
    0x00011130   0x00011130   0x000003cc   Code   RO         2116    i.InvMixColumns     tuya_ble_aes.o
    0x000114fc   0x000114fc   0x0000003c   Code   RO         2117    i.InvShiftRows      tuya_ble_aes.o
    0x00011538   0x00011538   0x00000034   Code   RO         2118    i.InvSubBytes       tuya_ble_aes.o
    0x0001156c   0x0001156c   0x000000b0   Code   RO         2119    i.KeyExpansion      tuya_ble_aes.o
    0x0001161c   0x0001161c   0x0000008c   Code   RO         2120    i.MixColumns        tuya_ble_aes.o
    0x000116a8   0x000116a8   0x00000018   Code   RO         1118    i.Read_Uart_Buf     uart.o
    0x000116c0   0x000116c0   0x0000003c   Code   RO         2121    i.ShiftRows         tuya_ble_aes.o
    0x000116fc   0x000116fc   0x00000134   Code   RO            5    i.Stack_Integrity_Check  arch_main.o
    0x00011830   0x00011830   0x00000034   Code   RO         2122    i.SubBytes          tuya_ble_aes.o
    0x00011864   0x00011864   0x00000020   Code   RO         2123    i.XorWithIv         tuya_ble_aes.o
    0x00011884   0x00011884   0x00000028   Code   RO         3794    i.__0sprintf        mc_5.l(printfa.o)
    0x000118ac   0x000118ac   0x00000024   Code   RO         3798    i.__0vsprintf       mc_5.l(printfa.o)
    0x000118d0   0x000118d0   0x00000008   Code   RO         3829    i.__aeabi_errno_addr  mc_5.l(errno.o)
    0x000118d8   0x000118d8   0x00000174   Code   RO         3799    i._fp_digits        mc_5.l(printfa.o)
    0x00011a4c   0x00011a4c   0x000006f4   Code   RO         3800    i._printf_core      mc_5.l(printfa.o)
    0x00012140   0x00012140   0x00000020   Code   RO         3801    i._printf_post_padding  mc_5.l(printfa.o)
    0x00012160   0x00012160   0x0000002c   Code   RO         3802    i._printf_pre_padding  mc_5.l(printfa.o)
    0x0001218c   0x0001218c   0x0000000a   Code   RO         3804    i._sputc            mc_5.l(printfa.o)
    0x00012196   0x00012196   0x00000002   PAD
    0x00012198   0x00012198   0x00000030   Code   RO         1865    i.app_tuya_add_service  app_tuya_service.o
    0x000121c8   0x000121c8   0x0000000a   Code   RO         1740    i.app_tuya_auto_recovery_factory_reset_timer_handler  app_task.o
    0x000121d2   0x000121d2   0x00000016   Code   RO         1741    i.app_tuya_auto_recovery_from_resetting_timer_handler  app_task.o
    0x000121e8   0x000121e8   0x0000000a   Code   RO         1742    i.app_tuya_connect_monitor_timer_handler  app_task.o
    0x000121f2   0x000121f2   0x00000002   PAD
    0x000121f4   0x000121f4   0x00000054   Code   RO         1743    i.app_tuya_event_handler  app_task.o
    0x00012248   0x00012248   0x00000024   Code   RO         1933    i.app_tuya_init     app_tuya.o
    0x0001226c   0x0001226c   0x0000001c   Code   RO         1866    i.app_tuya_msg_dflt_handler  app_tuya_service.o
    0x00012288   0x00012288   0x0000000a   Code   RO         1744    i.app_tuya_prod_monitor_timer_handler  app_task.o
    0x00012292   0x00012292   0x00000002   PAD
    0x00012294   0x00012294   0x00000034   Code   RO         1867    i.app_tuya_send_data  app_tuya_service.o
    0x000122c8   0x000122c8   0x00000010   Code   RO         1868    i.app_tuya_service_init  app_tuya_service.o
    0x000122d8   0x000122d8   0x00000028   Code   RO         3136    i.applib_dt_is_leap_year  tuya_ble_unix_time.o
    0x00012300   0x00012300   0x0000002c   Code   RO         3137    i.applib_dt_last_day_of_mon  tuya_ble_unix_time.o
    0x0001232c   0x0001232c   0x00000028   Code   RO         1661    i.appm_add_svc      app.o
    0x00012354   0x00012354   0x0000002c   Code   RO         1662    i.appm_disconnect   app.o
    0x00012380   0x00012380   0x00000014   Code   RO         1663    i.appm_get_dev_name  app.o
    0x00012394   0x00012394   0x00000050   Code   RO         1664    i.appm_init         app.o
    0x000123e4   0x000123e4   0x00000054   Code   RO         1745    i.appm_msg_handler  app_task.o
    0x00012438   0x00012438   0x000000ac   Code   RO         1665    i.appm_start_advertising  app.o
    0x000124e4   0x000124e4   0x00000058   Code   RO         1667    i.appm_update_adv_data  app.o
    0x0001253c   0x0001253c   0x0000008c   Code   RO         1668    i.appm_update_param  app.o
    0x000125c8   0x000125c8   0x0000003c   Code   RO            6    i.assert_err        arch_main.o
    0x00012604   0x00012604   0x0000004c   Code   RO            7    i.assert_param      arch_main.o
    0x00012650   0x00012650   0x0000005c   Code   RO            9    i.bdaddr_env_init   arch_main.o
    0x000126ac   0x000126ac   0x000000d8   Code   RO         2403    i.ble_data_unpack   tuya_ble_data_handler.o
    0x00012784   0x00012784   0x000000d4   Code   RO         2786    i.data_2_klvlist    tuya_ble_mutli_tsf_protocol.o
    0x00012858   0x00012858   0x00000018   Code   RO          665    i.emi_init          emi.o
    0x00012870   0x00012870   0x00000078   Code   RO         1975    i.file_crc_check_in_flash  app_tuya_ota.o
    0x000128e8   0x000128e8   0x00000010   Code   RO          684    i.flash_clearKey    flash.o
    0x000128f8   0x000128f8   0x00000034   Code   RO          686    i.flash_erase_sector  flash.o
    0x0001292c   0x0001292c   0x0000001c   Code   RO          687    i.flash_init        flash.o
    0x00012948   0x00012948   0x0000006c   Code   RO          688    i.flash_read        flash.o
    0x000129b4   0x000129b4   0x00000038   Code   RO          689    i.flash_readword    flash.o
    0x000129ec   0x000129ec   0x00000010   Code   RO          690    i.flash_start       flash.o
    0x000129fc   0x000129fc   0x00000010   Code   RO          691    i.flash_status      flash.o
    0x00012a0c   0x00012a0c   0x00000010   Code   RO          692    i.flash_unlock      flash.o
    0x00012a1c   0x00012a1c   0x00000074   Code   RO          693    i.flash_write       flash.o
    0x00012a90   0x00012a90   0x00000018   Code   RO          694    i.flash_writeKey    flash.o
    0x00012aa8   0x00012aa8   0x00000038   Code   RO          695    i.flash_writeword   flash.o
    0x00012ae0   0x00012ae0   0x0000001c   Code   RO         2788    i.free_klv_list     tuya_ble_mutli_tsf_protocol.o
    0x00012afc   0x00012afc   0x00000158   Code   RO         1746    i.gapc_cmp_evt_handler  app_task.o
    0x00012c54   0x00012c54   0x0000006c   Code   RO         1747    i.gapc_connection_req_ind_handler  app_task.o
    0x00012cc0   0x00012cc0   0x0000004c   Code   RO         1748    i.gapc_disconnect_ind_handler  app_task.o
    0x00012d0c   0x00012d0c   0x000000a4   Code   RO         1749    i.gapc_get_dev_info_req_ind_handler  app_task.o
    0x00012db0   0x00012db0   0x00000094   Code   RO         1750    i.gapc_le_pkt_size_ind_handler  app_task.o
    0x00012e44   0x00012e44   0x00000040   Code   RO         1751    i.gapc_param_update_req_ind_handler  app_task.o
    0x00012e84   0x00012e84   0x0000006c   Code   RO         1752    i.gapc_param_updated_ind_handler  app_task.o
    0x00012ef0   0x00012ef0   0x00000024   Code   RO         1753    i.gapc_set_dev_info_req_ind_handler  app_task.o
    0x00012f14   0x00012f14   0x00000044   Code   RO         1754    i.gapc_update_conn_param_req_ind_handler  app_task.o
    0x00012f58   0x00012f58   0x000000f0   Code   RO         1755    i.gapm_cmp_evt_handler  app_task.o
    0x00013048   0x00013048   0x00000020   Code   RO         1756    i.gapm_device_ready_ind_handler  app_task.o
    0x00013068   0x00013068   0x0000000c   Code   RO         1757    i.gapm_profile_added_ind_handler  app_task.o
    0x00013074   0x00013074   0x00000050   Code   RO         1542    i.gattc_att_info_req_ind_handler  tuya_service_task.o
    0x000130c4   0x000130c4   0x00000048   Code   RO         1543    i.gattc_cmp_evt_handler  tuya_service_task.o
    0x0001310c   0x0001310c   0x00000044   Code   RO         1758    i.gattc_mtu_changed_ind_handler  app_task.o
    0x00013150   0x00013150   0x0000008c   Code   RO         1544    i.gattc_read_req_ind_handler  tuya_service_task.o
    0x000131dc   0x000131dc   0x000000ac   Code   RO         1545    i.gattc_write_req_ind_handler  tuya_service_task.o
    0x00013288   0x00013288   0x00000004   Code   RO         2790    i.get_trsmitr_frame_total_len  tuya_ble_mutli_tsf_protocol.o
    0x0001328c   0x0001328c   0x00000004   Code   RO         2792    i.get_trsmitr_subpkg  tuya_ble_mutli_tsf_protocol.o
    0x00013290   0x00013290   0x00000004   Code   RO         2793    i.get_trsmitr_subpkg_len  tuya_ble_mutli_tsf_protocol.o
    0x00013294   0x00013294   0x00000094   Code   RO          788    i.gpio_config       gpio.o
    0x00013328   0x00013328   0x00000038   Code   RO          792    i.gpio_isr          gpio.o
    0x00013360   0x00013360   0x00000028   Code   RO          793    i.gpio_set          gpio.o
    0x00013388   0x00013388   0x00000014   Code   RO          796    i.gpio_triger       gpio.o
    0x0001339c   0x0001339c   0x00000050   Code   RO          874    i.icu_init          icu.o
    0x000133ec   0x000133ec   0x000001ec   Code   RO         1371    i.initial_xver_BK3432_openLoop  rf_xvr.o
    0x000135d8   0x000135d8   0x00000020   Code   RO          925    i.intc_init         intc.o
    0x000135f8   0x000135f8   0x00000138   Code   RO         1372    i.kmod_calibration  rf_xvr.o
    0x00013730   0x00013730   0x00000848   Code   RO         2700    i.mbedtls_internal_md5_process  tuya_ble_md5.o
    0x00013f78   0x00013f78   0x00000008   Code   RO         2703    i.mbedtls_md5_finish  tuya_ble_md5.o
    0x00013f80   0x00013f80   0x000000de   Code   RO         2704    i.mbedtls_md5_finish_ret  tuya_ble_md5.o
    0x0001405e   0x0001405e   0x0000000e   Code   RO         2705    i.mbedtls_md5_free  tuya_ble_md5.o
    0x0001406c   0x0001406c   0x0000000a   Code   RO         2706    i.mbedtls_md5_init  tuya_ble_md5.o
    0x00014076   0x00014076   0x00000008   Code   RO         2709    i.mbedtls_md5_starts  tuya_ble_md5.o
    0x0001407e   0x0001407e   0x00000002   PAD
    0x00014080   0x00014080   0x00000028   Code   RO         2710    i.mbedtls_md5_starts_ret  tuya_ble_md5.o
    0x000140a8   0x000140a8   0x00000008   Code   RO         2711    i.mbedtls_md5_update  tuya_ble_md5.o
    0x000140b0   0x000140b0   0x0000007c   Code   RO         2712    i.mbedtls_md5_update_ret  tuya_ble_md5.o
    0x0001412c   0x0001412c   0x00000048   Code   RO           12    i.platform_reset    arch_main.o
    0x00014174   0x00014174   0x00000088   Code   RO         1584    i.prf_add_profile   prf.o
    0x000141fc   0x000141fc   0x00000034   Code   RO         1585    i.prf_cleanup       prf.o
    0x00014230   0x00014230   0x00000030   Code   RO         1586    i.prf_create        prf.o
    0x00014260   0x00014260   0x00000010   Code   RO         1587    i.prf_dst_task_get  prf.o
    0x00014270   0x00014270   0x00000030   Code   RO         1588    i.prf_env_get       prf.o
    0x000142a0   0x000142a0   0x00000038   Code   RO         1589    i.prf_get_id_from_task  prf.o
    0x000142d8   0x000142d8   0x00000038   Code   RO         1590    i.prf_get_task_from_id  prf.o
    0x00014310   0x00014310   0x00000074   Code   RO         1591    i.prf_init          prf.o
    0x00014384   0x00014384   0x00000014   Code   RO         1592    i.prf_itf_get       prf.o
    0x00014398   0x00014398   0x00000010   Code   RO         1593    i.prf_src_task_get  prf.o
    0x000143a8   0x000143a8   0x00000018   Code   RO          985    i.pwm_enable        pwm.o
    0x000143c0   0x000143c0   0x000000c8   Code   RO          986    i.pwm_init          pwm.o
    0x00014488   0x00014488   0x0000003c   Code   RO          990    i.pwm_isr           pwm.o
    0x000144c4   0x000144c4   0x00000014   Code   RO         1373    i.rf_force_agc_enable  rf_xvr.o
    0x000144d8   0x000144d8   0x00000048   Code   RO         1374    i.rf_init           rf_xvr.o
    0x00014520   0x00014520   0x00000002   Code   RO         1375    i.rf_reset          rf_xvr.o
    0x00014522   0x00014522   0x00000004   Code   RO         1376    i.rf_rpl_reg_rd     rf_xvr.o
    0x00014526   0x00014526   0x00000004   Code   RO         1377    i.rf_rpl_reg_wr     rf_xvr.o
    0x0001452a   0x0001452a   0x0000000a   Code   RO         1378    i.rf_rssi_convert   rf_xvr.o
    0x00014534   0x00014534   0x0000000e   Code   RO         1379    i.rf_sleep          rf_xvr.o
    0x00014542   0x00014542   0x00000004   Code   RO         1380    i.rf_txpwr_dbm_get  rf_xvr.o
    0x00014546   0x00014546   0x00000002   PAD
    0x00014548   0x00014548   0x0000007c   Code   RO           13    i.rom_env_init      arch_main.o
    0x000145c4   0x000145c4   0x00000008   Ven    RO           14    i.rw_main           arch_main.o
    0x000145cc   0x000145cc   0x000000fc   Code   RO           14    i.rw_main           arch_main.o
    0x000146c8   0x000146c8   0x0000001c   Code   RO          339    i.rwble_hl_init     rwble_hl.o
    0x000146e4   0x000146e4   0x0000001c   Code   RO          340    i.rwble_hl_reset    rwble_hl.o
    0x00014700   0x00014700   0x0000001c   Code   RO          382    i.rwble_init        rwble.o
    0x0001471c   0x0001471c   0x00000094   Code   RO          383    i.rwble_isr         rwble.o
    0x000147b0   0x000147b0   0x00000056   Code   RO          384    i.rwble_reset       rwble.o
    0x00014806   0x00014806   0x00000002   PAD
    0x00014808   0x00014808   0x00000028   Code   RO           15    i.rwip_eif_api_init  arch_main.o
    0x00014830   0x00014830   0x00000068   Code   RO          505    i.rwip_init         rwip.o
    0x00014898   0x00014898   0x0000003c   Code   RO          508    i.rwip_reset        rwip.o
    0x000148d4   0x000148d4   0x00000008   Code   RO          509    i.rwip_schedule     rwip.o
    0x000148dc   0x000148dc   0x00000022   Code   RO         3070    i.sys_settings_crc_ok  tuya_ble_storage.o
    0x000148fe   0x000148fe   0x00000002   PAD
    0x00014900   0x00014900   0x0000000c   Code   RO          878    i.system_sleep_init  icu.o
    0x0001490c   0x0001490c   0x00000002   Code   RO         1045    i.timer_init        timer.o
    0x0001490e   0x0001490e   0x0000000a   Code   RO         2796    i.trsmitr_init      tuya_ble_mutli_tsf_protocol.o
    0x00014918   0x00014918   0x0000010c   Code   RO         2797    i.trsmitr_recv_pkg_decode  tuya_ble_mutli_tsf_protocol.o
    0x00014a24   0x00014a24   0x000000fc   Code   RO         2798    i.trsmitr_send_pkg_encode  tuya_ble_mutli_tsf_protocol.o
    0x00014b20   0x00014b20   0x0000006c   Code   RO         3460    i.tuya_ble_Add_Pkcs  tuya_ble_sdk_lib_bk3432.lib(tuya_ble_secure.o)
    0x00014b8c   0x00014b8c   0x00000110   Code   RO         2632    i.tuya_ble_adv_change  tuya_ble_main.o
    0x00014c9c   0x00014c9c   0x00000058   Code   RO         3461    i.tuya_ble_aes128_cbc_encrypt  tuya_ble_sdk_lib_bk3432.lib(tuya_ble_secure.o)
    0x00014cf4   0x00014cf4   0x00000064   Code   RO         3462    i.tuya_ble_aes128_ecb_encrypt  tuya_ble_sdk_lib_bk3432.lib(tuya_ble_secure.o)
    0x00014d58   0x00014d58   0x0000001c   Code   RO         2404    i.tuya_ble_air_recv_packet_free  tuya_ble_data_handler.o
    0x00014d74   0x00014d74   0x000000a0   Code   RO         1936    i.tuya_ble_app_init  app_tuya.o
    0x00014e14   0x00014e14   0x00000130   Code   RO         3249    i.tuya_ble_app_production_test_process  tuya_ble_app_production_test.o
    0x00014f44   0x00014f44   0x00000064   Code   RO         3250    i.tuya_ble_auc_gpio_test  tuya_ble_app_production_test.o
    0x00014fa8   0x00014fa8   0x00000090   Code   RO         3251    i.tuya_ble_auc_query_fingerprint  tuya_ble_app_production_test.o
    0x00015038   0x00015038   0x00000074   Code   RO         3252    i.tuya_ble_auc_query_hid  tuya_ble_app_production_test.o
    0x000150ac   0x000150ac   0x00000220   Code   RO         3253    i.tuya_ble_auc_query_info  tuya_ble_app_production_test.o
    0x000152cc   0x000152cc   0x00000078   Code   RO         3254    i.tuya_ble_auc_rssi_test  tuya_ble_app_production_test.o
    0x00015344   0x00015344   0x000000f0   Code   RO         3255    i.tuya_ble_auc_write_auth_info  tuya_ble_app_production_test.o
    0x00015434   0x00015434   0x00000098   Code   RO         3256    i.tuya_ble_auc_write_hid  tuya_ble_app_production_test.o
    0x000154cc   0x000154cc   0x00000018   Code   RO         2881    i.tuya_ble_auto_recovery_from_resetting_timer_start  tuya_ble_port.o
    0x000154e4   0x000154e4   0x00000010   Code   RO         2882    i.tuya_ble_auto_recovery_from_resetting_timer_stop  tuya_ble_port.o
    0x000154f4   0x000154f4   0x00000020   Code   RO         3177    i.tuya_ble_buffer_value_is_all_x  tuya_ble_utils.o
    0x00015514   0x00015514   0x00000030   Code   RO         2211    i.tuya_ble_callback_queue_register  tuya_ble_api.o
    0x00015544   0x00015544   0x00000020   Code   RO         2633    i.tuya_ble_cb_event_send  tuya_ble_main.o
    0x00015564   0x00015564   0x00000018   Code   RO         3179    i.tuya_ble_check_sum  tuya_ble_utils.o
    0x0001557c   0x0001557c   0x000001d4   Code   RO         2405    i.tuya_ble_commData_send  tuya_ble_data_handler.o
    0x00015750   0x00015750   0x00000174   Code   RO         2406    i.tuya_ble_commonData_rx_proc  tuya_ble_data_handler.o
    0x000158c4   0x000158c4   0x000000f4   Code   RO         2212    i.tuya_ble_common_uart_data_unpack  tuya_ble_api.o
    0x000159b8   0x000159b8   0x00000004   Code   RO         2883    i.tuya_ble_common_uart_init  tuya_ble_port.o
    0x000159bc   0x000159bc   0x0000008c   Code   RO         2213    i.tuya_ble_common_uart_receive_data  tuya_ble_api.o
    0x00015a48   0x00015a48   0x0000000a   Code   RO         2884    i.tuya_ble_common_uart_send_data  tuya_ble_port.o
    0x00015a52   0x00015a52   0x00000002   Code   RO         2885    i.tuya_ble_connect_monitor_timer_init  tuya_ble_port.o
    0x00015a54   0x00015a54   0x00000018   Code   RO         2886    i.tuya_ble_connect_monitor_timer_start  tuya_ble_port.o
    0x00015a6c   0x00015a6c   0x00000010   Code   RO         2887    i.tuya_ble_connect_monitor_timer_stop  tuya_ble_port.o
    0x00015a7c   0x00015a7c   0x0000000c   Code   RO         2634    i.tuya_ble_connect_status_get  tuya_ble_main.o
    0x00015a88   0x00015a88   0x00000018   Code   RO         2635    i.tuya_ble_connect_status_set  tuya_ble_main.o
    0x00015aa0   0x00015aa0   0x00000016   Code   RO         2215    i.tuya_ble_connected_handler  tuya_ble_api.o
    0x00015ab6   0x00015ab6   0x00000002   PAD
    0x00015ab8   0x00015ab8   0x0000003c   Code   RO         3180    i.tuya_ble_crc16_compute  tuya_ble_utils.o
    0x00015af4   0x00015af4   0x0000003c   Code   RO         3181    i.tuya_ble_crc32_compute  tuya_ble_utils.o
    0x00015b30   0x00015b30   0x00000002   Code   RO         2050    i.tuya_ble_custom_app_production_test_process  custom_app_product_test.o
    0x00015b32   0x00015b32   0x00000002   Code   RO         2093    i.tuya_ble_custom_app_uart_common_process  custom_app_uart_common_handler.o
    0x00015b34   0x00015b34   0x00000134   Code   RO         3463    i.tuya_ble_decryption  tuya_ble_sdk_lib_bk3432.lib(tuya_ble_secure.o)
    0x00015c68   0x00015c68   0x00000036   Code   RO         3380    i.tuya_ble_dequeue  tuya_ble_queue.o
    0x00015c9e   0x00015c9e   0x00000008   Code   RO         2888    i.tuya_ble_device_delay_ms  tuya_ble_port.o
    0x00015ca6   0x00015ca6   0x0000000c   Code   RO         2889    i.tuya_ble_device_enter_critical  tuya_ble_port.o
    0x00015cb2   0x00015cb2   0x0000000c   Code   RO         2890    i.tuya_ble_device_exit_critical  tuya_ble_port.o
    0x00015cbe   0x00015cbe   0x0000001c   Code   RO         2216    i.tuya_ble_device_factory_reset  tuya_ble_api.o
    0x00015cda   0x00015cda   0x0000008a   Code   RO         3182    i.tuya_ble_device_id_16_to_20  tuya_ble_utils.o
    0x00015d64   0x00015d64   0x00000086   Code   RO         3183    i.tuya_ble_device_id_20_to_16  tuya_ble_utils.o
    0x00015dea   0x00015dea   0x00000002   PAD
    0x00015dec   0x00015dec   0x00000098   Code   RO         3464    i.tuya_ble_device_id_encrypt  tuya_ble_sdk_lib_bk3432.lib(tuya_ble_secure.o)
    0x00015e84   0x00015e84   0x0000000c   Code   RO         2891    i.tuya_ble_device_reset  tuya_ble_port.o
    0x00015e90   0x00015e90   0x00000018   Code   RO         2892    i.tuya_ble_device_reset_time_delay_ms  tuya_ble_port.o
    0x00015ea8   0x00015ea8   0x0000002c   Code   RO         2407    i.tuya_ble_device_unbond  tuya_ble_data_handler.o
    0x00015ed4   0x00015ed4   0x00000016   Code   RO         2220    i.tuya_ble_disconnected_handler  tuya_ble_api.o
    0x00015eea   0x00015eea   0x0000007a   Code   RO         2221    i.tuya_ble_dp_data_report  tuya_ble_api.o
    0x00015f64   0x00015f64   0x000000c0   Code   RO         3465    i.tuya_ble_encrypt_old_with_key  tuya_ble_sdk_lib_bk3432.lib(tuya_ble_secure.o)
    0x00016024   0x00016024   0x000000cc   Code   RO         3466    i.tuya_ble_encryption  tuya_ble_sdk_lib_bk3432.lib(tuya_ble_secure.o)
    0x000160f0   0x000160f0   0x00000034   Code   RO         3381    i.tuya_ble_enqueue  tuya_ble_queue.o
    0x00016124   0x00016124   0x00000018   Code   RO         2637    i.tuya_ble_event_init  tuya_ble_main.o
    0x0001613c   0x0001613c   0x00000100   Code   RO         2638    i.tuya_ble_event_process  tuya_ble_main.o
    0x0001623c   0x0001623c   0x0000000e   Code   RO         2639    i.tuya_ble_event_send  tuya_ble_main.o
    0x0001624a   0x0001624a   0x00000002   PAD
    0x0001624c   0x0001624c   0x00000204   Code   RO         2408    i.tuya_ble_evt_process  tuya_ble_data_handler.o
    0x00016450   0x00016450   0x0000000e   Code   RO         2893    i.tuya_ble_free     tuya_ble_port.o
    0x0001645e   0x0001645e   0x0000000a   Code   RO         2894    i.tuya_ble_gap_advertising_adv_data_update  tuya_ble_port.o
    0x00016468   0x00016468   0x0000000a   Code   RO         2895    i.tuya_ble_gap_disconnect  tuya_ble_port.o
    0x00016472   0x00016472   0x0000002e   Code   RO         2227    i.tuya_ble_gatt_receive_data  tuya_ble_api.o
    0x000164a0   0x000164a0   0x0000000e   Code   RO         2896    i.tuya_ble_gatt_send_data  tuya_ble_port.o
    0x000164ae   0x000164ae   0x00000002   PAD
    0x000164b0   0x000164b0   0x00000058   Code   RO         3428    i.tuya_ble_gatt_send_data_enqueue  tuya_ble_gatt_send_queue.o
    0x00016508   0x00016508   0x0000007c   Code   RO         3429    i.tuya_ble_gatt_send_data_handle  tuya_ble_gatt_send_queue.o
    0x00016584   0x00016584   0x00000028   Code   RO         3430    i.tuya_ble_gatt_send_queue_free  tuya_ble_gatt_send_queue.o
    0x000165ac   0x000165ac   0x00000020   Code   RO         3431    i.tuya_ble_gatt_send_queue_init  tuya_ble_gatt_send_queue.o
    0x000165cc   0x000165cc   0x00000004   Code   RO         3382    i.tuya_ble_get_queue_used  tuya_ble_queue.o
    0x000165d0   0x000165d0   0x0000004c   Code   RO         2524    i.tuya_ble_handle_auto_recovery_from_resetting_timeout_evt  tuya_ble_event_handler.o
    0x0001661c   0x0001661c   0x0000001e   Code   RO         2525    i.tuya_ble_handle_ble_cmd_evt  tuya_ble_event_handler.o
    0x0001663a   0x0001663a   0x00000008   Code   RO         2526    i.tuya_ble_handle_ble_data_evt  tuya_ble_event_handler.o
    0x00016642   0x00016642   0x00000002   PAD
    0x00016644   0x00016644   0x00000060   Code   RO         2527    i.tuya_ble_handle_connect_change_evt  tuya_ble_event_handler.o
    0x000166a4   0x000166a4   0x00000040   Code   RO         2528    i.tuya_ble_handle_data_prod_test_response_evt  tuya_ble_event_handler.o
    0x000166e4   0x000166e4   0x000000c8   Code   RO         2409    i.tuya_ble_handle_dev_info_req  tuya_ble_data_handler.o
    0x000167ac   0x000167ac   0x00000038   Code   RO         2529    i.tuya_ble_handle_device_info_update_evt  tuya_ble_event_handler.o
    0x000167e4   0x000167e4   0x00000064   Code   RO         2410    i.tuya_ble_handle_device_reset_req  tuya_ble_data_handler.o
    0x00016848   0x00016848   0x00000032   Code   RO         2530    i.tuya_ble_handle_device_unbind_evt  tuya_ble_event_handler.o
    0x0001687a   0x0001687a   0x00000002   PAD
    0x0001687c   0x0001687c   0x00000030   Code   RO         2531    i.tuya_ble_handle_dp_data_reported_evt  tuya_ble_event_handler.o
    0x000168ac   0x000168ac   0x00000084   Code   RO         2532    i.tuya_ble_handle_dp_data_with_flag_and_time_reported_evt  tuya_ble_event_handler.o
    0x00016930   0x00016930   0x00000078   Code   RO         2533    i.tuya_ble_handle_dp_data_with_flag_and_time_string_reported_evt  tuya_ble_event_handler.o
    0x000169a8   0x000169a8   0x00000030   Code   RO         2534    i.tuya_ble_handle_dp_data_with_flag_reported_evt  tuya_ble_event_handler.o
    0x000169d8   0x000169d8   0x00000074   Code   RO         2535    i.tuya_ble_handle_dp_data_with_time_reported_evt  tuya_ble_event_handler.o
    0x00016a4c   0x00016a4c   0x0000006c   Code   RO         2536    i.tuya_ble_handle_dp_data_with_time_string_reported_evt  tuya_ble_event_handler.o
    0x00016ab8   0x00016ab8   0x00000072   Code   RO         2411    i.tuya_ble_handle_dp_query_req  tuya_ble_data_handler.o
    0x00016b2a   0x00016b2a   0x000000a6   Code   RO         2412    i.tuya_ble_handle_dp_write_req  tuya_ble_data_handler.o
    0x00016bd0   0x00016bd0   0x00000088   Code   RO         2537    i.tuya_ble_handle_factory_reset_evt  tuya_ble_event_handler.o
    0x00016c58   0x00016c58   0x00000046   Code   RO         1976    i.tuya_ble_handle_ota_req  app_tuya_ota.o
    0x00016c9e   0x00016c9e   0x00000002   PAD
    0x00016ca0   0x00016ca0   0x00000118   Code   RO         2413    i.tuya_ble_handle_pair_req  tuya_ble_data_handler.o
    0x00016db8   0x00016db8   0x00000034   Code   RO         2538    i.tuya_ble_handle_time_request_evt  tuya_ble_event_handler.o
    0x00016dec   0x00016dec   0x0000004e   Code   RO         2539    i.tuya_ble_handle_uart_cmd_evt  tuya_ble_event_handler.o
    0x00016e3a   0x00016e3a   0x00000002   PAD
    0x00016e3c   0x00016e3c   0x00000080   Code   RO         2414    i.tuya_ble_handle_unix_time_char_ms_resp  tuya_ble_data_handler.o
    0x00016ebc   0x00016ebc   0x0000008c   Code   RO         2415    i.tuya_ble_handle_unix_time_date_resp  tuya_ble_data_handler.o
    0x00016f48   0x00016f48   0x0000004c   Code   RO         2640    i.tuya_ble_inter_event_response  tuya_ble_main.o
    0x00016f94   0x00016f94   0x00000248   Code   RO         3467    i.tuya_ble_key_generate  tuya_ble_sdk_lib_bk3432.lib(tuya_ble_secure.o)
    0x000171dc   0x000171dc   0x00000018   Code   RO         2897    i.tuya_ble_malloc   tuya_ble_port.o
    0x000171f4   0x000171f4   0x00000054   Code   RO         3468    i.tuya_ble_md5_crypt  tuya_ble_sdk_lib_bk3432.lib(tuya_ble_secure.o)
    0x00017248   0x00017248   0x00000028   Code   RO         2898    i.tuya_ble_message_send  tuya_ble_port.o
    0x00017270   0x00017270   0x0000007c   Code   RO         3138    i.tuya_ble_mytime_2_utc_sec  tuya_ble_unix_time.o
    0x000172ec   0x000172ec   0x0000002a   Code   RO         2899    i.tuya_ble_nv_erase  tuya_ble_port.o
    0x00017316   0x00017316   0x00000004   Code   RO         2900    i.tuya_ble_nv_init  tuya_ble_port.o
    0x0001731a   0x0001731a   0x00000010   Code   RO         2901    i.tuya_ble_nv_read  tuya_ble_port.o
    0x0001732a   0x0001732a   0x00000010   Code   RO         2902    i.tuya_ble_nv_write  tuya_ble_port.o
    0x0001733a   0x0001733a   0x00000002   PAD
    0x0001733c   0x0001733c   0x0000001c   Code   RO         2418    i.tuya_ble_pair_rand_clear  tuya_ble_data_handler.o
    0x00017358   0x00017358   0x0000000c   Code   RO         2419    i.tuya_ble_pair_rand_valid_get  tuya_ble_data_handler.o
    0x00017364   0x00017364   0x0000008c   Code   RO         3259    i.tuya_ble_prod_asciitohex  tuya_ble_app_production_test.o
    0x000173f0   0x000173f0   0x0000000a   Code   RO         2051    i.tuya_ble_prod_beacon_get_rssi_avg  custom_app_product_test.o
    0x000173fa   0x000173fa   0x00000004   Code   RO         2052    i.tuya_ble_prod_beacon_scan_start  custom_app_product_test.o
    0x000173fe   0x000173fe   0x00000004   Code   RO         2053    i.tuya_ble_prod_beacon_scan_stop  custom_app_product_test.o
    0x00017402   0x00017402   0x00000004   Code   RO         2054    i.tuya_ble_prod_gpio_test  custom_app_product_test.o
    0x00017406   0x00017406   0x0000001c   Code   RO         3383    i.tuya_ble_queue_decrease  tuya_ble_queue.o
    0x00017422   0x00017422   0x0000000a   Code   RO         3384    i.tuya_ble_queue_flush  tuya_ble_queue.o
    0x0001742c   0x0001742c   0x00000022   Code   RO         3385    i.tuya_ble_queue_get  tuya_ble_queue.o
    0x0001744e   0x0001744e   0x0000001e   Code   RO         3386    i.tuya_ble_queue_init  tuya_ble_queue.o
    0x0001746c   0x0001746c   0x0000003a   Code   RO         2903    i.tuya_ble_rand_generator  tuya_ble_port.o
    0x000174a6   0x000174a6   0x00000002   PAD
    0x000174a8   0x000174a8   0x0000002c   Code   RO         3469    i.tuya_ble_register_key_generate  tuya_ble_sdk_lib_bk3432.lib(tuya_ble_secure.o)
    0x000174d4   0x000174d4   0x0000001c   Code   RO         2420    i.tuya_ble_reset_ble_sn  tuya_ble_data_handler.o
    0x000174f0   0x000174f0   0x00000004   Code   RO         2905    i.tuya_ble_rtc_set_timestamp  tuya_ble_port.o
    0x000174f4   0x000174f4   0x000000b8   Code   RO         2229    i.tuya_ble_sdk_init  tuya_ble_api.o
    0x000175ac   0x000175ac   0x0000000c   Code   RO         2421    i.tuya_ble_set_device_version  tuya_ble_data_handler.o
    0x000175b8   0x000175b8   0x00000010   Code   RO         3071    i.tuya_ble_storage_init  tuya_ble_storage.o
    0x000175c8   0x000175c8   0x0000007c   Code   RO         3072    i.tuya_ble_storage_load_settings  tuya_ble_storage.o
    0x00017644   0x00017644   0x00000094   Code   RO         3073    i.tuya_ble_storage_load_sys_settings  tuya_ble_storage.o
    0x000176d8   0x000176d8   0x00000070   Code   RO         3075    i.tuya_ble_storage_save_auth_settings  tuya_ble_storage.o
    0x00017748   0x00017748   0x000000b4   Code   RO         3076    i.tuya_ble_storage_save_sys_settings  tuya_ble_storage.o
    0x000177fc   0x000177fc   0x000000e8   Code   RO         3077    i.tuya_ble_storage_write_auth_key_device_id_mac  tuya_ble_storage.o
    0x000178e4   0x000178e4   0x00000038   Code   RO         3078    i.tuya_ble_storage_write_hid  tuya_ble_storage.o
    0x0001791c   0x0001791c   0x00000010   Code   RO         3360    i.tuya_ble_uart_common_process  tuya_ble_app_uart_common_handler.o
    0x0001792c   0x0001792c   0x00000054   Code   RO         3264    i.tuya_ble_uart_prod_send  tuya_ble_app_production_test.o
    0x00017980   0x00017980   0x00000014   Code   RO         2231    i.tuya_ble_vtimer_connect_monitor_callback  tuya_ble_api.o
    0x00017994   0x00017994   0x00000010   Code   RO         3265    i.tuya_ble_vtimer_prod_monitor_callback  tuya_ble_app_production_test.o
    0x000179a4   0x000179a4   0x00000280   Code   RO         1937    i.tuya_cb_handler   app_tuya.o
    0x00017c24   0x00017c24   0x00000110   Code   RO         1977    i.tuya_ota_data_req  app_tuya_ota.o
    0x00017d34   0x00017d34   0x00000098   Code   RO         1978    i.tuya_ota_end_req  app_tuya_ota.o
    0x00017dcc   0x00017dcc   0x00000108   Code   RO         1979    i.tuya_ota_file_info_req  app_tuya_ota.o
    0x00017ed4   0x00017ed4   0x00000030   Code   RO         1980    i.tuya_ota_init     app_tuya_ota.o
    0x00017f04   0x00017f04   0x00000018   Code   RO         1981    i.tuya_ota_init_disconnect  app_tuya_ota.o
    0x00017f1c   0x00017f1c   0x0000007c   Code   RO         1982    i.tuya_ota_offset_req  app_tuya_ota.o
    0x00017f98   0x00017f98   0x00000054   Code   RO         1983    i.tuya_ota_start_req  app_tuya_ota.o
    0x00017fec   0x00017fec   0x00000028   Code   RO         1869    i.tuyas_char_notify_level_ntf_cfg_ind_handler  app_tuya_service.o
    0x00018014   0x00018014   0x00000004   Code   RO         1870    i.tuyas_char_notify_level_upd_handler  app_tuya_service.o
    0x00018018   0x00018018   0x00000038   Code   RO         1546    i.tuyas_char_notify_level_upd_req_handler  tuya_service_task.o
    0x00018050   0x00018050   0x0000001c   Code   RO         1871    i.tuyas_char_notify_period_ntf_handler  app_tuya_service.o
    0x0001806c   0x0001806c   0x00000054   Code   RO         1872    i.tuyas_char_write_writer_req_handler  app_tuya_service.o
    0x000180c0   0x000180c0   0x0000000c   Code   RO         1470    i.tuyas_cleanup     tuya_service.o
    0x000180cc   0x000180cc   0x0000000c   Code   RO         1471    i.tuyas_create      tuya_service.o
    0x000180d8   0x000180d8   0x0000001c   Code   RO         1472    i.tuyas_destroy     tuya_service.o
    0x000180f4   0x000180f4   0x00000030   Code   RO         1473    i.tuyas_get_att_handle  tuya_service.o
    0x00018124   0x00018124   0x0000003c   Code   RO         1474    i.tuyas_get_att_idx  tuya_service.o
    0x00018160   0x00018160   0x000000d0   Code   RO         1475    i.tuyas_init        tuya_service.o
    0x00018230   0x00018230   0x00000040   Code   RO         1476    i.tuyas_notify_value_lvl  tuya_service.o
    0x00018270   0x00018270   0x00000008   Code   RO         1477    i.tuyas_prf_itf_get  tuya_service.o
    0x00018278   0x00018278   0x000000ac   Code   RO         1270    i.uart2_init        uart2.o
    0x00018324   0x00018324   0x00000080   Code   RO         1271    i.uart2_isr         uart2.o
    0x000183a4   0x000183a4   0x00000020   Code   RO         1273    i.uart2_send        uart2.o
    0x000183c4   0x000183c4   0x00000024   Code   RO         1125    i.uart_clear_rxfifo  uart.o
    0x000183e8   0x000183e8   0x0000001c   Code   RO         1126    i.uart_finish_transfers  uart.o
    0x00018404   0x00018404   0x00000004   Code   RO         1127    i.uart_flow_off     uart.o
    0x00018408   0x00018408   0x00000002   Code   RO         1128    i.uart_flow_on      uart.o
    0x0001840a   0x0001840a   0x00000002   PAD
    0x0001840c   0x0001840c   0x000000b0   Code   RO         1129    i.uart_init         uart.o
    0x000184bc   0x000184bc   0x00000074   Code   RO         1130    i.uart_isr          uart.o
    0x00018530   0x00018530   0x00000040   Code   RO         1132    i.uart_printf       uart.o
    0x00018570   0x00018570   0x00000028   Code   RO         1134    i.uart_putchar      uart.o
    0x00018598   0x00018598   0x0000007c   Code   RO         1135    i.uart_read         uart.o
    0x00018614   0x00018614   0x000000b0   Code   RO         1137    i.uart_write        uart.o
    0x000186c4   0x000186c4   0x00000020   Code   RO           17    i.user_timer_cb     arch_main.o
    0x000186e4   0x000186e4   0x00000048   Code   RO           18    i.user_timer_init   arch_main.o
    0x0001872c   0x0001872c   0x00000024   Code   RO         1088    i.wdt_disable       wdt.o
    0x00018750   0x00018750   0x00000030   Code   RO         1089    i.wdt_enable        wdt.o
    0x00018780   0x00018780   0x00000024   Code   RO         1090    i.wdt_feed          wdt.o
    0x000187a4   0x000187a4   0x00000010   Code   RO         2124    i.xtime             tuya_ble_aes.o
    0x000187b4   0x000187b4   0x0000002e   Data   RO           20    .constdata          arch_main.o
    0x000187e2   0x000187e2   0x00000002   PAD
    0x000187e4   0x000187e4   0x00000040   Data   RO         1478    .constdata          tuya_service.o
    0x00018824   0x00018824   0x00000028   Data   RO         1547    .constdata          tuya_service_task.o
    0x0001884c   0x0001884c   0x00000008   Data   RO         1548    .constdata          tuya_service_task.o
    0x00018854   0x00018854   0x00000014   Data   RO         1670    .constdata          app.o
    0x00018868   0x00018868   0x00000098   Data   RO         1759    .constdata          app_task.o
    0x00018900   0x00018900   0x00000008   Data   RO         1760    .constdata          app_task.o
    0x00018908   0x00018908   0x000000b3   Data   RO         1761    .constdata          app_task.o
    0x000189bb   0x000189bb   0x00000001   PAD
    0x000189bc   0x000189bc   0x00000028   Data   RO         1874    .constdata          app_tuya_service.o
    0x000189e4   0x000189e4   0x00000008   Data   RO         1875    .constdata          app_tuya_service.o
    0x000189ec   0x000189ec   0x0000001a   Data   RO         1876    .constdata          app_tuya_service.o
    0x00018a06   0x00018a06   0x00000038   Data   RO         1939    .constdata          app_tuya.o
    0x00018a3e   0x00018a3e   0x000002ff   Data   RO         2126    .constdata          tuya_ble_aes.o
    0x00018d3d   0x00018d3d   0x0000003a   Data   RO         2642    .constdata          tuya_ble_main.o
    0x00018d77   0x00018d77   0x0000000c   Data   RO         3141    .constdata          tuya_ble_unix_time.o
    0x00018d83   0x00018d83   0x00000001   PAD
    0x00018d84   0x00018d84   0x00000004   Data   RO         3187    .constdata          tuya_ble_utils.o
    0x00018d88   0x00018d88   0x00000054   Data   RO         3266    .constdata          tuya_ble_app_production_test.o
    0x00018ddc   0x00018ddc   0x00000081   Data   RO         3853    .constdata          mc_5.l(ctype_o.o)
    0x00018e5d   0x00018e5d   0x00000003   PAD
    0x00018e60   0x00018e60   0x00000004   Data   RO         3854    .constdata          mc_5.l(ctype_o.o)
    0x00018e64   0x00018e64   0x00000090   Data   RO         1940    .conststring        app_tuya.o


    Execution Region RAM_DATA (Exec base: 0x00400620, Load base: 0x00018ef4, Size: 0x000000b0, Max: 0xffffffff, ABSOLUTE)

    Exec Addr    Load Addr    Size         Type   Attr      Idx    E Section Name        Object

    0x00400620   0x00018ef4   0x0000002c   Data   RW          799    .data               gpio.o
    0x0040064c   0x00018f20   0x00000002   Data   RW         1091    .data               wdt.o
    0x0040064e   0x00018f22   0x00000002   PAD
    0x00400650   0x00018f24   0x00000010   Data   RW         1139    .data               uart.o
    0x00400660   0x00018f34   0x0000000c   Data   RW         1275    .data               uart2.o
    0x0040066c   0x00018f40   0x00000001   Data   RW         1762    .data               app_task.o
    0x0040066d   0x00018f41   0x00000002   Data   RW         1877    .data               app_tuya_service.o
    0x0040066f   0x00018f43   0x00000001   PAD
    0x00400670   0x00018f44   0x00000002   Data   RW         1941    .data               app_tuya.o
    0x00400672   0x00018f46   0x00000008   Data   RW         1987    .data               app_tuya_ota.o
    0x0040067a   0x00018f4e   0x00000002   PAD
    0x0040067c   0x00018f50   0x0000000c   Data   RW         2127    .data               tuya_ble_aes.o
    0x00400688   0x00018f5c   0x00000009   Data   RW         2233    .data               tuya_ble_api.o
    0x00400691   0x00018f65   0x00000003   PAD
    0x00400694   0x00018f68   0x0000002c   Data   RW         2423    .data               tuya_ble_data_handler.o
    0x004006c0   0x00018f94   0x00000008   Data   RW         2643    .data               tuya_ble_main.o
    0x004006c8   0x00018f9c   0x00000001   Data   RW         2799    .data               tuya_ble_mutli_tsf_protocol.o
    0x004006c9   0x00018f9d   0x00000002   Data   RW         3267    .data               tuya_ble_app_production_test.o
    0x004006cb   0x00018f9f   0x00000001   Data   RW         3433    .data               tuya_ble_gatt_send_queue.o
    0x004006cc   0x00018fa0   0x00000004   Data   RW         3832    .data               mc_5.l(errno.o)


    Execution Region RAM_BSS (Exec base: 0x004006d0, Load base: 0x00018fa4, Size: 0x00002228, Max: 0xffffffff, ABSOLUTE)

    Exec Addr    Load Addr    Size         Type   Attr      Idx    E Section Name        Object

    0x004006d0        -       0x00000010   Zero   RW           19    .bss                arch_main.o
    0x004006e0        -       0x0000154c   Zero   RW          515    .bss                rwip.o
    0x00401c2c        -       0x0000000c   Zero   RW          516    .bss                rwip.o
    0x00401c38        -       0x0000000c   Zero   RW          699    .bss                flash.o
    0x00401c44        -       0x00000014   Zero   RW          991    .bss                pwm.o
    0x00401c58        -       0x000000d4   Zero   RW         1138    .bss                uart.o
    0x00401d2c        -       0x00000054   Zero   RW         1274    .bss                uart2.o
    0x00401d80        -       0x00000024   Zero   RW         1381    .bss                rf_xvr.o
    0x00401da4        -       0x00000030   Zero   RW         1594    .bss                prf.o
    0x00401dd4        -       0x00000028   Zero   RW         1669    .bss                app.o
    0x00401dfc        -       0x00000172   Zero   RW         1938    .bss                app_tuya.o
    0x00401f6e   0x00018fa4   0x00000002   PAD
    0x00401f70        -       0x00000250   Zero   RW         1986    .bss                app_tuya_ota.o
    0x004021c0        -       0x000000b0   Zero   RW         2125    .bss                tuya_ble_aes.o
    0x00402270        -       0x0000012c   Zero   RW         2232    .bss                tuya_ble_api.o
    0x0040239c        -       0x00000064   Zero   RW         2422    .bss                tuya_ble_data_handler.o
    0x00402400        -       0x0000023a   Zero   RW         2641    .bss                tuya_ble_main.o
    0x0040263a   0x00018fa4   0x00000002   PAD
    0x0040263c        -       0x000000ac   Zero   RW         3432    .bss                tuya_ble_gatt_send_queue.o
    0x004026e8        -       0x00000210   Zero   RW         3470    .bss                tuya_ble_sdk_lib_bk3432.lib(tuya_ble_secure.o)


    Execution Region RAM_STACK_UNUSED (Exec base: 0x0040330c, Load base: 0x00018fa4, Size: 0x00000020, Max: 0x00000020, ABSOLUTE)

    Exec Addr    Load Addr    Size         Type   Attr      Idx    E Section Name        Object

    0x0040330c        -       0x00000020   Zero   RW            1    RAM_STACK_UNUSED.bss  anon$$obj.o


    Execution Region RAM_STACK_SVC (Exec base: 0x0040332c, Load base: 0x00018fa4, Size: 0x000006f0, Max: 0x000006f0, ABSOLUTE)

    Exec Addr    Load Addr    Size         Type   Attr      Idx    E Section Name        Object

    0x0040332c        -       0x000006f0   Zero   RW            2    RAM_STACK_SVC.bss   anon$$obj.o


    Execution Region RAM_STACK_IRQ (Exec base: 0x00403a1c, Load base: 0x00018fa4, Size: 0x000002f0, Max: 0x000002f0, ABSOLUTE)

    Exec Addr    Load Addr    Size         Type   Attr      Idx    E Section Name        Object

    0x00403a1c        -       0x000002f0   Zero   RW            3    RAM_STACK_IRQ.bss   anon$$obj.o


    Execution Region RAM_STACK_FIQ (Exec base: 0x00403d0c, Load base: 0x00018fa4, Size: 0x000002f0, Max: 0x000002f0, ABSOLUTE)

    Exec Addr    Load Addr    Size         Type   Attr      Idx    E Section Name        Object

    0x00403d0c        -       0x000002f0   Zero   RW            4    RAM_STACK_FIQ.bss   anon$$obj.o


==============================================================================

Image component sizes


      Code (inc. data)   RO Data    RW Data    ZI Data      Debug   Object Name

       584        160         20          0         40       9258   app.o
      1688        724        339          1          0      15529   app_task.o
       836        546        200          2        370       3475   app_tuya.o
      1158         72          0          8        592       9305   app_tuya_ota.o
       300         98         74          2          0       6881   app_tuya_service.o
      1128        482         46          0         16      91034   arch_main.o
       500         76          0          0          0        440   boot_handlers.o
        92         32          0          0          0        388   boot_vectors.o
        24          0          0          0          0       3903   custom_app_product_test.o
         2          0          0          0          0       1738   custom_app_uart_common_handler.o
        24          4          0          0          0       1119   emi.o
       504         64          0          0         12       7812   flash.o
       264         26          0         44          0       4166   gpio.o
        92         16          0          0          0       1023   icu.o
       256         22          0          0          0     110058   intc.o
       564         30          0          0         48       9176   prf.o
       284         28          0          0         20       6034   pwm.o
       966        232          0          0         36     113498   rf_xvr.o
       262          4          0          0          0     109231   rwble.o
        56          0          0          0          0       2133   rwble_hl.o
       172         24          0          0       5464       6391   rwip.o
         2          0          0          0          0        489   timer.o
      2036         84        767         12        176      12077   tuya_ble_aes.o
       876         42          0          9        300      25687   tuya_ble_api.o
      1960        422         84          2          0      10726   tuya_ble_app_production_test.o
        16          0          0          0          0       1803   tuya_ble_app_uart_common_handler.o
      2852        178          0         44        100      18931   tuya_ble_data_handler.o
      1218         56          0          0          0      12842   tuya_ble_event_handler.o
       284         34          0          1        172       3631   tuya_ble_gatt_send_queue.o
       710        150         58          8        570       7155   tuya_ble_main.o
      2554        266          0          0          0       8739   tuya_ble_md5.o
       782          4          0          1          0       8676   tuya_ble_mutli_tsf_protocol.o
       416         36          0          0          0      16185   tuya_ble_port.o
       212          0          0          0          0       4996   tuya_ble_queue.o
       902         34          0          0          0       8170   tuya_ble_storage.o
       208         14         12          0          0       3204   tuya_ble_unix_time.o
       448         14          4          0          0       5612   tuya_ble_utils.o
       440         16         64          0          0      15008   tuya_service.o
       520         24         48          0          0      11623   tuya_service_task.o
       790        232          0         16        212      17010   uart.o
       332         58          0         12         84      10746   uart2.o
       120         26          0          2          0       1925   wdt.o

    ----------------------------------------------------------------------
     27532       4350       1720        172      11528     717827   Object Totals
        48         20          0          0       3312          0   (incl. Generated)
        50          0          4          8          4          0   (incl. Padding)

    ----------------------------------------------------------------------

      Code (inc. data)   RO Data    RW Data    ZI Data      Debug   Library Member Name

       138          0          0          0          0         80   __strtoll.o
        30          0          0          0          0         60   _chval.o
       216          0          0          0          0         84   _strtoull.o
        26          0          0          0          0         72   atoll.o
         8          4        133          0          0         60   ctype_o.o
         8          4          0          4          0         60   errno.o
         0          0          0          0          0          0   iusefp.o
       126          0          0          0          0         84   llmul.o
        32          0          0          0          0         68   llshl.o
        38          0          0          0          0         68   llsshr.o
        34          0          0          0          0         68   llushr.o
      2314         98          0          0          0        544   printfa.o
        14          0          0          0          0         60   strlen.o
        96          0          0          0          0         84   uldiv.o
        40          2          0          0          0         68   cdrcmple.o
       356          4          0          0          0        140   dadd.o
       240          6          0          0          0         84   ddiv.o
       190          0          0          0          0        156   depilogue.o
        64         10          0          0          0         68   dfixul.o
       208          6          0          0          0         88   dmul.o
      1864         24          0          0        528      25330   tuya_ble_secure.o

    ----------------------------------------------------------------------
      6048        158        136          4        528      27326   Library Totals
         6          0          3          0          0          0   (incl. Padding)

    ----------------------------------------------------------------------

      Code (inc. data)   RO Data    RW Data    ZI Data      Debug   Library Name

      3080        106        133          4          0       1392   mc_5.l
      1098         28          0          0          0        604   mf_5.l
      1864         24          0          0        528      25330   tuya_ble_sdk_lib_bk3432.lib

    ----------------------------------------------------------------------
      6048        158        136          4        528      27326   Library Totals

    ----------------------------------------------------------------------

==============================================================================


      Code (inc. data)   RO Data    RW Data    ZI Data      Debug   

     33580       4508       1856        176      12056     730905   Grand Totals
     33580       4508       1856        176      12056     730905   ELF Image Totals
     33580       4508       1856        176          0          0   ROM Totals

==============================================================================

    Total RO  Size (Code + RO Data)                35436 (  34.61kB)
    Total RW  Size (RW Data + ZI Data)             12232 (  11.95kB)
    Total ROM Size (Code + RO Data + RW Data)      35612 (  34.78kB)

==============================================================================

