Component: ARM Compiler 5.06 update 7 (build 960) Tool: armlink [4d3601]

==============================================================================

Section Cross References

    bim_app.o(.text) refers to bim_flash.o(.text) for bim_flash_init
    bim_app.o(.text) refers to bim_uart.o(.text) for bim_uart_init
    bim_app.o(.text) refers to bim_app.o(i.__ARM_common_enable_irq) for __ARM_common_enable_irq
    bim_app.o(.text) refers to bim_app.o(i.__ARM_common_disable_irq) for __ARM_common_disable_irq
    bim_app.o(.text) refers to bim_updataimage.o(.text) for bim_select_sec
    bim_app.o(.text) refers to bim_app.o(.bss) for .bss
    bim_app.o(.text) refers to bim_app.o(.data) for .data
    bim_app.o(.text) refers to bim_uart.o(.data) for uart_buff_write
    bim_app.o(.text) refers to bim_uart.o(.bss) for bim_uart_rx_buf
    bim_intc.o(.text) refers to bim_flash.o(.text) for bim_wdt_enable
    bim_intc.o(.text) refers to bim_uart.o(.text) for bim_uart_isr
    bim_uart.o(.text) refers to bim_flash.o(.text) for bim_wdt_enable
    bim_uart.o(.text) refers to uidiv.o(.text) for __aeabi_uidivmod
    bim_uart.o(.text) refers to bim_app.o(.text) for bim_icu_init
    bim_uart.o(.text) refers to bim_uart.o(i.__ARM_common_switch8) for __ARM_common_switch8
    bim_uart.o(.text) refers to bim_uart.o(.data) for .data
    bim_uart.o(.text) refers to bim_uart.o(.bss) for .bss
    bim_vectors.o(SYS_BOOT) refers to bim_handlers.o(SYS_BOOT) for sys_Reset
    bim_vectors.o(SYS_BOOT) refers to bim_intc.o(.text) for Undefined_Exception
    bim_vectors.o(SYS_BOOT) refers to bim_intc.o(.text) for Irq_Exception
    bim_handlers.o(SYS_BOOT) refers to bim_app.o(.text) for bim_main
    bim_flash.o(.text) refers to memcpya.o(.text) for __aeabi_memcpy
    bim_flash.o(.text) refers to bim_flash.o(.bss) for .bss
    bim_updataimage.o(.text) refers to bim_flash.o(.text) for bim_flash_read
    bim_updataimage.o(.text) refers to bim_uart.o(.text) for make_crc32_table
    bim_updataimage.o(.text) refers to bim_updataimage.o(.bss) for .bss


==============================================================================

Adding Veneers to the image

    Adding AT veneer (8 bytes, Long) for call to 'SoftwareInterrupt_Exception' from bim_vectors.o(SYS_BOOT).
    Adding AT veneer (8 bytes, Long) for call to 'PrefetchAbort_Exception' from bim_vectors.o(SYS_BOOT).
    Adding AT veneer (8 bytes, Long) for call to 'DataAbort_Exception' from bim_vectors.o(SYS_BOOT).
    Adding AT veneer (8 bytes, Long) for call to 'Reserved_Exception' from bim_vectors.o(SYS_BOOT).
    Adding AT veneer (8 bytes, Inline) for call to 'bim_main' from bim_handlers.o(SYS_BOOT).
    Adding AT veneer (8 bytes, Inline) for call to 'Undefined_Exception' from bim_vectors.o(SYS_BOOT).
    Adding AT veneer (8 bytes, Inline) for call to 'bim_uart_isr' from bim_intc.o(.text).

7 Veneer(s) (total 56 bytes) added to the image.

==============================================================================

Image Symbol Table

    Local Symbols

    Symbol Name                              Value     Ov Type        Size  Object(Section)

    SYS_BOOT                                 0x00000000   Section      116  bim_vectors.o(SYS_BOOT)
    ../clib/microlib/division.c              0x00000000   Number         0  uidiv.o ABSOLUTE
    ../clib/microlib/string/memcpy.c         0x00000000   Number         0  memcpya.o ABSOLUTE
    ../clib/microlib/string/memcpy.c         0x00000000   Number         0  memcpyb.o ABSOLUTE
    app\bim_app.c                            0x00000000   Number         0  bim_app.o ABSOLUTE
    app\bim_flash.c                          0x00000000   Number         0  bim_flash.o ABSOLUTE
    app\bim_handlers.s                       0x00000000   Number         0  bim_handlers.o ABSOLUTE
    app\bim_intc.c                           0x00000000   Number         0  bim_intc.o ABSOLUTE
    app\bim_uart.c                           0x00000000   Number         0  bim_uart.o ABSOLUTE
    app\bim_updataImage.c                    0x00000000   Number         0  bim_updataimage.o ABSOLUTE
    app\bim_vectors.s                        0x00000000   Number         0  bim_vectors.o ABSOLUTE
    dc.s                                     0x00000000   Number         0  dc.o ABSOLUTE
    Undefined                                0x00000040   ARM Code       0  bim_vectors.o(SYS_BOOT)
    SoftwareInterrupt                        0x00000044   ARM Code       0  bim_vectors.o(SYS_BOOT)
    PrefetchAbort                            0x00000048   ARM Code       0  bim_vectors.o(SYS_BOOT)
    DataAbort                                0x0000004c   ARM Code       0  bim_vectors.o(SYS_BOOT)
    IRQ_Handler                              0x00000050   ARM Code       0  bim_vectors.o(SYS_BOOT)
    FIQ_Handler                              0x0000006c   ARM Code       0  bim_vectors.o(SYS_BOOT)
    sys_reserved                             0x00000070   ARM Code       0  bim_vectors.o(SYS_BOOT)
    SYS_BOOT                                 0x00000074   Section      500  bim_handlers.o(SYS_BOOT)
    .text                                    0x00000290   Section        0  bim_app.o(.text)
    .text                                    0x000003d0   Section        0  bim_intc.o(.text)
    .text                                    0x000003f8   Section        0  bim_intc.o(.text)
    .text                                    0x00000420   Section        0  bim_uart.o(.text)
    .text                                    0x000009e4   Section        0  bim_flash.o(.text)
    bim_flash_unlock                         0x00000bb9   Thumb Code    12  bim_flash.o(.text)
    bim_flash_writeKey                       0x00000bc5   Thumb Code    12  bim_flash.o(.text)
    bim_flash_clearKey                       0x00000bd1   Thumb Code    10  bim_flash.o(.text)
    bim_flash_start                          0x00000bdb   Thumb Code    12  bim_flash.o(.text)
    bim_flash_status                         0x00000be7   Thumb Code    10  bim_flash.o(.text)
    .text                                    0x00000c04   Section        0  bim_updataimage.o(.text)
    .text                                    0x00000eec   Section        0  uidiv.o(.text)
    .text                                    0x00000f18   Section        0  memcpya.o(.text)
    i.__ARM_common_disable_irq               0x00000f3c   Section        0  bim_app.o(i.__ARM_common_disable_irq)
    i.__ARM_common_enable_irq                0x00000f50   Section        0  bim_app.o(i.__ARM_common_enable_irq)
    i.__ARM_common_switch8                   0x00000f60   Section        0  bim_uart.o(i.__ARM_common_switch8)
    [Anonymous Symbol]                       0x00010700   ARM Code       0  bim_vectors.o ABSOLUTE
    [Anonymous Symbol]                       0x00010720   ARM Code       0  bim_vectors.o ABSOLUTE
    .data                                    0x00400020   Section       12  bim_app.o(.data)
    bim_uart_temp                            0x00400020   Data           2  bim_app.o(.data)
    uart_buff_read                           0x00400022   Data           2  bim_app.o(.data)
    rom_ver                                  0x00400024   Data           2  bim_app.o(.data)
    check_cnt                                0x00400028   Data           4  bim_app.o(.data)
    .data                                    0x0040002c   Section       24  bim_uart.o(.data)
    cmd_status                               0x0040002d   Data           1  bim_uart.o(.data)
    index                                    0x00400030   Data           2  bim_uart.o(.data)
    index_cnt                                0x00400032   Data           2  bim_uart.o(.data)
    length                                   0x00400034   Data           2  bim_uart.o(.data)
    scmd_length                              0x00400036   Data           2  bim_uart.o(.data)
    write_addr                               0x0040003c   Data           4  bim_uart.o(.data)
    read_addr                                0x00400040   Data           4  bim_uart.o(.data)
    .bss                                     0x00400044   Section       16  bim_app.o(.bss)
    read_buf                                 0x00400044   Data          16  bim_app.o(.bss)
    .bss                                     0x00400054   Section    13596  bim_uart.o(.bss)
    read_buff                                0x00400054   Data         256  bim_uart.o(.bss)
    .bss                                     0x00403570   Section       12  bim_flash.o(.bss)
    bim_flash_env                            0x00403570   Data          12  bim_flash.o(.bss)
    .bss                                     0x0040357c   Section       32  bim_updataimage.o(.bss)

    Global Symbols

    Symbol Name                              Value     Ov Type        Size  Object(Section)

    BuildAttributes$$THM_ISAv2$ARM_ISAv5$E$P$S$PE$A:L22$X:L11$S22$IEEE1$IW$USESV6$~STKCKD$USESV7$~SHL$OSPACE$EBA8$MICROLIB$REQ8$PRES8$EABIv2 0x00000000   Number         0  anon$$obj.o ABSOLUTE
    Image$$RAM_BSS$$Length                   0x00000000   Number         0  anon$$obj.o ABSOLUTE
    vectors                                  0x00000000   ARM Code       0  bim_vectors.o(SYS_BOOT)
    Image$$RAM_DATA$$Length                  0x00000024   Number         0  anon$$obj.o ABSOLUTE
    boot_stack_base_UNUSED                   0x0000007c   Data           4  bim_handlers.o(SYS_BOOT)
    boot_stack_len_UNUSED                    0x00000080   Data           4  bim_handlers.o(SYS_BOOT)
    boot_stack_base_IRQ                      0x00000084   Data           4  bim_handlers.o(SYS_BOOT)
    boot_stack_len_IRQ                       0x00000088   Data           4  bim_handlers.o(SYS_BOOT)
    boot_stack_base_SVC                      0x0000008c   Data           4  bim_handlers.o(SYS_BOOT)
    boot_stack_len_SVC                       0x00000090   Data           4  bim_handlers.o(SYS_BOOT)
    boot_stack_base_FIQ                      0x00000094   Data           4  bim_handlers.o(SYS_BOOT)
    boot_stack_len_FIQ                       0x00000098   Data           4  bim_handlers.o(SYS_BOOT)
    sys_Reset                                0x0000009c   ARM Code       0  bim_handlers.o(SYS_BOOT)
    Image$$RAM_STACK_FIQ$$ZI$$Length         0x000001f0   Number         0  anon$$obj.o ABSOLUTE
    Image$$RAM_STACK_IRQ$$ZI$$Length         0x000001f0   Number         0  anon$$obj.o ABSOLUTE
    Image$$RAM_STACK_UNUSED$$ZI$$Length      0x00000200   Number         0  anon$$obj.o ABSOLUTE
    Long ARM to Thumb Veneer to SoftwareInterrupt_Exception 0x00000268   ARM Code       8  anon$$obj.o(Veneer$$Code)
    Long ARM to Thumb Veneer to PrefetchAbort_Exception 0x00000270   ARM Code       8  anon$$obj.o(Veneer$$Code)
    Long ARM to Thumb Veneer to DataAbort_Exception 0x00000278   ARM Code       8  anon$$obj.o(Veneer$$Code)
    Long ARM to Thumb Veneer to Reserved_Exception 0x00000280   ARM Code       8  anon$$obj.o(Veneer$$Code)
    Inline ARM to Thumb Veneer to bim_main   0x00000288   ARM Code       8  bim_app.o(.text)
    updata_memset32                          0x00000291   Thumb Code    14  bim_app.o(.text)
    bim_icu_init                             0x0000029f   Thumb Code    56  bim_app.o(.text)
    bim_main                                 0x000002d7   Thumb Code   198  bim_app.o(.text)
    Image$$RAM_STACK_SVC$$ZI$$Length         0x000002f0   Number         0  anon$$obj.o ABSOLUTE
    Inline ARM to Thumb Veneer to Undefined_Exception 0x000003c8   ARM Code       8  bim_intc.o(.text)
    Undefined_Exception                      0x000003d1   Thumb Code     8  bim_intc.o(.text)
    SoftwareInterrupt_Exception              0x000003d9   Thumb Code     8  bim_intc.o(.text)
    PrefetchAbort_Exception                  0x000003e1   Thumb Code     8  bim_intc.o(.text)
    DataAbort_Exception                      0x000003e9   Thumb Code     8  bim_intc.o(.text)
    Reserved_Exception                       0x000003f1   Thumb Code     8  bim_intc.o(.text)
    Irq_Exception                            0x000003f8   ARM Code      32  bim_intc.o(.text)
    Inline ARM to Thumb Veneer to bim_uart_isr 0x00000418   ARM Code       8  bim_uart.o(.text)
    bim_uart_printf_null                     0x00000421   Thumb Code     4  bim_uart.o(.text)
    uart_send                                0x00000425   Thumb Code    22  bim_uart.o(.text)
    bim_uart_write                           0x0000043b   Thumb Code     2  bim_uart.o(.text)
    bim_printf                               0x0000043d   Thumb Code     2  bim_uart.o(.text)
    bim_uart_init                            0x0000043f   Thumb Code    70  bim_uart.o(.text)
    bim_uart_deinit                          0x00000485   Thumb Code    26  bim_uart.o(.text)
    bim_uart_isr                             0x0000049f   Thumb Code    54  bim_uart.o(.text)
    operate_flash_cmd_response               0x000004d5   Thumb Code    92  bim_uart.o(.text)
    cmd_response                             0x00000531   Thumb Code    66  bim_uart.o(.text)
    bim_delay_ms                             0x00000573   Thumb Code    36  bim_uart.o(.text)
    make_crc32                               0x00000597   Thumb Code    28  bim_uart.o(.text)
    make_crc32_table                         0x000005b3   Thumb Code    44  bim_uart.o(.text)
    uart_cmd_dispath                         0x000005df   Thumb Code   298  bim_uart.o(.text)
    bim_uart_data_callback                   0x00000709   Thumb Code   714  bim_uart.o(.text)
    bim_flash_init                           0x000009e5   Thumb Code    24  bim_flash.o(.text)
    bim_flash_readword                       0x000009fd   Thumb Code    50  bim_flash.o(.text)
    bim_flash_writeword                      0x00000a2f   Thumb Code    50  bim_flash.o(.text)
    bim_flash_erase_sector                   0x00000a61   Thumb Code    48  bim_flash.o(.text)
    bim_flash_erase                          0x00000a91   Thumb Code    32  bim_flash.o(.text)
    bim_flash_write                          0x00000ab1   Thumb Code   110  bim_flash.o(.text)
    bim_flash_read                           0x00000b1f   Thumb Code   102  bim_flash.o(.text)
    bim_wdt_disable                          0x00000b85   Thumb Code    22  bim_flash.o(.text)
    bim_wdt_enable                           0x00000b9b   Thumb Code    30  bim_flash.o(.text)
    bim_get_psec_image_header                0x00000c05   Thumb Code    32  bim_updataimage.o(.text)
    bim_get_psec_backup_header               0x00000c25   Thumb Code    20  bim_updataimage.o(.text)
    calc_image_sec_crc                       0x00000c39   Thumb Code    92  bim_updataimage.o(.text)
    calc_backup_sec_crc                      0x00000c95   Thumb Code    82  bim_updataimage.o(.text)
    bim_check_image_sec_status               0x00000ce7   Thumb Code   188  bim_updataimage.o(.text)
    bim_check_backup_sec_status              0x00000da3   Thumb Code    96  bim_updataimage.o(.text)
    bim_erase_image_sec                      0x00000e03   Thumb Code    44  bim_updataimage.o(.text)
    bim_erase_backup_sec                     0x00000e2f   Thumb Code    34  bim_updataimage.o(.text)
    bim_updata_backup_to_image_sec           0x00000e51   Thumb Code    60  bim_updataimage.o(.text)
    bim_select_sec                           0x00000e8d   Thumb Code    68  bim_updataimage.o(.text)
    __aeabi_uidiv                            0x00000eed   Thumb Code     0  uidiv.o(.text)
    __aeabi_uidivmod                         0x00000eed   Thumb Code    44  uidiv.o(.text)
    __aeabi_memcpy                           0x00000f19   Thumb Code    36  memcpya.o(.text)
    __aeabi_memcpy4                          0x00000f19   Thumb Code     0  memcpya.o(.text)
    __aeabi_memcpy8                          0x00000f19   Thumb Code     0  memcpya.o(.text)
    __ARM_common_disable_irq                 0x00000f3c   ARM Code      20  bim_app.o(i.__ARM_common_disable_irq)
    __ARM_common_enable_irq                  0x00000f50   ARM Code      16  bim_app.o(i.__ARM_common_enable_irq)
    __ARM_common_switch8                     0x00000f60   ARM Code      24  bim_uart.o(i.__ARM_common_switch8)
    Load$$RAM_DATA$$Base                     0x00000f78   Number         0  anon$$obj.o ABSOLUTE
    Image$$RAM_BSS$$ZI$$Length               0x00003558   Number         0  anon$$obj.o ABSOLUTE
    Image$$RAM_DATA$$Base                    0x00400020   Number         0  anon$$obj.o ABSOLUTE
    uart_download_status                     0x0040002c   Data           1  bim_uart.o(.data)
    erase_fenable                            0x0040002e   Data           1  bim_uart.o(.data)
    uart_buff_write                          0x00400038   Data           2  bim_uart.o(.data)
    Image$$RAM_BSS$$Base                     0x00400044   Number         0  anon$$obj.o ABSOLUTE
    bim_uart_rx_buf                          0x00400154   Data        8196  bim_uart.o(.bss)
    bim_uart_cmd                             0x00402158   Data          16  bim_uart.o(.bss)
    bim_uart_data                            0x00402168   Data        4104  bim_uart.o(.bss)
    crc32_table                              0x00403170   Data        1024  bim_uart.o(.bss)
    hdr_img                                  0x0040357c   Data          16  bim_updataimage.o(.bss)
    hdr_back                                 0x0040358c   Data          16  bim_updataimage.o(.bss)
    Image$$RAM_STACK_UNUSED$$Base            0x0040372c   Number         0  anon$$obj.o ABSOLUTE
    Image$$RAM_STACK_SVC$$Base               0x0040392c   Number         0  anon$$obj.o ABSOLUTE
    Image$$RAM_STACK_IRQ$$Base               0x00403c1c   Number         0  anon$$obj.o ABSOLUTE
    Image$$RAM_STACK_FIQ$$Base               0x00403e0c   Number         0  anon$$obj.o ABSOLUTE



==============================================================================

Memory Map of the image

  Image Entry point : 0x0000009c

  Load Region SECTIONS (Base: 0x00000000, Size: 0x00000f9c, Max: 0xffffffff, ABSOLUTE)

    Execution Region ROM_SYS (Exec base: 0x00000000, Load base: 0x00000000, Size: 0x00000288, Max: 0xffffffff, ABSOLUTE)

    Exec Addr    Load Addr    Size         Type   Attr      Idx    E Section Name        Object

    0x00000000   0x00000000   0x00000074   Code   RO          113  * SYS_BOOT            bim_vectors.o
    0x00000074   0x00000074   0x000001f4   Code   RO          117  * SYS_BOOT            bim_handlers.o
    0x00000268   0x00000268   0x00000008   Ven    RO          162    Veneer$$Code        anon$$obj.o
    0x00000270   0x00000270   0x00000008   Ven    RO          163    Veneer$$Code        anon$$obj.o
    0x00000278   0x00000278   0x00000008   Ven    RO          164    Veneer$$Code        anon$$obj.o
    0x00000280   0x00000280   0x00000008   Ven    RO          165    Veneer$$Code        anon$$obj.o


    Execution Region ROM (Exec base: 0x00000288, Load base: 0x00000288, Size: 0x00000cf0, Max: 0xffffffff, ABSOLUTE)

    Exec Addr    Load Addr    Size         Type   Attr      Idx    E Section Name        Object

    0x00000288   0x00000288   0x00000008   Ven    RO            6    .text               bim_app.o
    0x00000290   0x00000290   0x00000138   Code   RO            6    .text               bim_app.o
    0x000003c8   0x000003c8   0x00000008   Ven    RO           48    .text               bim_intc.o
    0x000003d0   0x000003d0   0x00000028   Code   RO           48    .text               bim_intc.o
    0x000003f8   0x000003f8   0x00000020   Code   RO           49    .text               bim_intc.o
    0x00000418   0x00000418   0x00000008   Ven    RO           75    .text               bim_uart.o
    0x00000420   0x00000420   0x000005c4   Code   RO           75    .text               bim_uart.o
    0x000009e4   0x000009e4   0x00000220   Code   RO          120    .text               bim_flash.o
    0x00000c04   0x00000c04   0x000002e8   Code   RO          134    .text               bim_updataimage.o
    0x00000eec   0x00000eec   0x0000002c   Code   RO          152    .text               mc_5.l(uidiv.o)
    0x00000f18   0x00000f18   0x00000024   Code   RO          154    .text               mc_5.l(memcpya.o)
    0x00000f3c   0x00000f3c   0x00000014   Code   RO           18    i.__ARM_common_disable_irq  bim_app.o
    0x00000f50   0x00000f50   0x00000010   Code   RO           20    i.__ARM_common_enable_irq  bim_app.o
    0x00000f60   0x00000f60   0x00000018   Code   RO           88    i.__ARM_common_switch8  bim_uart.o


    Execution Region PEND_FOR_FLASH (Exec base: 0x00400000, Load base: 0x00000f78, Size: 0x00000020, Max: 0x00000020, ABSOLUTE)

    Exec Addr    Load Addr    Size         Type   Attr      Idx    E Section Name        Object

    0x00400000        -       0x00000020   Zero   RW            1    PEND_FOR_FLASH.bss  anon$$obj.o


    Execution Region RAM_DATA (Exec base: 0x00400020, Load base: 0x00000f78, Size: 0x00000024, Max: 0xffffffff, ABSOLUTE)

    Exec Addr    Load Addr    Size         Type   Attr      Idx    E Section Name        Object

    0x00400020   0x00000f78   0x0000000c   Data   RW            8    .data               bim_app.o
    0x0040002c   0x00000f84   0x00000018   Data   RW           77    .data               bim_uart.o


    Execution Region RAM_BSS (Exec base: 0x00400044, Load base: 0x00000f9c, Size: 0x00003558, Max: 0xffffffff, ABSOLUTE)

    Exec Addr    Load Addr    Size         Type   Attr      Idx    E Section Name        Object

    0x00400044        -       0x00000010   Zero   RW            7    .bss                bim_app.o
    0x00400054        -       0x0000351c   Zero   RW           76    .bss                bim_uart.o
    0x00403570        -       0x0000000c   Zero   RW          121    .bss                bim_flash.o
    0x0040357c        -       0x00000020   Zero   RW          135    .bss                bim_updataimage.o


    Execution Region RAM_STACK_UNUSED (Exec base: 0x0040372c, Load base: 0x00000f9c, Size: 0x00000200, Max: 0x00000200, ABSOLUTE)

    Exec Addr    Load Addr    Size         Type   Attr      Idx    E Section Name        Object

    0x0040372c        -       0x00000200   Zero   RW            2    RAM_STACK_UNUSED.bss  anon$$obj.o


    Execution Region RAM_STACK_SVC (Exec base: 0x0040392c, Load base: 0x00000f9c, Size: 0x000002f0, Max: 0x000002f0, ABSOLUTE)

    Exec Addr    Load Addr    Size         Type   Attr      Idx    E Section Name        Object

    0x0040392c        -       0x000002f0   Zero   RW            3    RAM_STACK_SVC.bss   anon$$obj.o


    Execution Region RAM_STACK_IRQ (Exec base: 0x00403c1c, Load base: 0x00000f9c, Size: 0x000001f0, Max: 0x000001f0, ABSOLUTE)

    Exec Addr    Load Addr    Size         Type   Attr      Idx    E Section Name        Object

    0x00403c1c        -       0x000001f0   Zero   RW            4    RAM_STACK_IRQ.bss   anon$$obj.o


    Execution Region RAM_STACK_FIQ (Exec base: 0x00403e0c, Load base: 0x00000f9c, Size: 0x000001f0, Max: 0x000001f0, ABSOLUTE)

    Exec Addr    Load Addr    Size         Type   Attr      Idx    E Section Name        Object

    0x00403e0c        -       0x000001f0   Zero   RW            5    RAM_STACK_FIQ.bss   anon$$obj.o


==============================================================================

Image component sizes


      Code (inc. data)   RO Data    RW Data    ZI Data      Debug   Object Name

       348         44          0         12         16       7915   bim_app.o
       544         20          0          0         12       4281   bim_flash.o
       500         76          0          0          0        328   bim_handlers.o
        72          0          0          0          0       1437   bim_intc.o
      1500         90          0         24      13596       7561   bim_uart.o
       744         28          0          0         32       4249   bim_updataimage.o
       116         32          0          0          0        348   bim_vectors.o

    ----------------------------------------------------------------------
      3880        306          0         36      15944      26119   Object Totals
        56         16          0          0       2288          0   (incl. Generated)
         0          0          0          0          0          0   (incl. Padding)

    ----------------------------------------------------------------------

      Code (inc. data)   RO Data    RW Data    ZI Data      Debug   Library Member Name

        36          0          0          0          0         60   memcpya.o
        44          0          0          0          0         72   uidiv.o

    ----------------------------------------------------------------------
        80          0          0          0          0        132   Library Totals
         0          0          0          0          0          0   (incl. Padding)

    ----------------------------------------------------------------------

      Code (inc. data)   RO Data    RW Data    ZI Data      Debug   Library Name

        80          0          0          0          0        132   mc_5.l

    ----------------------------------------------------------------------
        80          0          0          0          0        132   Library Totals

    ----------------------------------------------------------------------

==============================================================================


      Code (inc. data)   RO Data    RW Data    ZI Data      Debug   

      3960        306          0         36      15944      25751   Grand Totals
      3960        306          0         36      15944      25751   ELF Image Totals
      3960        306          0         36          0          0   ROM Totals

==============================================================================

    Total RO  Size (Code + RO Data)                 3960 (   3.87kB)
    Total RW  Size (RW Data + ZI Data)             15980 (  15.61kB)
    Total ROM Size (Code + RO Data + RW Data)       3996 (   3.90kB)

==============================================================================

